
> data-governance-platform@0.1.0 test
> node --experimental-vm-modules node_modules/jest/bin/jest.js --coverage --passWithNoTests

node.exe : (node:72036) ExperimentalWarning: VM Modules is an experimental feature and might change at any time
At line:1 char:1
+ & "C:\Program Files\nodejs/node.exe" "C:\Program Files\nodejs/node_mo ...
+ ~~~~~~~~~~~~~~~~~~~~~~~~~~~~~~~~~~~~~~~~~~~~~~~~~~~~~~~~~~~~~~~~~~~~~
    + CategoryInfo          : NotSpecified: ((node:72036) Ex...nge at any time:String) [], RemoteException
    + FullyQualifiedErrorId : NativeCommandError
 
(Use `node --trace-warnings ...` to show where the warning was created)
PASS tests/unit/permissions.test.js
  Permission Service
    Role Management
      ΓêÜ should get all available roles (6 ms)
      ΓêÜ should get role details
      ΓêÜ should return null for invalid role
    Permission Assignment
      ΓêÜ should assign permission to user for database
      ΓêÜ should throw error for invalid role (4 ms)
      ΓêÜ should update permission when reassigning
    Permission Checks
      ΓêÜ should grant all permissions to Admin (1 ms)
      ΓêÜ should grant read and analytics to Analyst
      ΓêÜ should grant only read to Viewer
      ΓêÜ should deny access for user without permission
    Permission Revocation
      ΓêÜ should revoke permission
      ΓêÜ should handle revoking non-existent permission (1 ms)
    Permission Queries
      ΓêÜ should get all permissions for a user (1 ms)
      ΓêÜ should get all permissions for a database (1 ms)
      ΓêÜ should return empty object for user with no permissions

(node:65456) ExperimentalWarning: VM Modules is an experimental feature and might change at any time
(Use `node --trace-warnings ...` to show where the warning was created)
PASS tests/unit/markdown.test.js
  Markdown Service
    Plain Text Extraction
      ΓêÜ should remove markdown headers (7 ms)
      ΓêÜ should remove bold markdown
      ΓêÜ should remove links (1 ms)
      ΓêÜ should remove inline code
      ΓêÜ should limit text to 500 characters
    Metadata Validation
      ΓêÜ should validate correct metadata (1 ms)
      ΓêÜ should fail on missing name
      ΓêÜ should fail on missing database (1 ms)
      ΓêÜ should fail on missing type
      ΓêÜ should fail on invalid type
      ΓêÜ should fail on invalid sensitivity
      ΓêÜ should fail if tags is not array
      ΓêÜ should fail if depends_on is not array
      ΓêÜ should accept valid types (1 ms)
      ΓêÜ should accept valid sensitivities
    Object ID Generation
      ΓêÜ should generate correct object ID
    Metadata Structure
      ΓêÜ should include required fields in parsed metadata (1 ms)

(node:66448) ExperimentalWarning: VM Modules is an experimental feature and might change at any time
(Use `node --trace-warnings ...` to show where the warning was created)
PASS tests/unit/ttl-cache.test.js
  utils/ttlCache
    ΓêÜ returns cached values before TTL and null after expiration (7 ms)
    ΓêÜ evicts oldest entries when max size is exceeded
    ΓêÜ clear removes all entries (1 ms)

(node:73464) ExperimentalWarning: VM Modules is an experimental feature and might change at any time
(Use `node --trace-warnings ...` to show where the warning was created)
PASS tests/unit/trust-service.test.js
  trustService
    ΓêÜ computes high trust score and derives gold level (8 ms)
    ΓêÜ respects explicit trust level override from asset (1 ms)
    ΓêÜ computes low trust score and unrated level for sparse asset
    ΓêÜ computes trust for all assets in map
    ΓêÜ returns top trusted assets sorted and respects limit

(node:71020) ExperimentalWarning: VM Modules is an experimental feature and might change at any time
(Use `node --trace-warnings ...` to show where the warning was created)
PASS tests/unit/dashboard.test.js
  Phase 5 - Admin Dashboard
    Dashboard Service - User Management Data
      ΓêÜ DASH-001: Should get user management data (7 ms)
      ΓêÜ DASH-002: Should include role breakdown (1 ms)
      ΓêÜ DASH-003: Should calculate total audit events
      ΓêÜ DASH-004: Should include user array with required fields (1 ms)
      ΓêÜ DASH-005: Should filter active/inactive users correctly
    Dashboard Service - Permission Matrix Data
      ΓêÜ DASH-006: Should get permission matrix data (1 ms)
      ΓêÜ DASH-007: Should include all required permissions (1 ms)
      ΓêÜ DASH-008: Should have matching user count
      ΓêÜ DASH-009: Should include user identifiers in matrix
      ΓêÜ DASH-010: Should enforce permission levels by role
    Dashboard Service - Audit Log Data
      ΓêÜ DASH-011: Should get audit log data with pagination (1 ms)
      ΓêÜ DASH-012: Should include pagination metadata
      ΓêÜ DASH-013: Should support custom page sizes (1 ms)
      ΓêÜ DASH-014: Should include event details with required fields
      ΓêÜ DASH-015: Should include audit summary with statistics
    Dashboard Service - Activity Dashboard Data
      ΓêÜ DASH-016: Should get activity dashboard data (1 ms)
      ΓêÜ DASH-017: Should include activity summary
      ΓêÜ DASH-018: Should provide most viewed objects list
      ΓêÜ DASH-019: Should provide popular searches list
      ΓêÜ DASH-020: Should have activity trend data (1 ms)
    Dashboard Service - Metadata Governance Data
      ΓêÜ DASH-021: Should get metadata governance data
      ΓêÜ DASH-022: Should include statistics (1 ms)
      ΓêÜ DASH-023: Should include data classification breakdown (1 ms)
      ΓêÜ DASH-024: Should include top tags
      ΓêÜ DASH-025: Should have correct sensitivity count for PII (1 ms)
    Dashboard Service - Admin Summary
      ΓêÜ DASH-026: Should get comprehensive admin dashboard summary (2 ms)
      ΓêÜ DASH-027: Should include all dashboard sections
      ΓêÜ DASH-028: Should calculate data quality completeness (1 ms)
      ΓêÜ DASH-029: Should calculate governance score (1 ms)
      ΓêÜ DASH-030: Should have valid timestamp
    Dashboard Service - User Activity Timeline
      ΓêÜ DASH-031: Should get user activity timeline
      ΓêÜ DASH-032: Should include user details in timeline
      ΓêÜ DASH-033: Should include activity summary with action counts
      ΓêÜ DASH-034: Should return null for non-existent user
      ΓêÜ DASH-035: Should support custom activity limit
    Dashboard Service - System Health Metrics
      ΓêÜ DASH-036: Should get system health metrics (1 ms)
      ΓêÜ DASH-037: Should include all metrics
      ΓêÜ DASH-038: Should include memory usage data
      ΓêÜ DASH-039: Should have valid last updated timestamp
      ΓêÜ DASH-040: Should reflect object count correctly
    Dashboard Service - Settings
      ΓêÜ DASH-067: Should get dashboard settings (1 ms)
      ΓêÜ DASH-068: Should update dashboard settings
      ΓêÜ DASH-069: Should ignore unknown settings keys
    Dashboard Component - User Management (Structure)
      ΓêÜ DASH-041: Should have UserManagement component template (1 ms)
      ΓêÜ DASH-042: Should render stats grid for user statistics
      ΓêÜ DASH-043: Should have user table with sorting capabilities
      ΓêÜ DASH-044: Should have search box for user filtering
      ΓêÜ DASH-045: Should have add user button
      ΓêÜ DASH-046: Should display role selection dropdown
      ΓêÜ DASH-047: Should have deactivate/reactivate toggle (1 ms)
      ΓêÜ DASH-048: Should have delete user action
    Dashboard Component - Permission Matrix (Structure)
      ΓêÜ DASH-049: Should have PermissionMatrix component template
      ΓêÜ DASH-050: Should display permission matrix table
      ΓêÜ DASH-051: Should have role legend
      ΓêÜ DASH-052: Should allow inline permission editing
      ΓêÜ DASH-053: Should have bulk grant all button
      ΓêÜ DASH-054: Should have bulk revoke all button
      ΓêÜ DASH-055: Should have export permissions button
      ΓêÜ DASH-056: Should export to CSV format (1 ms)
    Dashboard Component - Audit Log Viewer (Structure)
      ΓêÜ DASH-057: Should have AuditLogViewer component template
      ΓêÜ DASH-058: Should display audit statistics cards
      ΓêÜ DASH-059: Should have user filter input (1 ms)
      ΓêÜ DASH-060: Should have action type filter dropdown
      ΓêÜ DASH-061: Should have date range filter
      ΓêÜ DASH-062: Should display audit events table
      ΓêÜ DASH-063: Should show action badges with styling
      ΓêÜ DASH-064: Should display outcome status
      ΓêÜ DASH-065: Should have pagination controls
      ΓêÜ DASH-066: Should have export to CSV button
    Phase 5 - Integration Tests
      ΓêÜ INTEG-P5-001: Dashboard should aggregate all data sources
      ΓêÜ INTEG-P5-002: Permission matrix should reflect user roles
      ΓêÜ INTEG-P5-003: Audit log should be paginated correctly (1 ms)
      ΓêÜ INTEG-P5-004: Metadata governance should calculate completeness
      ΓêÜ INTEG-P5-005: System health should reflect current state
      ΓêÜ INTEG-P5-006: Dashboard should handle empty audit log
      ΓêÜ INTEG-P5-007: Activity dashboard should load without errors
      ΓêÜ INTEG-P5-008: All dashboard sections should provide data (1 ms)

(node:61668) ExperimentalWarning: VM Modules is an experimental feature and might change at any time
(Use `node --trace-warnings ...` to show where the warning was created)
PASS tests/unit/config.test.js
  utils/config
    ΓêÜ loads defaults in development mode (22 ms)
    ΓêÜ loads overridden environment values in production mode (1 ms)

(node:58988) ExperimentalWarning: VM Modules is an experimental feature and might change at any time
(Use `node --trace-warnings ...` to show where the warning was created)
PASS tests/unit/reporting.test.js
  Phase 6 - Reporting Service
    ΓêÜ REP-001: Exports object catalog as CSV (7 ms)
    ΓêÜ REP-002: Exports object catalog as Excel-compatible text (1 ms)
    ΓêÜ REP-003: Generates dependency report PDF bytes (3 ms)
    ΓêÜ REP-004: Returns null PDF when object is missing
    ΓêÜ REP-005: Exports visualization as SVG (1 ms)
    ΓêÜ REP-006: Exports visualization as PNG (1 ms)
    ΓêÜ REP-007: Creates shareable visualization link
    ΓêÜ REP-008: Resolves valid shared visualization token (1 ms)
    ΓêÜ REP-009: Returns null for invalid shared token
    ΓêÜ REP-010: Schedules and lists report jobs (1 ms)
    ΓêÜ REP-011: Runs scheduled catalog report
    ΓêÜ REP-012: Runs scheduled dependency report
    ΓêÜ REP-013: Returns null when running unknown schedule (1 ms)

(node:70444) ExperimentalWarning: VM Modules is an experimental feature and might change at any time
(Use `node --trace-warnings ...` to show where the warning was created)
PASS tests/unit/lineage.test.js
  Lineage Service
    Graph Building
      ΓêÜ should build lineage graph from objects (10 ms)
      ΓêÜ should create edges for dependencies
      ΓêÜ should handle non-existent dependencies gracefully
    Upstream Dependencies
      ΓêÜ should get upstream dependencies (1 ms)
      ΓêÜ should return empty array for objects with no dependencies
      ΓêÜ should limit depth traversal (1 ms)
    Downstream Dependents
      ΓêÜ should get downstream dependents
      ΓêÜ should return empty array for leaf nodes
      ΓêÜ should limit depth traversal (1 ms)
    Impact Analysis
      ΓêÜ should analyze impact of changes (1 ms)
      ΓêÜ should categorize affected objects by distance
      ΓêÜ should handle leaf node impact analysis (1 ms)
    Circular Dependencies
      ΓêÜ should detect circular dependencies
      ΓêÜ should return empty array when no cycles exist
      ΓêÜ should handle self-referencing objects
    Lineage Statistics
      ΓêÜ should compute lineage statistics
      ΓêÜ should count objects correctly (1 ms)
      ΓêÜ should count dependencies correctly
      ΓêÜ should calculate max dependencies
    Edge Cases
      ΓêÜ should handle empty graph
      ΓêÜ should handle graph with no dependencies (1 ms)
      ΓêÜ should handle very deep dependencies

(node:60508) ExperimentalWarning: VM Modules is an experimental feature and might change at any time
(Use `node --trace-warnings ...` to show where the warning was created)
PASS tests/unit/performance.test.js
  Performance Service
    ΓêÜ PERF-001: Tracks request count and percentile metrics (11 ms)
    ΓêÜ PERF-002: Resets performance metrics
  TTL Cache Utility
    ΓêÜ PERF-003: Stores and retrieves values before expiration (1 ms)
    ΓêÜ PERF-004: Evicts oldest entry when max size is exceeded (1 ms)

(node:53292) ExperimentalWarning: VM Modules is an experimental feature and might change at any time
(Use `node --trace-warnings ...` to show where the warning was created)
PASS tests/unit/admin.test.js
  Phase 4 - Admin Service
    User Management
      ΓêÜ ADMIN-001: Should create new user (9 ms)
      ΓêÜ ADMIN-002: Should get user by ID
      ΓêÜ ADMIN-003: Should get user by email
      ΓêÜ ADMIN-004: Should return null for non-existent user (1 ms)
      ΓêÜ ADMIN-005: Should update user
      ΓêÜ ADMIN-006: Should deactivate user
      ΓêÜ ADMIN-007: Should reactivate user
      ΓêÜ ADMIN-008: Should delete user (1 ms)
      ΓêÜ ADMIN-009: Should get all users
      ΓêÜ ADMIN-010: Should filter users by role
      ΓêÜ ADMIN-011: Should filter users by active status
    Audit Logging
      ΓêÜ ADMIN-012: Should log audit event (1 ms)
      ΓêÜ ADMIN-013: Should get audit log entries
      ΓêÜ ADMIN-014: Should filter audit log by action
      ΓêÜ ADMIN-015: Should get audit statistics
      ΓêÜ ADMIN-016: Should get user activity summary
  Phase 4 - Activity Service
    Activity Logging
      ΓêÜ ACTIVITY-001: Should log basic activity
      ΓêÜ ACTIVITY-002: Should log lineage change
      ΓêÜ ACTIVITY-003: Should log permission change
      ΓêÜ ACTIVITY-004: Should log search action
      ΓêÜ ACTIVITY-005: Should log object view (1 ms)
      ΓêÜ ACTIVITY-006: Should get activity log
      ΓêÜ ACTIVITY-007: Should filter activity by action
      ΓêÜ ACTIVITY-008: Should get activity statistics
      ΓêÜ ACTIVITY-009: Should get user timeline
      ΓêÜ ACTIVITY-010: Should get object change history
      ΓêÜ ACTIVITY-011: Should get most viewed objects (1 ms)
      ΓêÜ ACTIVITY-012: Should get popular searches
  Phase 4 - Metadata Service
    Metadata Updates
      ΓêÜ META-001: Should update object metadata
      ΓêÜ META-002: Should add tag to object
      ΓêÜ META-003: Should remove tag from object (1 ms)
      ΓêÜ META-004: Should change object owner
      ΓêÜ META-005: Should update sensitivity classification
      ΓêÜ META-006: Should reject invalid sensitivity (4 ms)
      ΓêÜ META-007: Should bulk update metadata
    Metadata Validation
      ΓêÜ META-008: Should validate correct metadata
      ΓêÜ META-009: Should fail validation for missing name
      ΓêÜ META-010: Should fail validation for missing owner (1 ms)
      ΓêÜ META-011: Should warn for missing description
      ΓêÜ META-012: Should warn for untagged objects
    Metadata Queries
      ΓêÜ META-013: Should get objects by tag
      ΓêÜ META-014: Should get objects by owner
      ΓêÜ META-015: Should get objects by sensitivity
      ΓêÜ META-016: Should get metadata statistics (1 ms)
      ΓêÜ META-017: Should count untagged objects
      ΓêÜ META-018: Should count objects missing descriptions
    Integration
      ΓêÜ META-019: Should track metadata changes
      ΓêÜ META-020: Should handle multiple metadata updates
  Phase 4 - Integration Tests
    ΓêÜ INTEG-P4-001: Admin workflow should work end-to-end
    ΓêÜ INTEG-P4-002: Activity tracking should record lineage changes
    ΓêÜ INTEG-P4-003: Metadata and activity should work together (1 ms)
    ΓêÜ INTEG-P4-004: User management and auditing should integrate
    ΓêÜ INTEG-P4-005: Should provide comprehensive governance view

(node:75100) ExperimentalWarning: VM Modules is an experimental feature and might change at any time
(Use `node --trace-warnings ...` to show where the warning was created)
PASS tests/unit/entra-config.test.js
  utils/entraConfig
    ΓêÜ loads defaults when env vars are not set (39 ms)
    ΓêÜ throws in production when required env vars are missing (9 ms)
    ΓêÜ passes validation in production when env vars are present (3 ms)

  console.error
    [ERROR] 500 GET /api/v1/example requestId=req-123: Database connection string invalid Error: Database connection string invalid
        at Object.<anonymous> (C:\projects\Data Governence\tests\unit\error-handler.test.js:41:17)
        at Promise.then.completed (C:\projects\Data Governence\node_modules\jest-circus\build\utils.js:298:28)
        at new Promise (<anonymous>)
        at callAsyncCircusFn (C:\projects\Data Governence\node_modules\jest-circus\build\utils.js:231:10)
        at _callCircusTest (C:\projects\Data Governence\node_modules\jest-circus\build\run.js:316:40)
        at processTicksAndRejections (node:internal/process/task_queues:105:5)
        at _runTest (C:\projects\Data Governence\node_modules\jest-circus\build\run.js:252:3)
        at _runTestsForDescribeBlock (C:\projects\Data Governence\node_modules\jest-circus\build\run.js:126:9)
        at _runTestsForDescribeBlock (C:\projects\Data Governence\node_modules\jest-circus\build\run.js:121:9)
        at run (C:\projects\Data Governence\node_modules\jest-circus\build\run.js:71:3)
        at runAndTransformResultsToJestFormat (C:\projects\Data Governence\node_modules\jest-circus\build\legacy-code-todo-rewrite\jestAdapterInit.js:122:21)
        at jestAdapter (C:\projects\Data Governence\node_modules\jest-circus\build\legacy-code-todo-rewrite\jestAdapter.js:79:19)
        at runTestInternal (C:\projects\Data Governence\node_modules\jest-runner\build\runTest.js:367:16)
        at runTest (C:\projects\Data Governence\node_modules\jest-runner\build\runTest.js:444:34)
        at Object.worker (C:\projects\Data Governence\node_modules\jest-runner\build\testWorker.js:106:12) {
      status: 500
    }

    [0m [90m 47 |[39m   [36mconst[39m safeDetails [33m=[39m isServerError [33m&&[39m [33m![39misDevelopment [33m?[39m [36mnull[39m [33m:[39m err[33m.[39mdetails [33m||[39m [36mnull[39m[33m;[39m
     [90m 48 |[39m
    [31m[1m>[22m[39m[90m 49 |[39m   console[33m.[39merror(
     [90m    |[39m           [31m[1m^[22m[39m
     [90m 50 |[39m     [32m`[ERROR] ${status} ${req.method} ${req.originalUrl} requestId=${requestId || 'n/a'}: ${originalMessage}`[39m[33m,[39m
     [90m 51 |[39m     err
     [90m 52 |[39m   )[33m;[39m[0m

      at error (src/middleware/errorHandler.js:49:11)
      at Object.<anonymous> (tests/unit/error-handler.test.js:44:5)

  console.error
    [ERROR] 400 GET /api/v1/example requestId=req-123: Invalid payload ApiError: Invalid payload
        at Object.<anonymous> (C:\projects\Data Governence\tests\unit\error-handler.test.js:58:17)
        at Promise.then.completed (C:\projects\Data Governence\node_modules\jest-circus\build\utils.js:298:28)
        at new Promise (<anonymous>)
        at callAsyncCircusFn (C:\projects\Data Governence\node_modules\jest-circus\build\utils.js:231:10)
        at _callCircusTest (C:\projects\Data Governence\node_modules\jest-circus\build\run.js:316:40)
        at processTicksAndRejections (node:internal/process/task_queues:105:5)
        at _runTest (C:\projects\Data Governence\node_modules\jest-circus\build\run.js:252:3)
        at _runTestsForDescribeBlock (C:\projects\Data Governence\node_modules\jest-circus\build\run.js:126:9)
        at _runTestsForDescribeBlock (C:\projects\Data Governence\node_modules\jest-circus\build\run.js:121:9)
        at run (C:\projects\Data Governence\node_modules\jest-circus\build\run.js:71:3)
        at runAndTransformResultsToJestFormat (C:\projects\Data Governence\node_modules\jest-circus\build\legacy-code-todo-rewrite\jestAdapterInit.js:122:21)
        at jestAdapter (C:\projects\Data Governence\node_modules\jest-circus\build\legacy-code-todo-rewrite\jestAdapter.js:79:19)
        at runTestInternal (C:\projects\Data Governence\node_modules\jest-runner\build\runTest.js:367:16)
        at runTest (C:\projects\Data Governence\node_modules\jest-runner\build\runTest.js:444:34)
        at Object.worker (C:\projects\Data Governence\node_modules\jest-runner\build\testWorker.js:106:12) {
      status: 400,
      statusCode: 400,
      code: 'VALIDATION_ERROR',
      details: { field: 'email' }
    }

    [0m [90m 47 |[39m   [36mconst[39m safeDetails [33m=[39m isServerError [33m&&[39m [33m![39misDevelopment [33m?[39m [36mnull[39m [33m:[39m err[33m.[39mdetails [33m||[39m [36mnull[39m[33m;[39m
     [90m 48 |[39m
    [31m[1m>[22m[39m[90m 49 |[39m   console[33m.[39merror(
     [90m    |[39m           [31m[1m^[22m[39m
     [90m 50 |[39m     [32m`[ERROR] ${status} ${req.method} ${req.originalUrl} requestId=${requestId || 'n/a'}: ${originalMessage}`[39m[33m,[39m
     [90m 51 |[39m     err
     [90m 52 |[39m   )[33m;[39m[0m

      at error (src/middleware/errorHandler.js:49:11)
      at Object.<anonymous> (tests/unit/error-handler.test.js:63:5)

  console.error
    [ERROR] 500 GET /api/v1/example requestId=req-123: Development debug error Error: Development debug error
        at Object.<anonymous> (C:\projects\Data Governence\tests\unit\error-handler.test.js:76:17)
        at Promise.then.completed (C:\projects\Data Governence\node_modules\jest-circus\build\utils.js:298:28)
        at new Promise (<anonymous>)
        at callAsyncCircusFn (C:\projects\Data Governence\node_modules\jest-circus\build\utils.js:231:10)
        at _callCircusTest (C:\projects\Data Governence\node_modules\jest-circus\build\run.js:316:40)
        at processTicksAndRejections (node:internal/process/task_queues:105:5)
        at _runTest (C:\projects\Data Governence\node_modules\jest-circus\build\run.js:252:3)
        at _runTestsForDescribeBlock (C:\projects\Data Governence\node_modules\jest-circus\build\run.js:126:9)
        at _runTestsForDescribeBlock (C:\projects\Data Governence\node_modules\jest-circus\build\run.js:121:9)
        at run (C:\projects\Data Governence\node_modules\jest-circus\build\run.js:71:3)
        at runAndTransformResultsToJestFormat (C:\projects\Data Governence\node_modules\jest-circus\build\legacy-code-todo-rewrite\jestAdapterInit.js:122:21)
        at jestAdapter (C:\projects\Data Governence\node_modules\jest-circus\build\legacy-code-todo-rewrite\jestAdapter.js:79:19)
        at runTestInternal (C:\projects\Data Governence\node_modules\jest-runner\build\runTest.js:367:16)
        at runTest (C:\projects\Data Governence\node_modules\jest-runner\build\runTest.js:444:34)
        at Object.worker (C:\projects\Data Governence\node_modules\jest-runner\build\testWorker.js:106:12)

    [0m [90m 47 |[39m   [36mconst[39m safeDetails [33m=[39m isServerError [33m&&[39m [33m![39misDevelopment [33m?[39m [36mnull[39m [33m:[39m err[33m.[39mdetails [33m||[39m [36mnull[39m[33m;[39m
     [90m 48 |[39m
    [31m[1m>[22m[39m[90m 49 |[39m   console[33m.[39merror(
     [90m    |[39m           [31m[1m^[22m[39m
     [90m 50 |[39m     [32m`[ERROR] ${status} ${req.method} ${req.originalUrl} requestId=${requestId || 'n/a'}: ${originalMessage}`[39m[33m,[39m
     [90m 51 |[39m     err
     [90m 52 |[39m   )[33m;[39m[0m

      at error (src/middleware/errorHandler.js:49:11)
      at Object.<anonymous> (tests/unit/error-handler.test.js:78:5)

(node:75472) ExperimentalWarning: VM Modules is an experimental feature and might change at any time
(Use `node --trace-warnings ...` to show where the warning was created)
PASS tests/unit/error-handler.test.js
  Error Handler Middleware
    ΓêÜ ERR-001: returns sanitized 500 message in production (60 ms)
    ΓêÜ ERR-002: preserves client error message and details (3 ms)
    ΓêÜ ERR-003: includes stack trace in development (2 ms)

  console.error
    Token verification failed: jwt malformed

    [0m [90m 62 |[39m     [36mreturn[39m jwt[33m.[39mverify(token[33m,[39m [33mJWT_SECRET[39m[33m,[39m { algorithms[33m:[39m [[32m'HS256'[39m] })[33m;[39m
     [90m 63 |[39m   } [36mcatch[39m (err) {
    [31m[1m>[22m[39m[90m 64 |[39m     console[33m.[39merror([32m'Token verification failed:'[39m[33m,[39m err[33m.[39mmessage)[33m;[39m
     [90m    |[39m             [31m[1m^[22m[39m
     [90m 65 |[39m     [36mreturn[39m [36mnull[39m[33m;[39m
     [90m 66 |[39m   }
     [90m 67 |[39m }[0m

      at error (src/utils/tokenManager.js:64:13)
      at verifyToken (src/middleware/auth.js:23:21)
      at Object.<anonymous> (tests/unit/auth-middleware.test.js:29:5)

  console.error
    Authentication error: authHeader.split is not a function

    [0m [90m 32 |[39m     [36mreturn[39m next()[33m;[39m
     [90m 33 |[39m   } [36mcatch[39m (err) {
    [31m[1m>[22m[39m[90m 34 |[39m     console[33m.[39merror([32m'Authentication error:'[39m[33m,[39m err[33m.[39mmessage)[33m;[39m
     [90m    |[39m             [31m[1m^[22m[39m
     [90m 35 |[39m     [36mreturn[39m next([36mnew[39m [33mApiError[39m([35m500[39m[33m,[39m err[33m.[39mmessage[33m,[39m { code[33m:[39m [32m'AUTHENTICATION_ERROR'[39m }))[33m;[39m
     [90m 36 |[39m   }
     [90m 37 |[39m }[0m

      at error (src/middleware/auth.js:34:13)
      at Object.<anonymous> (tests/unit/auth-middleware.test.js:63:5)

(node:75260) ExperimentalWarning: VM Modules is an experimental feature and might change at any time
(Use `node --trace-warnings ...` to show where the warning was created)
PASS tests/unit/auth-middleware.test.js
  middleware/auth
    ΓêÜ authenticate rejects missing authorization header (6 ms)
    ΓêÜ authenticate rejects invalid token (46 ms)
    ΓêÜ authenticate attaches decoded user for valid token (3 ms)
    ΓêÜ authenticate returns internal auth error on unexpected failure (2 ms)
    ΓêÜ requireAdmin enforces authentication and admin role
    ΓêÜ requireDatabaseAccess validates auth, db name, and access rights (1 ms)

  console.error
    Token verification failed: jwt malformed

    [0m [90m 62 |[39m     [36mreturn[39m jwt[33m.[39mverify(token[33m,[39m [33mJWT_SECRET[39m[33m,[39m { algorithms[33m:[39m [[32m'HS256'[39m] })[33m;[39m
     [90m 63 |[39m   } [36mcatch[39m (err) {
    [31m[1m>[22m[39m[90m 64 |[39m     console[33m.[39merror([32m'Token verification failed:'[39m[33m,[39m err[33m.[39mmessage)[33m;[39m
     [90m    |[39m             [31m[1m^[22m[39m
     [90m 65 |[39m     [36mreturn[39m [36mnull[39m[33m;[39m
     [90m 66 |[39m   }
     [90m 67 |[39m }[0m

      at error (src/utils/tokenManager.js:64:13)
      at Object.<anonymous> (tests/unit/tokens.test.js:68:23)

  console.error
    Token verification failed: invalid signature

    [0m [90m 62 |[39m     [36mreturn[39m jwt[33m.[39mverify(token[33m,[39m [33mJWT_SECRET[39m[33m,[39m { algorithms[33m:[39m [[32m'HS256'[39m] })[33m;[39m
     [90m 63 |[39m   } [36mcatch[39m (err) {
    [31m[1m>[22m[39m[90m 64 |[39m     console[33m.[39merror([32m'Token verification failed:'[39m[33m,[39m err[33m.[39mmessage)[33m;[39m
     [90m    |[39m             [31m[1m^[22m[39m
     [90m 65 |[39m     [36mreturn[39m [36mnull[39m[33m;[39m
     [90m 66 |[39m   }
     [90m 67 |[39m }[0m

      at error (src/utils/tokenManager.js:64:13)
      at Object.<anonymous> (tests/unit/tokens.test.js:75:23)

  console.error
    Token verification failed: jwt malformed

    [0m [90m 62 |[39m     [36mreturn[39m jwt[33m.[39mverify(token[33m,[39m [33mJWT_SECRET[39m[33m,[39m { algorithms[33m:[39m [[32m'HS256'[39m] })[33m;[39m
     [90m 63 |[39m   } [36mcatch[39m (err) {
    [31m[1m>[22m[39m[90m 64 |[39m     console[33m.[39merror([32m'Token verification failed:'[39m[33m,[39m err[33m.[39mmessage)[33m;[39m
     [90m    |[39m             [31m[1m^[22m[39m
     [90m 65 |[39m     [36mreturn[39m [36mnull[39m[33m;[39m
     [90m 66 |[39m   }
     [90m 67 |[39m }[0m

      at error (src/utils/tokenManager.js:64:13)
      at verifyToken (src/utils/tokenManager.js:92:19)
      at tests/unit/tokens.test.js:127:9
      at Object.<anonymous> (node_modules/expect/build/toThrowMatchers.js:74:11)
      at Object.throwingMatcher [as toThrow] (node_modules/expect/build/index.js:320:21)
      at Object.<anonymous> (tests/unit/tokens.test.js:128:10)

(node:72148) ExperimentalWarning: VM Modules is an experimental feature and might change at any time
(Use `node --trace-warnings ...` to show where the warning was created)
PASS tests/unit/tokens.test.js
  Token Manager
    Token Generation
      ΓêÜ should generate valid JWT token (14 ms)
      ΓêÜ should include user claims in token (2 ms)
      ΓêÜ should generate refresh token (1 ms)
      ΓêÜ should mark refresh token with type claim
    Token Verification
      ΓêÜ should verify valid token (1 ms)
      ΓêÜ should return null for invalid token (37 ms)
      ΓêÜ should return null for tampered token (2 ms)
    Token Extraction
      ΓêÜ should extract token from Bearer header (1 ms)
      ΓêÜ should return null for missing header
      ΓêÜ should return null for invalid format
      ΓêÜ should handle case-insensitive Bearer prefix
    Token Refresh
      ΓêÜ should refresh access token with valid refresh token (1 ms)
      ΓêÜ should throw error for invalid refresh token (8 ms)
    Token Claims
      ΓêÜ should include audience (aud) claim
      ΓêÜ should include issuer (iss) claim (1 ms)
      ΓêÜ should include expiration (exp) claim

(node:69148) ExperimentalWarning: VM Modules is an experimental feature and might change at any time
(Use `node --trace-warnings ...` to show where the warning was created)
PASS tests/unit/governance-context-service.test.js
  governanceContextService
    ΓêÜ returns null when asset does not exist (6 ms)
    ΓêÜ builds governance context with lineage from Set graph and glossary links (56 ms)
    ΓêÜ builds context with object-form lineage node and no downstream edges (9 ms)
    ΓêÜ returns empty summaries when assets map is missing
    ΓêÜ builds and sorts governance summaries by trust score descending (5 ms)

(node:72556) ExperimentalWarning: VM Modules is an experimental feature and might change at any time
(Use `node --trace-warnings ...` to show where the warning was created)
PASS tests/unit/integrations.test.js
  Phase 8 - Integrations Service
    ΓêÜ INT-001: Reads integration settings (9 ms)
    ΓêÜ INT-002: Updates notification channel settings
    ΓêÜ INT-003: Simulates notification dispatch (2 ms)
    ΓêÜ INT-004: Registers, lists, and deletes webhooks
    ΓêÜ INT-005: Adds and removes external system links (1 ms)
    ΓêÜ INT-006: Runs pipeline impact analysis (1 ms)
    ΓêÜ INT-007: Runs compliance checks
    ΓêÜ INT-008: Generates post-deploy doc update summary

(node:63580) ExperimentalWarning: VM Modules is an experimental feature and might change at any time
(Use `node --trace-warnings ...` to show where the warning was created)
PASS tests/unit/index.test.js
  Index Service
    Service Exports
      ΓêÜ should export required Elasticsearch functions (9 ms)
    Client Initialization
      ΓêÜ should initialize and return an Elasticsearch client (4 ms)
      ΓêÜ should return the same client singleton on subsequent calls
    Search Options Parameter Parsing
      ΓêÜ should support limit parameter mapping (1 ms)
      ΓêÜ should support offset parameter mapping

(node:74144) ExperimentalWarning: VM Modules is an experimental feature and might change at any time
(Use `node --trace-warnings ...` to show where the warning was created)
PASS tests/unit/api-router.test.js
  utils/apiRouter
    ΓêÜ routes sync exceptions to next(error) (30 ms)
    ΓêÜ routes rejected promises to next(error) (6 ms)
    ΓêÜ supports array middleware arguments and preserves error handlers (10 ms)

(node:69104) ExperimentalWarning: VM Modules is an experimental feature and might change at any time
(Use `node --trace-warnings ...` to show where the warning was created)
PASS tests/unit/discovery.test.js
  Phase 3 - Search Integration
    searchService - enhancedSearch
      ΓêÜ SEARCH-001: Should enhance search results with lineage data (11 ms)
      ΓêÜ SEARCH-002: Should limit upstream dependencies (1 ms)
      ΓêÜ SEARCH-003: Should include search metadata
    searchService - searchByProximity
      ΓêÜ SEARCH-004: Should find upstream dependencies
      ΓêÜ SEARCH-005: Should find downstream dependents (1 ms)
      ΓêÜ SEARCH-006: Should respect depth parameter
      ΓêÜ SEARCH-007: Should return only relevant objects
    searchService - getSuggestions
      ΓêÜ SEARCH-008: Should provide autocomplete suggestions
      ΓêÜ SEARCH-009: Should respect limit parameter (1 ms)
      ΓêÜ SEARCH-010: Should return empty for no matches
      ΓêÜ SEARCH-011: Should include object metadata in suggestions
    searchService - getTrendingObjects
      ΓêÜ SEARCH-012: Should identify most referenced objects (1 ms)
      ΓêÜ SEARCH-013: Should sort by reference count descending
      ΓêÜ SEARCH-014: Should respect limit (1 ms)
    searchService - getCriticalObjects
      ΓêÜ SEARCH-015: Should identify critical objects with high impact
      ΓêÜ SEARCH-016: Should only include objects with dependents (1 ms)
      ΓêÜ SEARCH-017: Should sort by impact descending
    searchService - getSearchStatistics
      ΓêÜ SEARCH-018: Should calculate total objects
      ΓêÜ SEARCH-019: Should count objects by database (1 ms)
      ΓêÜ SEARCH-020: Should count objects by type
      ΓêÜ SEARCH-021: Should calculate average dependencies (1 ms)
  Phase 3 - Visualization Service
    visualizationService - buildCytoscapeGraph
      ΓêÜ VIZ-001: Should build Cytoscape graph with nodes
      ΓêÜ VIZ-002: Should include central node
      ΓêÜ VIZ-003: Should include edges for dependencies (1 ms)
      ΓêÜ VIZ-004: Should include metadata on nodes
      ΓêÜ VIZ-005: Should apply CSS classes (2 ms)
    visualizationService - buildD3Graph
      ΓêÜ VIZ-006: Should build D3 graph with nodes
      ΓêÜ VIZ-007: Should build D3 graph with links (1 ms)
      ΓêÜ VIZ-008: Should include node group assignments
      ΓêÜ VIZ-009: Should assign node values
    visualizationService - buildMermaidDiagram
      ΓêÜ VIZ-010: Should generate Mermaid markup
      ΓêÜ VIZ-011: Should include node definitions
      ΓêÜ VIZ-012: Should include edge definitions
      ΓêÜ VIZ-013: Should include styling classes
    visualizationService - buildImpactVisualization
      ΓêÜ VIZ-014: Should build impact analysis data (1 ms)
      ΓêÜ VIZ-015: Should organize impact by levels
      ΓêÜ VIZ-016: Should include impact stats
    visualizationService - buildDependencyMatrix
      ΓêÜ VIZ-017: Should build dependency matrix
      ΓêÜ VIZ-018: Should have matching dimensions (1 ms)
      ΓêÜ VIZ-019: Should contain only 0 or 1 values
  Phase 3 - Discovery Service
    discoveryService - getDashboardSummary
      ΓêÜ DISC-001: Should generate dashboard summary (1 ms)
      ΓêÜ DISC-002: Should calculate overview stats (1 ms)
      ΓêÜ DISC-003: Should calculate network metrics
    discoveryService - getRecommendations
      ΓêÜ DISC-004: Should provide recommendations
      ΓêÜ DISC-005: Should include trending objects
      ΓêÜ DISC-006: Should include critical objects
      ΓêÜ DISC-007: Should include recent data (1 ms)
    discoveryService - getLineageInsights
      ΓêÜ DISC-008: Should generate line age insights
      ΓêÜ DISC-009: Should identify complex dependency chains
      ΓêÜ DISC-010: Should structure insight items (1 ms)
    discoveryService - getQualityMetrics
      ΓêÜ DISC-011: Should calculate quality metrics
      ΓêÜ DISC-012: Should evaluate completeness checks
      ΓêÜ DISC-013: Should include status indicators
    discoveryService - getActivitySummary
      ΓêÜ DISC-014: Should generate activity summary
      ΓêÜ DISC-015: Should count recent activity (1 ms)
      ΓêÜ DISC-016: Should have week count <= month count
  Phase 3 - Integration Tests
    ΓêÜ INTEG-001: Should work with lineage graphs
    ΓêÜ INTEG-002: Should support all visualization formats
    ΓêÜ INTEG-003: Should provide complete discovery experience (1 ms)
    ΓêÜ INTEG-004: Should handle empty objects map
    ΓêÜ INTEG-005: Should handle missing lineage data

(node:66392) ExperimentalWarning: VM Modules is an experimental feature and might change at any time
(Use `node --trace-warnings ...` to show where the warning was created)
PASS tests/unit/ssis.test.js
  SSIS-001: SsisMetadataExtractor ΓÇô SSISDB absent
    ΓêÜ returns ssisdbPresent=false without throwing (8 ms)
    ΓêÜ still attempts agent job extraction even when SSISDB absent
    ΓêÜ lineageEdges is an empty array when SSISDB absent (1 ms)
  SSIS-002: SsisMetadataExtractor ΓÇô SSISDB present, components permission-blocked
    ΓêÜ returns ssisdbPresent=true
    ΓêÜ catalog contains mock package (1 ms)
    ΓêÜ warningCount is accessible
  SSIS-003: SsisMetadataExtractor ΓÇô all queries fail (permission wall)
    ΓêÜ does not throw; returns safe partial result (1 ms)
    ΓêÜ lineageEdges is an array even on total failure
  SSIS-004: buildLineageEdges ΓÇô derives edges from mock data
    ΓêÜ produces at least one ETL edge for sourceΓåÆdestination pair
    ΓêÜ edge via references the package name (1 ms)
    ΓêÜ placeholder edge created for packages with no XML
    ΓêÜ confidence for XML-derived edges is 0.85
  SSIS-005: Sensitive value masking
    ΓêÜ extractEnvironments masks sensitive variables
  SSIS-006: extractAll result shape
    ΓêÜ result always contains all top-level keys (1 ms)
    ΓêÜ extractedAt is a valid ISO date string (1 ms)

(node:63132) ExperimentalWarning: VM Modules is an experimental feature and might change at any time
(Use `node --trace-warnings ...` to show where the warning was created)
::ffff:127.0.0.1 - - [13/May/2026:12:10:42 +0000] "POST /api/v1/ingestion/parse HTTP/1.1" 400 398 "-" "-"
  console.log
    [2026-05-13T12:10:42.247Z] POST /parse - 400 (4ms)

      at ServerResponse.log (src/middleware/requestLogger.js:11:13)

::ffff:127.0.0.1 - - [13/May/2026:12:10:42 +0000] "POST /api/v1/ingestion/parse-content HTTP/1.1" 400 446 "-" "-"
  console.log
    [2026-05-13T12:10:42.290Z] POST /parse-content - 400 (1ms)

      at ServerResponse.log (src/middleware/requestLogger.js:11:13)

::ffff:127.0.0.1 - - [13/May/2026:12:10:42 +0000] "POST /api/v1/ingestion/parse-content HTTP/1.1" 200 524 "-" "-"
  console.log
    [2026-05-13T12:10:42.305Z] POST /parse-content - 200 (8ms)

      at ServerResponse.log (src/middleware/requestLogger.js:11:13)

(node:71372) ExperimentalWarning: VM Modules is an experimental feature and might change at any time
(Use `node --trace-warnings ...` to show where the warning was created)
::ffff:127.0.0.1 - - [13/May/2026:12:10:42 +0000] "GET /api/v1/ssis/schema HTTP/1.1" 200 3267 "-" "-"
  console.log
    [2026-05-13T12:10:42.337Z] GET /schema - 200 (6ms)

      at ServerResponse.log (src/middleware/requestLogger.js:11:13)

(node:69412) ExperimentalWarning: VM Modules is an experimental feature and might change at any time
(Use `node --trace-warnings ...` to show where the warning was created)
  console.error
    [ERROR] 403 POST /api/v1/ssis/extract requestId=f3bb101a-720b-4234-a8ff-c8ac16f8b2c8: Admin role required ApiError: Admin role required
        at requireAdmin (C:\projects\Data Governence\src\middleware\auth.js:49:17)
        at handler (C:\projects\Data Governence\src\utils\apiRouter.js:14:22)
        at Layer.handle [as handle_request] (C:\projects\Data Governence\node_modules\express\lib\router\layer.js:95:5)
        at next (C:\projects\Data Governence\node_modules\express\lib\router\route.js:149:13)
        at next (C:\projects\Data Governence\src\middleware\auth.js:32:12)
        at handler (C:\projects\Data Governence\src\utils\apiRouter.js:14:22)
        at Layer.handle [as handle_request] (C:\projects\Data Governence\node_modules\express\lib\router\layer.js:95:5)
        at next (C:\projects\Data Governence\node_modules\express\lib\router\route.js:149:13)
        at Route.dispatch (C:\projects\Data Governence\node_modules\express\lib\router\route.js:119:3)
        at Layer.handle [as handle_request] (C:\projects\Data Governence\node_modules\express\lib\router\layer.js:95:5)
        at C:\projects\Data Governence\node_modules\express\lib\router\index.js:284:15
        at router.process_params (C:\projects\Data Governence\node_modules\express\lib\router\index.js:346:12)
        at next (C:\projects\Data Governence\node_modules\express\lib\router\index.js:280:10)
        at router.handle (C:\projects\Data Governence\node_modules\express\lib\router\index.js:175:3)
        at router (C:\projects\Data Governence\node_modules\express\lib\router\index.js:47:12)
        at Layer.handle [as handle_request] (C:\projects\Data Governence\node_modules\express\lib\router\layer.js:95:5)
        at trim_prefix (C:\projects\Data Governence\node_modules\express\lib\router\index.js:328:13)
        at C:\projects\Data Governence\node_modules\express\lib\router\index.js:286:9
        ... collapsed 7 duplicate lines matching above lines ...
        at router.process_params (C:\projects\Data Governence\node_modules\express\lib\router\index.js:346:12)
        at next (C:\projects\Data Governence\node_modules\express\lib\router\index.js:280:10)
        at next (C:\projects\Data Governence\src\middleware\performanceMonitor.js:19:3)
        at Layer.handle [as handle_request] (C:\projects\Data Governence\node_modules\express\lib\router\layer.js:95:5)
        at trim_prefix (C:\projects\Data Governence\node_modules\express\lib\router\index.js:328:13)
        at C:\projects\Data Governence\node_modules\express\lib\router\index.js:286:9
        at router.process_params (C:\projects\Data Governence\node_modules\express\lib\router\index.js:346:12)
        at next (C:\projects\Data Governence\node_modules\express\lib\router\index.js:280:10)
        at next (C:\projects\Data Governence\src\middleware\requestLogger.js:16:3)
        at Layer.handle [as handle_request] (C:\projects\Data Governence\node_modules\express\lib\router\layer.js:95:5)
        at trim_prefix (C:\projects\Data Governence\node_modules\express\lib\router\index.js:328:13)
        at C:\projects\Data Governence\node_modules\express\lib\router\index.js:286:9
        at router.process_params (C:\projects\Data Governence\node_modules\express\lib\router\index.js:346:12)
        at next (C:\projects\Data Governence\node_modules\express\lib\router\index.js:280:10)
        at next (C:\projects\Data Governence\src\app.js:108:5)
        at Layer.handle [as handle_request] (C:\projects\Data Governence\node_modules\express\lib\router\layer.js:95:5)
        at trim_prefix (C:\projects\Data Governence\node_modules\express\lib\router\index.js:328:13)
        at C:\projects\Data Governence\node_modules\express\lib\router\index.js:286:9
        at router.process_params (C:\projects\Data Governence\node_modules\express\lib\router\index.js:346:12)
        at next (C:\projects\Data Governence\node_modules\express\lib\router\index.js:280:10)
        at logger (C:\projects\Data Governence\node_modules\morgan\index.js:144:5)
        at Layer.handle [as handle_request] (C:\projects\Data Governence\node_modules\express\lib\router\layer.js:95:5)
        at trim_prefix (C:\projects\Data Governence\node_modules\express\lib\router\index.js:328:13)
        at C:\projects\Data Governence\node_modules\express\lib\router\index.js:286:9
        at router.process_params (C:\projects\Data Governence\node_modules\express\lib\router\index.js:346:12)
        at next (C:\projects\Data Governence\node_modules\express\lib\router\index.js:280:10)
        at urlencodedParser (C:\projects\Data Governence\node_modules\body-parser\lib\types\urlencoded.js:82:7)
        at Layer.handle [as handle_request] (C:\projects\Data Governence\node_modules\express\lib\router\layer.js:95:5)
        at trim_prefix (C:\projects\Data Governence\node_modules\express\lib\router\index.js:328:13)
        at C:\projects\Data Governence\node_modules\express\lib\router\index.js:286:9
        at router.process_params (C:\projects\Data Governence\node_modules\express\lib\router\index.js:346:12)
        at next (C:\projects\Data Governence\node_modules\express\lib\router\index.js:280:10)
        at C:\projects\Data Governence\node_modules\body-parser\lib\read.js:137:5
        at AsyncResource.runInAsyncScope (node:async_hooks:214:14)
        at invokeCallback (C:\projects\Data Governence\node_modules\raw-body\index.js:238:16)
        at done (C:\projects\Data Governence\node_modules\raw-body\index.js:227:7)
        at IncomingMessage.onEnd (C:\projects\Data Governence\node_modules\raw-body\index.js:287:7)
        at IncomingMessage.emit (node:events:508:28)
        at endReadableNT (node:internal/streams/readable:1701:12)
        at processTicksAndRejections (node:internal/process/task_queues:90:21) {
      status: 403,
      statusCode: 403,
      code: 'FORBIDDEN',
      details: undefined
    }

    [0m [90m 47 |[39m   [36mconst[39m safeDetails [33m=[39m isServerError [33m&&[39m [33m![39misDevelopment [33m?[39m [36mnull[39m [33m:[39m err[33m.[39mdetails [33m||[39m [36mnull[39m[33m;[39m
     [90m 48 |[39m
    [31m[1m>[22m[39m[90m 49 |[39m   console[33m.[39merror(
     [90m    |[39m           [31m[1m^[22m[39m
     [90m 50 |[39m     [32m`[ERROR] ${status} ${req.method} ${req.originalUrl} requestId=${requestId || 'n/a'}: ${originalMessage}`[39m[33m,[39m
     [90m 51 |[39m     err
     [90m 52 |[39m   )[33m;[39m[0m

      at error (src/middleware/errorHandler.js:49:11)
      at Layer.handle_error (node_modules/express/lib/router/layer.js:71:5)
      at trim_prefix (node_modules/express/lib/router/index.js:326:13)
      at node_modules/express/lib/router/index.js:286:9
      at router.process_params (node_modules/express/lib/router/index.js:346:12)
      at next (node_modules/express/lib/router/index.js:280:10)
      at Layer.handle_error (node_modules/express/lib/router/layer.js:67:12)
      at trim_prefix (node_modules/express/lib/router/index.js:326:13)
      at node_modules/express/lib/router/index.js:286:9
      at router.process_params (node_modules/express/lib/router/index.js:346:12)
      at next (node_modules/express/lib/router/index.js:280:10)
      at Layer.handle_error (node_modules/express/lib/router/layer.js:67:12)
      at trim_prefix (node_modules/express/lib/router/index.js:326:13)
      at node_modules/express/lib/router/index.js:286:9
      at router.process_params (node_modules/express/lib/router/index.js:346:12)
      at next (node_modules/express/lib/router/index.js:280:10)
      at node_modules/express/lib/router/index.js:646:15
      at next (node_modules/express/lib/router/index.js:265:14)
      at node_modules/express/lib/router/index.js:646:15
      at next (node_modules/express/lib/router/index.js:265:14)
      at next (node_modules/express/lib/router/route.js:141:14)
      at Layer.handle_error (node_modules/express/lib/router/layer.js:67:12)
      at next (node_modules/express/lib/router/route.js:147:13)
      at next (src/middleware/auth.js:49:12)
      at handler (src/utils/apiRouter.js:14:22)
      at Layer.handle [as handle_request] (node_modules/express/lib/router/layer.js:95:5)
      at next (node_modules/express/lib/router/route.js:149:13)
      at next (src/middleware/auth.js:32:12)
      at handler (src/utils/apiRouter.js:14:22)
      at Layer.handle [as handle_request] (node_modules/express/lib/router/layer.js:95:5)
      at next (node_modules/express/lib/router/route.js:149:13)
      at Route.dispatch (node_modules/express/lib/router/route.js:119:3)
      at Layer.handle [as handle_request] (node_modules/express/lib/router/layer.js:95:5)
      at node_modules/express/lib/router/index.js:284:15
      at router.process_params (node_modules/express/lib/router/index.js:346:12)
      at next (node_modules/express/lib/router/index.js:280:10)
      at router.handle (node_modules/express/lib/router/index.js:175:3)
      at router (node_modules/express/lib/router/index.js:47:12)
      at Layer.handle [as handle_request] (node_modules/express/lib/router/layer.js:95:5)
      at trim_prefix (node_modules/express/lib/router/index.js:328:13)
      at node_modules/express/lib/router/index.js:286:9
      at router.process_params (node_modules/express/lib/router/index.js:346:12)
      at next (node_modules/express/lib/router/index.js:280:10)
      at router.handle (node_modules/express/lib/router/index.js:175:3)
      at router (node_modules/express/lib/router/index.js:47:12)
      at Layer.handle [as handle_request] (node_modules/express/lib/router/layer.js:95:5)
      at trim_prefix (node_modules/express/lib/router/index.js:328:13)
      at node_modules/express/lib/router/index.js:286:9
      at router.process_params (node_modules/express/lib/router/index.js:346:12)
      at next (node_modules/express/lib/router/index.js:280:10)
      at next (src/middleware/performanceMonitor.js:19:3)
      at Layer.handle [as handle_request] (node_modules/express/lib/router/layer.js:95:5)
      at trim_prefix (node_modules/express/lib/router/index.js:328:13)
      at node_modules/express/lib/router/index.js:286:9
      at router.process_params (node_modules/express/lib/router/index.js:346:12)
      at next (node_modules/express/lib/router/index.js:280:10)
      at next (src/middleware/requestLogger.js:16:3)
      at Layer.handle [as handle_request] (node_modules/express/lib/router/layer.js:95:5)
(node:70316) ExperimentalWarning: VM Modules is an experimental feature and might change at any time
(Use `node --trace-warnings ...` to show where the warning was created)
      at trim_prefix (node_modules/express/lib/router/index.js:328:13)
      at node_modules/express/lib/router/index.js:286:9
      at router.process_params (node_modules/express/lib/router/index.js:346:12)
      at next (node_modules/express/lib/router/index.js:280:10)
      at next (src/app.js:108:5)
      at Layer.handle [as handle_request] (node_modules/express/lib/router/layer.js:95:5)
      at trim_prefix (node_modules/express/lib/router/index.js:328:13)
      at node_modules/express/lib/router/index.js:286:9
      at router.process_params (node_modules/express/lib/router/index.js:346:12)
      at next (node_modules/express/lib/router/index.js:280:10)
      at logger (node_modules/morgan/index.js:144:5)
      at Layer.handle [as handle_request] (node_modules/express/lib/router/layer.js:95:5)
      at trim_prefix (node_modules/express/lib/router/index.js:328:13)
      at node_modules/express/lib/router/index.js:286:9
      at router.process_params (node_modules/express/lib/router/index.js:346:12)
      at next (node_modules/express/lib/router/index.js:280:10)
      at urlencodedParser (node_modules/body-parser/lib/types/urlencoded.js:82:7)
      at Layer.handle [as handle_request] (node_modules/express/lib/router/layer.js:95:5)
      at trim_prefix (node_modules/express/lib/router/index.js:328:13)
      at node_modules/express/lib/router/index.js:286:9
      at router.process_params (node_modules/express/lib/router/index.js:346:12)
      at next (node_modules/express/lib/router/index.js:280:10)
      at node_modules/body-parser/lib/read.js:137:5
      at invokeCallback (node_modules/raw-body/index.js:238:16)
      at done (node_modules/raw-body/index.js:227:7)
      at IncomingMessage.onEnd (node_modules/raw-body/index.js:287:7)

::ffff:127.0.0.1 - - [13/May/2026:12:10:42 +0000] "POST /api/v1/ssis/extract HTTP/1.1" 403 389 "-" "-"
  console.log
    [2026-05-13T12:10:42.439Z] POST /api/v1/ssis/extract - 403 (36ms)

      at ServerResponse.log (src/middleware/requestLogger.js:11:13)

::ffff:127.0.0.1 - - [13/May/2026:12:10:42 +0000] "POST /api/v1/ssis/extract HTTP/1.1" 400 391 "-" "-"
  console.log
    [2026-05-13T12:10:42.452Z] POST /extract - 400 (2ms)

      at ServerResponse.log (src/middleware/requestLogger.js:11:13)

(node:71368) ExperimentalWarning: VM Modules is an experimental feature and might change at any time
(Use `node --trace-warnings ...` to show where the warning was created)
::ffff:127.0.0.1 - - [13/May/2026:12:10:42 +0000] "POST /api/v1/ssis/lineage HTTP/1.1" 400 391 "-" "-"
  console.log
    [2026-05-13T12:10:42.460Z] POST /lineage - 400 (1ms)

      at ServerResponse.log (src/middleware/requestLogger.js:11:13)

::ffff:127.0.0.1 - - [13/May/2026:12:10:42 +0000] "POST /api/v1/ssis/catalog HTTP/1.1" 400 391 "-" "-"
  console.log
    [2026-05-13T12:10:42.469Z] POST /catalog - 400 (1ms)

      at ServerResponse.log (src/middleware/requestLogger.js:11:13)

(node:60784) ExperimentalWarning: VM Modules is an experimental feature and might change at any time
(Use `node --trace-warnings ...` to show where the warning was created)
::ffff:127.0.0.1 - - [13/May/2026:12:10:42 +0000] "POST /api/v1/ssis/agent-jobs HTTP/1.1" 400 394 "-" "-"
  console.log
    [2026-05-13T12:10:42.477Z] POST /agent-jobs - 400 (1ms)

      at ServerResponse.log (src/middleware/requestLogger.js:11:13)

::ffff:127.0.0.1 - - [13/May/2026:12:10:42 +0000] "POST /api/v1/ssis/catalog HTTP/1.1" 400 705 "-" "-"
  console.log
    [2026-05-13T12:10:42.488Z] POST /catalog - 400 (3ms)

      at ServerResponse.log (src/middleware/requestLogger.js:11:13)

PASS tests/unit/ssis-api.test.js
  SSIS API
    ΓêÜ SSIS-001: schema endpoint returns extraction contract (80 ms)
    ΓêÜ SSIS-002: extract endpoint requires admin role (61 ms)
    ΓêÜ SSIS-003: extract validates missing server for admin (8 ms)
    ΓêÜ SSIS-004: lineage validates missing server (9 ms)
    ΓêÜ SSIS-005: catalog validates missing server (8 ms)
    ΓêÜ SSIS-006: agent-jobs validates missing server (9 ms)
    ΓêÜ SSIS-007: unsupported authentication type is rejected (11 ms)

(node:74712) ExperimentalWarning: VM Modules is an experimental feature and might change at any time
(Use `node --trace-warnings ...` to show where the warning was created)
::ffff:127.0.0.1 - - [13/May/2026:12:10:42 +0000] "POST /api/v1/auth/login HTTP/1.1" 200 229 "-" "-"
  console.error
    [ERROR] 401 GET /api/v1/products requestId=a8b32b47-e12b-4391-aa19-8b3d21f7e7c2: Missing or invalid authorization token ApiError: Missing or invalid authorization token
        at authenticate (C:\projects\Data Governence\src\middleware\auth.js:19:9)
        at handler (C:\projects\Data Governence\src\utils\apiRouter.js:14:22)
        at Layer.handle [as handle_request] (C:\projects\Data Governence\node_modules\express\lib\router\layer.js:95:5)
        at next (C:\projects\Data Governence\node_modules\express\lib\router\route.js:149:13)
        at Route.dispatch (C:\projects\Data Governence\node_modules\express\lib\router\route.js:119:3)
        at Layer.handle [as handle_request] (C:\projects\Data Governence\node_modules\express\lib\router\layer.js:95:5)
        at C:\projects\Data Governence\node_modules\express\lib\router\index.js:284:15
        at router.process_params (C:\projects\Data Governence\node_modules\express\lib\router\index.js:346:12)
        at next (C:\projects\Data Governence\node_modules\express\lib\router\index.js:280:10)
        at router.handle (C:\projects\Data Governence\node_modules\express\lib\router\index.js:175:3)
        at router (C:\projects\Data Governence\node_modules\express\lib\router\index.js:47:12)
        at Layer.handle [as handle_request] (C:\projects\Data Governence\node_modules\express\lib\router\layer.js:95:5)
        at trim_prefix (C:\projects\Data Governence\node_modules\express\lib\router\index.js:328:13)
        at C:\projects\Data Governence\node_modules\express\lib\router\index.js:286:9
        ... collapsed 7 duplicate lines matching above lines ...
        at router.process_params (C:\projects\Data Governence\node_modules\express\lib\router\index.js:346:12)
        at next (C:\projects\Data Governence\node_modules\express\lib\router\index.js:280:10)
        at next (C:\projects\Data Governence\src\middleware\performanceMonitor.js:19:3)
        at Layer.handle [as handle_request] (C:\projects\Data Governence\node_modules\express\lib\router\layer.js:95:5)
        at trim_prefix (C:\projects\Data Governence\node_modules\express\lib\router\index.js:328:13)
        at C:\projects\Data Governence\node_modules\express\lib\router\index.js:286:9
        at router.process_params (C:\projects\Data Governence\node_modules\express\lib\router\index.js:346:12)
        at next (C:\projects\Data Governence\node_modules\express\lib\router\index.js:280:10)
        at next (C:\projects\Data Governence\src\middleware\requestLogger.js:16:3)
        at Layer.handle [as handle_request] (C:\projects\Data Governence\node_modules\express\lib\router\layer.js:95:5)
        at trim_prefix (C:\projects\Data Governence\node_modules\express\lib\router\index.js:328:13)
        at C:\projects\Data Governence\node_modules\express\lib\router\index.js:286:9
        at router.process_params (C:\projects\Data Governence\node_modules\express\lib\router\index.js:346:12)
        at next (C:\projects\Data Governence\node_modules\express\lib\router\index.js:280:10)
        at next (C:\projects\Data Governence\src\app.js:108:5)
        at Layer.handle [as handle_request] (C:\projects\Data Governence\node_modules\express\lib\router\layer.js:95:5)
        at trim_prefix (C:\projects\Data Governence\node_modules\express\lib\router\index.js:328:13)
        at C:\projects\Data Governence\node_modules\express\lib\router\index.js:286:9
        at router.process_params (C:\projects\Data Governence\node_modules\express\lib\router\index.js:346:12)
        at next (C:\projects\Data Governence\node_modules\express\lib\router\index.js:280:10)
        at logger (C:\projects\Data Governence\node_modules\morgan\index.js:144:5)
        at Layer.handle [as handle_request] (C:\projects\Data Governence\node_modules\express\lib\router\layer.js:95:5)
        at trim_prefix (C:\projects\Data Governence\node_modules\express\lib\router\index.js:328:13)
        at C:\projects\Data Governence\node_modules\express\lib\router\index.js:286:9
        at router.process_params (C:\projects\Data Governence\node_modules\express\lib\router\index.js:346:12)
        at next (C:\projects\Data Governence\node_modules\express\lib\router\index.js:280:10)
        at urlencodedParser (C:\projects\Data Governence\node_modules\body-parser\lib\types\urlencoded.js:91:7)
        at Layer.handle [as handle_request] (C:\projects\Data Governence\node_modules\express\lib\router\layer.js:95:5)
        at trim_prefix (C:\projects\Data Governence\node_modules\express\lib\router\index.js:328:13)
        at C:\projects\Data Governence\node_modules\express\lib\router\index.js:286:9
        at router.process_params (C:\projects\Data Governence\node_modules\express\lib\router\index.js:346:12)
        at next (C:\projects\Data Governence\node_modules\express\lib\router\index.js:280:10)
        at jsonParser (C:\projects\Data Governence\node_modules\body-parser\lib\types\json.js:113:7)
        at Layer.handle [as handle_request] (C:\projects\Data Governence\node_modules\express\lib\router\layer.js:95:5)
        at trim_prefix (C:\projects\Data Governence\node_modules\express\lib\router\index.js:328:13)
        at C:\projects\Data Governence\node_modules\express\lib\router\index.js:286:9
        at router.process_params (C:\projects\Data Governence\node_modules\express\lib\router\index.js:346:12)
        at next (C:\projects\Data Governence\node_modules\express\lib\router\index.js:280:10)
        at cors (C:\projects\Data Governence\node_modules\cors\lib\index.js:188:7)
        at C:\projects\Data Governence\node_modules\cors\lib\index.js:224:17
        at originCallback (C:\projects\Data Governence\node_modules\cors\lib\index.js:214:15)
        at C:\projects\Data Governence\node_modules\cors\lib\index.js:219:13
        at optionsCallback (C:\projects\Data Governence\node_modules\cors\lib\index.js:199:9)
        at corsMiddleware (C:\projects\Data Governence\node_modules\cors\lib\index.js:204:7)
        at Layer.handle [as handle_request] (C:\projects\Data Governence\node_modules\express\lib\router\layer.js:95:5)
        at trim_prefix (C:\projects\Data Governence\node_modules\express\lib\router\index.js:328:13)
        at C:\projects\Data Governence\node_modules\express\lib\router\index.js:286:9
        at router.process_params (C:\projects\Data Governence\node_modules\express\lib\router\index.js:346:12)
        at next (C:\projects\Data Governence\node_modules\express\lib\router\index.js:280:10)
        at internalNext (C:\projects\Data Governence\node_modules\helmet\index.mjs:533:6)
        at xXssProtectionMiddleware (C:\projects\Data Governence\node_modules\helmet\index.mjs:311:3)
        at internalNext (C:\projects\Data Governence\node_modules\helmet\index.mjs:531:6)
        at xPoweredByMiddleware (C:\projects\Data Governence\node_modules\helmet\index.mjs:304:3)
        at internalNext (C:\projects\Data Governence\node_modules\helmet\index.mjs:531:6)
        at xPermittedCrossDomainPoliciesMiddleware (C:\projects\Data Governence\node_modules\helmet\index.mjs:297:3)
        at internalNext (C:\projects\Data Governence\node_modules\helmet\index.mjs:531:6)
        at xFrameOptionsMiddleware (C:\projects\Data Governence\node_modules\helmet\index.mjs:281:3)
        at internalNext (C:\projects\Data Governence\node_modules\helmet\index.mjs:531:6)
        at xDownloadOptionsMiddleware (C:\projects\Data Governence\node_modules\helmet\index.mjs:261:3)
        at internalNext (C:\projects\Data Governence\node_modules\helmet\index.mjs:531:6)
        at xDnsPrefetchControlMiddleware (C:\projects\Data Governence\node_modules\helmet\index.mjs:254:3)
        at internalNext (C:\projects\Data Governence\node_modules\helmet\index.mjs:531:6)
        at xContentTypeOptionsMiddleware (C:\projects\Data Governence\node_modules\helmet\index.mjs:246:3)
        at internalNext (C:\projects\Data Governence\node_modules\helmet\index.mjs:531:6)
        at strictTransportSecurityMiddleware (C:\projects\Data Governence\node_modules\helmet\index.mjs:239:3)
        at internalNext (C:\projects\Data Governence\node_modules\helmet\index.mjs:531:6)
        at referrerPolicyMiddleware (C:\projects\Data Governence\node_modules\helmet\index.mjs:207:3)
        at internalNext (C:\projects\Data Governence\node_modules\helmet\index.mjs:531:6)
        at originAgentClusterMiddleware (C:\projects\Data Governence\node_modules\helmet\index.mjs:182:3)
        at internalNext (C:\projects\Data Governence\node_modules\helmet\index.mjs:531:6)
        at crossOriginResourcePolicyMiddleware (C:\projects\Data Governence\node_modules\helmet\index.mjs:175:3)
        at internalNext (C:\projects\Data Governence\node_modules\helmet\index.mjs:531:6)
        at crossOriginOpenerPolicyMiddleware (C:\projects\Data Governence\node_modules\helmet\index.mjs:159:3)
        at internalNext (C:\projects\Data Governence\node_modules\helmet\index.mjs:531:6)
        at contentSecurityPolicyMiddleware (C:\projects\Data Governence\node_modules\helmet\index.mjs:124:4)
        at internalNext (C:\projects\Data Governence\node_modules\helmet\index.mjs:531:6)
        at helmetMiddleware (C:\projects\Data Governence\node_modules\helmet\index.mjs:535:6)
        at Layer.handle [as handle_request] (C:\projects\Data Governence\node_modules\express\lib\router\layer.js:95:5)
        at trim_prefix (C:\projects\Data Governence\node_modules\express\lib\router\index.js:328:13) {
      status: 401,
      statusCode: 401,
      code: 'UNAUTHORIZED',
      details: undefined
    }

    [0m [90m 47 |[39m   [36mconst[39m safeDetails [33m=[39m isServerError [33m&&[39m [33m![39misDevelopment [33m?[39m [36mnull[39m [33m:[39m err[33m.[39mdetails [33m||[39m [36mnull[39m[33m;[39m
     [90m 48 |[39m
    [31m[1m>[22m[39m[90m 49 |[39m   console[33m.[39merror(
     [90m    |[39m           [31m[1m^[22m[39m
     [90m 50 |[39m     [32m`[ERROR] ${status} ${req.method} ${req.originalUrl} requestId=${requestId || 'n/a'}: ${originalMessage}`[39m[33m,[39m
     [90m 51 |[39m     err
     [90m 52 |[39m   )[33m;[39m[0m

      at error (src/middleware/errorHandler.js:49:11)
      at Layer.handle_error (node_modules/express/lib/router/layer.js:71:5)
      at trim_prefix (node_modules/express/lib/router/index.js:326:13)
      at node_modules/express/lib/router/index.js:286:9
      at router.process_params (node_modules/express/lib/router/index.js:346:12)
      at next (node_modules/express/lib/router/index.js:280:10)
      at Layer.handle_error (node_modules/express/lib/router/layer.js:67:12)
      at trim_prefix (node_modules/express/lib/router/index.js:326:13)
      at node_modules/express/lib/router/index.js:286:9
      at router.process_params (node_modules/express/lib/router/index.js:346:12)
      at next (node_modules/express/lib/router/index.js:280:10)
      at Layer.handle_error (node_modules/express/lib/router/layer.js:67:12)
      at trim_prefix (node_modules/express/lib/router/index.js:326:13)
      at node_modules/express/lib/router/index.js:286:9
      at router.process_params (node_modules/express/lib/router/index.js:346:12)
      at next (node_modules/express/lib/router/index.js:280:10)
      at node_modules/express/lib/router/index.js:646:15
      at next (node_modules/express/lib/router/index.js:265:14)
      at node_modules/express/lib/router/index.js:646:15
      at next (node_modules/express/lib/router/index.js:265:14)
      at next (node_modules/express/lib/router/route.js:141:14)
      at Layer.handle_error (node_modules/express/lib/router/layer.js:67:12)
      at next (node_modules/express/lib/router/route.js:147:13)
      at next (src/middleware/auth.js:18:14)
      at handler (src/utils/apiRouter.js:14:22)
      at Layer.handle [as handle_request] (node_modules/express/lib/router/layer.js:95:5)
      at next (node_modules/express/lib/router/route.js:149:13)
      at Route.dispatch (node_modules/express/lib/router/route.js:119:3)
      at Layer.handle [as handle_request] (node_modules/express/lib/router/layer.js:95:5)
      at node_modules/express/lib/router/index.js:284:15
      at router.process_params (node_modules/express/lib/router/index.js:346:12)
      at next (node_modules/express/lib/router/index.js:280:10)
      at router.handle (node_modules/express/lib/router/index.js:175:3)
      at router (node_modules/express/lib/router/index.js:47:12)
      at Layer.handle [as handle_request] (node_modules/express/lib/router/layer.js:95:5)
      at trim_prefix (node_modules/express/lib/router/index.js:328:13)
      at node_modules/express/lib/router/index.js:286:9
      at router.process_params (node_modules/express/lib/router/index.js:346:12)
      at next (node_modules/express/lib/router/index.js:280:10)
      at router.handle (node_modules/express/lib/router/index.js:175:3)
      at router (node_modules/express/lib/router/index.js:47:12)
      at Layer.handle [as handle_request] (node_modules/express/lib/router/layer.js:95:5)
      at trim_prefix (node_modules/express/lib/router/index.js:328:13)
      at node_modules/express/lib/router/index.js:286:9
      at router.process_params (node_modules/express/lib/router/index.js:346:12)
      at next (node_modules/express/lib/router/index.js:280:10)
      at next (src/middleware/performanceMonitor.js:19:3)
      at Layer.handle [as handle_request] (node_modules/express/lib/router/layer.js:95:5)
      at trim_prefix (node_modules/express/lib/router/index.js:328:13)
      at node_modules/express/lib/router/index.js:286:9
      at router.process_params (node_modules/express/lib/router/index.js:346:12)
      at next (node_modules/express/lib/router/index.js:280:10)
      at next (src/middleware/requestLogger.js:16:3)
      at Layer.handle [as handle_request] (node_modules/express/lib/router/layer.js:95:5)
      at trim_prefix (node_modules/express/lib/router/index.js:328:13)
      at node_modules/express/lib/router/index.js:286:9
      at router.process_params (node_modules/express/lib/router/index.js:346:12)
      at next (node_modules/express/lib/router/index.js:280:10)
      at next (src/app.js:108:5)
      at Layer.handle [as handle_request] (node_modules/express/lib/router/layer.js:95:5)
      at trim_prefix (node_modules/express/lib/router/index.js:328:13)
      at node_modules/express/lib/router/index.js:286:9
      at router.process_params (node_modules/express/lib/router/index.js:346:12)
      at next (node_modules/express/lib/router/index.js:280:10)
      at logger (node_modules/morgan/index.js:144:5)
      at Layer.handle [as handle_request] (node_modules/express/lib/router/layer.js:95:5)
      at trim_prefix (node_modules/express/lib/router/index.js:328:13)
      at node_modules/express/lib/router/index.js:286:9
      at router.process_params (node_modules/express/lib/router/index.js:346:12)
      at next (node_modules/express/lib/router/index.js:280:10)
      at urlencodedParser (node_modules/body-parser/lib/types/urlencoded.js:91:7)
      at Layer.handle [as handle_request] (node_modules/express/lib/router/layer.js:95:5)
      at trim_prefix (node_modules/express/lib/router/index.js:328:13)
      at node_modules/express/lib/router/index.js:286:9
      at router.process_params (node_modules/express/lib/router/index.js:346:12)
      at next (node_modules/express/lib/router/index.js:280:10)
      at jsonParser (node_modules/body-parser/lib/types/json.js:113:7)
      at Layer.handle [as handle_request] (node_modules/express/lib/router/layer.js:95:5)
      at trim_prefix (node_modules/express/lib/router/index.js:328:13)
      at node_modules/express/lib/router/index.js:286:9
      at router.process_params (node_modules/express/lib/router/index.js:346:12)
      at next (node_modules/express/lib/router/index.js:280:10)
      at cors (node_modules/cors/lib/index.js:188:7)
      at node_modules/cors/lib/index.js:224:17
      at originCallback (node_modules/cors/lib/index.js:214:15)
      at node_modules/cors/lib/index.js:219:13
      at optionsCallback (node_modules/cors/lib/index.js:199:9)
      at corsMiddleware (node_modules/cors/lib/index.js:204:7)
      at Layer.handle [as handle_request] (node_modules/express/lib/router/layer.js:95:5)
      at trim_prefix (node_modules/express/lib/router/index.js:328:13)
      at node_modules/express/lib/router/index.js:286:9
      at router.process_params (node_modules/express/lib/router/index.js:346:12)
      at next (node_modules/express/lib/router/index.js:280:10)
      at internalNext (node_modules/helmet/index.mjs:533:6)
      at xXssProtectionMiddleware (node_modules/helmet/index.mjs:311:3)
      at internalNext (node_modules/helmet/index.mjs:531:6)
      at xPoweredByMiddleware (node_modules/helmet/index.mjs:304:3)

::ffff:127.0.0.1 - - [13/May/2026:12:10:42 +0000] "GET /api/v1/products HTTP/1.1" 401 428 "-" "-"
  console.log
    [2026-05-13T12:10:42.516Z] GET /api/v1/products - 401 (94ms)

      at ServerResponse.log (src/middleware/requestLogger.js:11:13)

(node:75296) ExperimentalWarning: VM Modules is an experimental feature and might change at any time
(Use `node --trace-warnings ...` to show where the warning was created)
(node:61256) ExperimentalWarning: VM Modules is an experimental feature and might change at any time
(Use `node --trace-warnings ...` to show where the warning was created)
::ffff:127.0.0.1 - - [13/May/2026:12:10:42 +0000] "GET /health HTTP/1.1" 200 94 "-" "-"
  console.error
    [ERROR] 401 GET /api/v1/integrations/settings requestId=08445498-cceb-476e-9b41-b04fec0a9469: Missing or invalid authorization token ApiError: Missing or invalid authorization token
        at authenticate (C:\projects\Data Governence\src\middleware\auth.js:19:9)
        at handler (C:\projects\Data Governence\src\utils\apiRouter.js:14:22)
        at Layer.handle [as handle_request] (C:\projects\Data Governence\node_modules\express\lib\router\layer.js:95:5)
        at trim_prefix (C:\projects\Data Governence\node_modules\express\lib\router\index.js:328:13)
        at C:\projects\Data Governence\node_modules\express\lib\router\index.js:286:9
        at router.process_params (C:\projects\Data Governence\node_modules\express\lib\router\index.js:346:12)
        at next (C:\projects\Data Governence\node_modules\express\lib\router\index.js:280:10)
        at router.handle (C:\projects\Data Governence\node_modules\express\lib\router\index.js:175:3)
        at router (C:\projects\Data Governence\node_modules\express\lib\router\index.js:47:12)
        ... collapsed 7 duplicate lines matching above lines ...
        at Layer.handle [as handle_request] (C:\projects\Data Governence\node_modules\express\lib\router\layer.js:95:5)
        at trim_prefix (C:\projects\Data Governence\node_modules\express\lib\router\index.js:328:13)
        at C:\projects\Data Governence\node_modules\express\lib\router\index.js:286:9
        at router.process_params (C:\projects\Data Governence\node_modules\express\lib\router\index.js:346:12)
        at next (C:\projects\Data Governence\node_modules\express\lib\router\index.js:280:10)
        at next (C:\projects\Data Governence\src\middleware\performanceMonitor.js:19:3)
        at Layer.handle [as handle_request] (C:\projects\Data Governence\node_modules\express\lib\router\layer.js:95:5)
        at trim_prefix (C:\projects\Data Governence\node_modules\express\lib\router\index.js:328:13)
        at C:\projects\Data Governence\node_modules\express\lib\router\index.js:286:9
        at router.process_params (C:\projects\Data Governence\node_modules\express\lib\router\index.js:346:12)
        at next (C:\projects\Data Governence\node_modules\express\lib\router\index.js:280:10)
        at next (C:\projects\Data Governence\src\middleware\requestLogger.js:16:3)
        at Layer.handle [as handle_request] (C:\projects\Data Governence\node_modules\express\lib\router\layer.js:95:5)
        at trim_prefix (C:\projects\Data Governence\node_modules\express\lib\router\index.js:328:13)
        at C:\projects\Data Governence\node_modules\express\lib\router\index.js:286:9
        at router.process_params (C:\projects\Data Governence\node_modules\express\lib\router\index.js:346:12)
        at next (C:\projects\Data Governence\node_modules\express\lib\router\index.js:280:10)
        at next (C:\projects\Data Governence\src\app.js:108:5)
        at Layer.handle [as handle_request] (C:\projects\Data Governence\node_modules\express\lib\router\layer.js:95:5)
        at trim_prefix (C:\projects\Data Governence\node_modules\express\lib\router\index.js:328:13)
        at C:\projects\Data Governence\node_modules\express\lib\router\index.js:286:9
        at router.process_params (C:\projects\Data Governence\node_modules\express\lib\router\index.js:346:12)
        at next (C:\projects\Data Governence\node_modules\express\lib\router\index.js:280:10)
        at logger (C:\projects\Data Governence\node_modules\morgan\index.js:144:5)
        at Layer.handle [as handle_request] (C:\projects\Data Governence\node_modules\express\lib\router\layer.js:95:5)
        at trim_prefix (C:\projects\Data Governence\node_modules\express\lib\router\index.js:328:13)
        at C:\projects\Data Governence\node_modules\express\lib\router\index.js:286:9
        at router.process_params (C:\projects\Data Governence\node_modules\express\lib\router\index.js:346:12)
        at next (C:\projects\Data Governence\node_modules\express\lib\router\index.js:280:10)
        at urlencodedParser (C:\projects\Data Governence\node_modules\body-parser\lib\types\urlencoded.js:91:7)
        at Layer.handle [as handle_request] (C:\projects\Data Governence\node_modules\express\lib\router\layer.js:95:5)
        at trim_prefix (C:\projects\Data Governence\node_modules\express\lib\router\index.js:328:13)
        at C:\projects\Data Governence\node_modules\express\lib\router\index.js:286:9
        at router.process_params (C:\projects\Data Governence\node_modules\express\lib\router\index.js:346:12)
        at next (C:\projects\Data Governence\node_modules\express\lib\router\index.js:280:10)
        at jsonParser (C:\projects\Data Governence\node_modules\body-parser\lib\types\json.js:113:7)
        at Layer.handle [as handle_request] (C:\projects\Data Governence\node_modules\express\lib\router\layer.js:95:5)
        at trim_prefix (C:\projects\Data Governence\node_modules\express\lib\router\index.js:328:13)
        at C:\projects\Data Governence\node_modules\express\lib\router\index.js:286:9
        at router.process_params (C:\projects\Data Governence\node_modules\express\lib\router\index.js:346:12)
        at next (C:\projects\Data Governence\node_modules\express\lib\router\index.js:280:10)
        at cors (C:\projects\Data Governence\node_modules\cors\lib\index.js:188:7)
        at C:\projects\Data Governence\node_modules\cors\lib\index.js:224:17
        at originCallback (C:\projects\Data Governence\node_modules\cors\lib\index.js:214:15)
        at C:\projects\Data Governence\node_modules\cors\lib\index.js:219:13
        at optionsCallback (C:\projects\Data Governence\node_modules\cors\lib\index.js:199:9)
        at corsMiddleware (C:\projects\Data Governence\node_modules\cors\lib\index.js:204:7)
        at Layer.handle [as handle_request] (C:\projects\Data Governence\node_modules\express\lib\router\layer.js:95:5)
        at trim_prefix (C:\projects\Data Governence\node_modules\express\lib\router\index.js:328:13)
        at C:\projects\Data Governence\node_modules\express\lib\router\index.js:286:9
        at router.process_params (C:\projects\Data Governence\node_modules\express\lib\router\index.js:346:12)
        at next (C:\projects\Data Governence\node_modules\express\lib\router\index.js:280:10)
        at internalNext (C:\projects\Data Governence\node_modules\helmet\index.mjs:533:6)
        at xXssProtectionMiddleware (C:\projects\Data Governence\node_modules\helmet\index.mjs:311:3)
        at internalNext (C:\projects\Data Governence\node_modules\helmet\index.mjs:531:6)
        at xPoweredByMiddleware (C:\projects\Data Governence\node_modules\helmet\index.mjs:304:3)
        at internalNext (C:\projects\Data Governence\node_modules\helmet\index.mjs:531:6)
        at xPermittedCrossDomainPoliciesMiddleware (C:\projects\Data Governence\node_modules\helmet\index.mjs:297:3)
        at internalNext (C:\projects\Data Governence\node_modules\helmet\index.mjs:531:6)
        at xFrameOptionsMiddleware (C:\projects\Data Governence\node_modules\helmet\index.mjs:281:3)
        at internalNext (C:\projects\Data Governence\node_modules\helmet\index.mjs:531:6)
        at xDownloadOptionsMiddleware (C:\projects\Data Governence\node_modules\helmet\index.mjs:261:3)
        at internalNext (C:\projects\Data Governence\node_modules\helmet\index.mjs:531:6)
        at xDnsPrefetchControlMiddleware (C:\projects\Data Governence\node_modules\helmet\index.mjs:254:3)
        at internalNext (C:\projects\Data Governence\node_modules\helmet\index.mjs:531:6)
        at xContentTypeOptionsMiddleware (C:\projects\Data Governence\node_modules\helmet\index.mjs:246:3)
        at internalNext (C:\projects\Data Governence\node_modules\helmet\index.mjs:531:6)
        at strictTransportSecurityMiddleware (C:\projects\Data Governence\node_modules\helmet\index.mjs:239:3)
        at internalNext (C:\projects\Data Governence\node_modules\helmet\index.mjs:531:6)
        at referrerPolicyMiddleware (C:\projects\Data Governence\node_modules\helmet\index.mjs:207:3)
        at internalNext (C:\projects\Data Governence\node_modules\helmet\index.mjs:531:6)
        at originAgentClusterMiddleware (C:\projects\Data Governence\node_modules\helmet\index.mjs:182:3)
        at internalNext (C:\projects\Data Governence\node_modules\helmet\index.mjs:531:6)
        at crossOriginResourcePolicyMiddleware (C:\projects\Data Governence\node_modules\helmet\index.mjs:175:3)
        at internalNext (C:\projects\Data Governence\node_modules\helmet\index.mjs:531:6)
        at crossOriginOpenerPolicyMiddleware (C:\projects\Data Governence\node_modules\helmet\index.mjs:159:3)
        at internalNext (C:\projects\Data Governence\node_modules\helmet\index.mjs:531:6)
        at contentSecurityPolicyMiddleware (C:\projects\Data Governence\node_modules\helmet\index.mjs:124:4)
        at internalNext (C:\projects\Data Governence\node_modules\helmet\index.mjs:531:6)
        at helmetMiddleware (C:\projects\Data Governence\node_modules\helmet\index.mjs:535:6)
        at Layer.handle [as handle_request] (C:\projects\Data Governence\node_modules\express\lib\router\layer.js:95:5)
        at trim_prefix (C:\projects\Data Governence\node_modules\express\lib\router\index.js:328:13)
        at C:\projects\Data Governence\node_modules\express\lib\router\index.js:286:9
        at router.process_params (C:\projects\Data Governence\node_modules\express\lib\router\index.js:346:12) {
      status: 401,
      statusCode: 401,
      code: 'UNAUTHORIZED',
      details: undefined
    }

    [0m [90m 47 |[39m   [36mconst[39m safeDetails [33m=[39m isServerError [33m&&[39m [33m![39misDevelopment [33m?[39m [36mnull[39m [33m:[39m err[33m.[39mdetails [33m||[39m [36mnull[39m[33m;[39m
     [90m 48 |[39m
    [31m[1m>[22m[39m[90m 49 |[39m   console[33m.[39merror(
     [90m    |[39m           [31m[1m^[22m[39m
     [90m 50 |[39m     [32m`[ERROR] ${status} ${req.method} ${req.originalUrl} requestId=${requestId || 'n/a'}: ${originalMessage}`[39m[33m,[39m
     [90m 51 |[39m     err
     [90m 52 |[39m   )[33m;[39m[0m

      at error (src/middleware/errorHandler.js:49:11)
      at Layer.handle_error (node_modules/express/lib/router/layer.js:71:5)
      at trim_prefix (node_modules/express/lib/router/index.js:326:13)
      at node_modules/express/lib/router/index.js:286:9
      at router.process_params (node_modules/express/lib/router/index.js:346:12)
      at next (node_modules/express/lib/router/index.js:280:10)
      at Layer.handle_error (node_modules/express/lib/router/layer.js:67:12)
      at trim_prefix (node_modules/express/lib/router/index.js:326:13)
      at node_modules/express/lib/router/index.js:286:9
      at router.process_params (node_modules/express/lib/router/index.js:346:12)
      at next (node_modules/express/lib/router/index.js:280:10)
      at Layer.handle_error (node_modules/express/lib/router/layer.js:67:12)
      at trim_prefix (node_modules/express/lib/router/index.js:326:13)
      at node_modules/express/lib/router/index.js:286:9
      at router.process_params (node_modules/express/lib/router/index.js:346:12)
      at next (node_modules/express/lib/router/index.js:280:10)
      at node_modules/express/lib/router/index.js:646:15
      at next (node_modules/express/lib/router/index.js:265:14)
      at node_modules/express/lib/router/index.js:646:15
      at next (node_modules/express/lib/router/index.js:265:14)
      at next (src/middleware/auth.js:18:14)
      at handler (src/utils/apiRouter.js:14:22)
      at Layer.handle [as handle_request] (node_modules/express/lib/router/layer.js:95:5)
      at trim_prefix (node_modules/express/lib/router/index.js:328:13)
      at node_modules/express/lib/router/index.js:286:9
      at router.process_params (node_modules/express/lib/router/index.js:346:12)
      at next (node_modules/express/lib/router/index.js:280:10)
      at router.handle (node_modules/express/lib/router/index.js:175:3)
      at router (node_modules/express/lib/router/index.js:47:12)
      at Layer.handle [as handle_request] (node_modules/express/lib/router/layer.js:95:5)
      at trim_prefix (node_modules/express/lib/router/index.js:328:13)
      at node_modules/express/lib/router/index.js:286:9
      at router.process_params (node_modules/express/lib/router/index.js:346:12)
      at next (node_modules/express/lib/router/index.js:280:10)
      at router.handle (node_modules/express/lib/router/index.js:175:3)
      at router (node_modules/express/lib/router/index.js:47:12)
      at Layer.handle [as handle_request] (node_modules/express/lib/router/layer.js:95:5)
      at trim_prefix (node_modules/express/lib/router/index.js:328:13)
      at node_modules/express/lib/router/index.js:286:9
      at router.process_params (node_modules/express/lib/router/index.js:346:12)
      at next (node_modules/express/lib/router/index.js:280:10)
      at next (src/middleware/performanceMonitor.js:19:3)
      at Layer.handle [as handle_request] (node_modules/express/lib/router/layer.js:95:5)
      at trim_prefix (node_modules/express/lib/router/index.js:328:13)
      at node_modules/express/lib/router/index.js:286:9
      at router.process_params (node_modules/express/lib/router/index.js:346:12)
      at next (node_modules/express/lib/router/index.js:280:10)
      at next (src/middleware/requestLogger.js:16:3)
      at Layer.handle [as handle_request] (node_modules/express/lib/router/layer.js:95:5)
      at trim_prefix (node_modules/express/lib/router/index.js:328:13)
      at node_modules/express/lib/router/index.js:286:9
      at router.process_params (node_modules/express/lib/router/index.js:346:12)
      at next (node_modules/express/lib/router/index.js:280:10)
      at next (src/app.js:108:5)
      at Layer.handle [as handle_request] (node_modules/express/lib/router/layer.js:95:5)
      at trim_prefix (node_modules/express/lib/router/index.js:328:13)
      at node_modules/express/lib/router/index.js:286:9
      at router.process_params (node_modules/express/lib/router/index.js:346:12)
      at next (node_modules/express/lib/router/index.js:280:10)
      at logger (node_modules/morgan/index.js:144:5)
      at Layer.handle [as handle_request] (node_modules/express/lib/router/layer.js:95:5)
      at trim_prefix (node_modules/express/lib/router/index.js:328:13)
      at node_modules/express/lib/router/index.js:286:9
      at router.process_params (node_modules/express/lib/router/index.js:346:12)
      at next (node_modules/express/lib/router/index.js:280:10)
      at urlencodedParser (node_modules/body-parser/lib/types/urlencoded.js:91:7)
      at Layer.handle [as handle_request] (node_modules/express/lib/router/layer.js:95:5)
      at trim_prefix (node_modules/express/lib/router/index.js:328:13)
      at node_modules/express/lib/router/index.js:286:9
      at router.process_params (node_modules/express/lib/router/index.js:346:12)
      at next (node_modules/express/lib/router/index.js:280:10)
      at jsonParser (node_modules/body-parser/lib/types/json.js:113:7)
      at Layer.handle [as handle_request] (node_modules/express/lib/router/layer.js:95:5)
      at trim_prefix (node_modules/express/lib/router/index.js:328:13)
      at node_modules/express/lib/router/index.js:286:9
      at router.process_params (node_modules/express/lib/router/index.js:346:12)
      at next (node_modules/express/lib/router/index.js:280:10)
      at cors (node_modules/cors/lib/index.js:188:7)
      at node_modules/cors/lib/index.js:224:17
      at originCallback (node_modules/cors/lib/index.js:214:15)
      at node_modules/cors/lib/index.js:219:13
      at optionsCallback (node_modules/cors/lib/index.js:199:9)
      at corsMiddleware (node_modules/cors/lib/index.js:204:7)
      at Layer.handle [as handle_request] (node_modules/express/lib/router/layer.js:95:5)
      at trim_prefix (node_modules/express/lib/router/index.js:328:13)
      at node_modules/express/lib/router/index.js:286:9
      at router.process_params (node_modules/express/lib/router/index.js:346:12)
      at next (node_modules/express/lib/router/index.js:280:10)
      at internalNext (node_modules/helmet/index.mjs:533:6)
      at xXssProtectionMiddleware (node_modules/helmet/index.mjs:311:3)
      at internalNext (node_modules/helmet/index.mjs:531:6)
      at xPoweredByMiddleware (node_modules/helmet/index.mjs:304:3)
      at internalNext (node_modules/helmet/index.mjs:531:6)
      at xPermittedCrossDomainPoliciesMiddleware (node_modules/helmet/index.mjs:297:3)
      at internalNext (node_modules/helmet/index.mjs:531:6)
      at xFrameOptionsMiddleware (node_modules/helmet/index.mjs:281:3)
      at internalNext (node_modules/helmet/index.mjs:531:6)

::ffff:127.0.0.1 - - [13/May/2026:12:10:42 +0000] "GET /api/v1/integrations/settings HTTP/1.1" 401 441 "-" "-"
  console.log
    [2026-05-13T12:10:42.535Z] GET /api/v1/integrations/settings - 401 (86ms)

      at ServerResponse.log (src/middleware/requestLogger.js:11:13)

::ffff:127.0.0.1 - - [13/May/2026:12:10:42 +0000] "POST /api/v1/data-products/products HTTP/1.1" 201 784 "-" "-"
  console.log
    [2026-05-13T12:10:42.507Z] POST /login - 200 (3ms)

      at ServerResponse.log (src/middleware/requestLogger.js:11:13)

::ffff:127.0.0.1 - - [13/May/2026:12:10:42 +0000] "GET /api/v1/products HTTP/1.1" 200 997 "-" "-"
  console.log
    [2026-05-13T12:10:42.555Z] GET / - 200 (24ms)

      at ServerResponse.log (src/middleware/requestLogger.js:11:13)

  console.error
    [ERROR] 403 GET /api/v1/integrations/settings requestId=9e64199c-8c08-4de0-a493-74e5e15ff932: Admin role required ApiError: Admin role required
        at requireAdmin (C:\projects\Data Governence\src\middleware\auth.js:49:17)
        at handler (C:\projects\Data Governence\src\utils\apiRouter.js:14:22)
        at Layer.handle [as handle_request] (C:\projects\Data Governence\node_modules\express\lib\router\layer.js:95:5)
        at next (C:\projects\Data Governence\node_modules\express\lib\router\route.js:149:13)
        at Route.dispatch (C:\projects\Data Governence\node_modules\express\lib\router\route.js:119:3)
        at Layer.handle [as handle_request] (C:\projects\Data Governence\node_modules\express\lib\router\layer.js:95:5)
        at C:\projects\Data Governence\node_modules\express\lib\router\index.js:284:15
        at router.process_params (C:\projects\Data Governence\node_modules\express\lib\router\index.js:346:12)
        at next (C:\projects\Data Governence\node_modules\express\lib\router\index.js:280:10)
        at next (C:\projects\Data Governence\src\middleware\auth.js:32:12)
        at handler (C:\projects\Data Governence\src\utils\apiRouter.js:14:22)
        at Layer.handle [as handle_request] (C:\projects\Data Governence\node_modules\express\lib\router\layer.js:95:5)
        at trim_prefix (C:\projects\Data Governence\node_modules\express\lib\router\index.js:328:13)
        at C:\projects\Data Governence\node_modules\express\lib\router\index.js:286:9
        at router.process_params (C:\projects\Data Governence\node_modules\express\lib\router\index.js:346:12)
        at next (C:\projects\Data Governence\node_modules\express\lib\router\index.js:280:10)
        at router.handle (C:\projects\Data Governence\node_modules\express\lib\router\index.js:175:3)
        at router (C:\projects\Data Governence\node_modules\express\lib\router\index.js:47:12)
        ... collapsed 7 duplicate lines matching above lines ...
        at Layer.handle [as handle_request] (C:\projects\Data Governence\node_modules\express\lib\router\layer.js:95:5)
        at trim_prefix (C:\projects\Data Governence\node_modules\express\lib\router\index.js:328:13)
        at C:\projects\Data Governence\node_modules\express\lib\router\index.js:286:9
        at router.process_params (C:\projects\Data Governence\node_modules\express\lib\router\index.js:346:12)
        at next (C:\projects\Data Governence\node_modules\express\lib\router\index.js:280:10)
        at next (C:\projects\Data Governence\src\middleware\performanceMonitor.js:19:3)
        at Layer.handle [as handle_request] (C:\projects\Data Governence\node_modules\express\lib\router\layer.js:95:5)
        at trim_prefix (C:\projects\Data Governence\node_modules\express\lib\router\index.js:328:13)
        at C:\projects\Data Governence\node_modules\express\lib\router\index.js:286:9
        at router.process_params (C:\projects\Data Governence\node_modules\express\lib\router\index.js:346:12)
        at next (C:\projects\Data Governence\node_modules\express\lib\router\index.js:280:10)
        at next (C:\projects\Data Governence\src\middleware\requestLogger.js:16:3)
        at Layer.handle [as handle_request] (C:\projects\Data Governence\node_modules\express\lib\router\layer.js:95:5)
        at trim_prefix (C:\projects\Data Governence\node_modules\express\lib\router\index.js:328:13)
        at C:\projects\Data Governence\node_modules\express\lib\router\index.js:286:9
        at router.process_params (C:\projects\Data Governence\node_modules\express\lib\router\index.js:346:12)
        at next (C:\projects\Data Governence\node_modules\express\lib\router\index.js:280:10)
        at next (C:\projects\Data Governence\src\app.js:108:5)
        at Layer.handle [as handle_request] (C:\projects\Data Governence\node_modules\express\lib\router\layer.js:95:5)
        at trim_prefix (C:\projects\Data Governence\node_modules\express\lib\router\index.js:328:13)
        at C:\projects\Data Governence\node_modules\express\lib\router\index.js:286:9
        at router.process_params (C:\projects\Data Governence\node_modules\express\lib\router\index.js:346:12)
        at next (C:\projects\Data Governence\node_modules\express\lib\router\index.js:280:10)
        at logger (C:\projects\Data Governence\node_modules\morgan\index.js:144:5)
        at Layer.handle [as handle_request] (C:\projects\Data Governence\node_modules\express\lib\router\layer.js:95:5)
        at trim_prefix (C:\projects\Data Governence\node_modules\express\lib\router\index.js:328:13)
        at C:\projects\Data Governence\node_modules\express\lib\router\index.js:286:9
        at router.process_params (C:\projects\Data Governence\node_modules\express\lib\router\index.js:346:12)
        at next (C:\projects\Data Governence\node_modules\express\lib\router\index.js:280:10)
        at urlencodedParser (C:\projects\Data Governence\node_modules\body-parser\lib\types\urlencoded.js:91:7)
        at Layer.handle [as handle_request] (C:\projects\Data Governence\node_modules\express\lib\router\layer.js:95:5)
        at trim_prefix (C:\projects\Data Governence\node_modules\express\lib\router\index.js:328:13)
        at C:\projects\Data Governence\node_modules\express\lib\router\index.js:286:9
        at router.process_params (C:\projects\Data Governence\node_modules\express\lib\router\index.js:346:12)
        at next (C:\projects\Data Governence\node_modules\express\lib\router\index.js:280:10)
        at jsonParser (C:\projects\Data Governence\node_modules\body-parser\lib\types\json.js:113:7)
        at Layer.handle [as handle_request] (C:\projects\Data Governence\node_modules\express\lib\router\layer.js:95:5)
        at trim_prefix (C:\projects\Data Governence\node_modules\express\lib\router\index.js:328:13)
        at C:\projects\Data Governence\node_modules\express\lib\router\index.js:286:9
        at router.process_params (C:\projects\Data Governence\node_modules\express\lib\router\index.js:346:12)
        at next (C:\projects\Data Governence\node_modules\express\lib\router\index.js:280:10)
        at cors (C:\projects\Data Governence\node_modules\cors\lib\index.js:188:7)
        at C:\projects\Data Governence\node_modules\cors\lib\index.js:224:17
        at originCallback (C:\projects\Data Governence\node_modules\cors\lib\index.js:214:15)
        at C:\projects\Data Governence\node_modules\cors\lib\index.js:219:13
        at optionsCallback (C:\projects\Data Governence\node_modules\cors\lib\index.js:199:9)
        at corsMiddleware (C:\projects\Data Governence\node_modules\cors\lib\index.js:204:7)
        at Layer.handle [as handle_request] (C:\projects\Data Governence\node_modules\express\lib\router\layer.js:95:5)
        at trim_prefix (C:\projects\Data Governence\node_modules\express\lib\router\index.js:328:13)
        at C:\projects\Data Governence\node_modules\express\lib\router\index.js:286:9
        at router.process_params (C:\projects\Data Governence\node_modules\express\lib\router\index.js:346:12)
        at next (C:\projects\Data Governence\node_modules\express\lib\router\index.js:280:10)
        at internalNext (C:\projects\Data Governence\node_modules\helmet\index.mjs:533:6)
        at xXssProtectionMiddleware (C:\projects\Data Governence\node_modules\helmet\index.mjs:311:3)
        at internalNext (C:\projects\Data Governence\node_modules\helmet\index.mjs:531:6)
        at xPoweredByMiddleware (C:\projects\Data Governence\node_modules\helmet\index.mjs:304:3)
        at internalNext (C:\projects\Data Governence\node_modules\helmet\index.mjs:531:6)
        at xPermittedCrossDomainPoliciesMiddleware (C:\projects\Data Governence\node_modules\helmet\index.mjs:297:3)
        at internalNext (C:\projects\Data Governence\node_modules\helmet\index.mjs:531:6)
        at xFrameOptionsMiddleware (C:\projects\Data Governence\node_modules\helmet\index.mjs:281:3)
        at internalNext (C:\projects\Data Governence\node_modules\helmet\index.mjs:531:6)
        at xDownloadOptionsMiddleware (C:\projects\Data Governence\node_modules\helmet\index.mjs:261:3)
        at internalNext (C:\projects\Data Governence\node_modules\helmet\index.mjs:531:6)
        at xDnsPrefetchControlMiddleware (C:\projects\Data Governence\node_modules\helmet\index.mjs:254:3)
        at internalNext (C:\projects\Data Governence\node_modules\helmet\index.mjs:531:6)
        at xContentTypeOptionsMiddleware (C:\projects\Data Governence\node_modules\helmet\index.mjs:246:3)
        at internalNext (C:\projects\Data Governence\node_modules\helmet\index.mjs:531:6)
        at strictTransportSecurityMiddleware (C:\projects\Data Governence\node_modules\helmet\index.mjs:239:3)
        at internalNext (C:\projects\Data Governence\node_modules\helmet\index.mjs:531:6)
        at referrerPolicyMiddleware (C:\projects\Data Governence\node_modules\helmet\index.mjs:207:3)
        at internalNext (C:\projects\Data Governence\node_modules\helmet\index.mjs:531:6)
        at originAgentClusterMiddleware (C:\projects\Data Governence\node_modules\helmet\index.mjs:182:3)
        at internalNext (C:\projects\Data Governence\node_modules\helmet\index.mjs:531:6)
        at crossOriginResourcePolicyMiddleware (C:\projects\Data Governence\node_modules\helmet\index.mjs:175:3)
        at internalNext (C:\projects\Data Governence\node_modules\helmet\index.mjs:531:6) {
      status: 403,
      statusCode: 403,
      code: 'FORBIDDEN',
      details: undefined
    }

    [0m [90m 47 |[39m   [36mconst[39m safeDetails [33m=[39m isServerError [33m&&[39m [33m![39misDevelopment [33m?[39m [36mnull[39m [33m:[39m err[33m.[39mdetails [33m||[39m [36mnull[39m[33m;[39m
     [90m 48 |[39m
    [31m[1m>[22m[39m[90m 49 |[39m   console[33m.[39merror(
     [90m    |[39m           [31m[1m^[22m[39m
     [90m 50 |[39m     [32m`[ERROR] ${status} ${req.method} ${req.originalUrl} requestId=${requestId || 'n/a'}: ${originalMessage}`[39m[33m,[39m
     [90m 51 |[39m     err
     [90m 52 |[39m   )[33m;[39m[0m

      at error (src/middleware/errorHandler.js:49:11)
      at Layer.handle_error (node_modules/express/lib/router/layer.js:71:5)
      at trim_prefix (node_modules/express/lib/router/index.js:326:13)
      at node_modules/express/lib/router/index.js:286:9
      at router.process_params (node_modules/express/lib/router/index.js:346:12)
      at next (node_modules/express/lib/router/index.js:280:10)
      at Layer.handle_error (node_modules/express/lib/router/layer.js:67:12)
      at trim_prefix (node_modules/express/lib/router/index.js:326:13)
      at node_modules/express/lib/router/index.js:286:9
      at router.process_params (node_modules/express/lib/router/index.js:346:12)
      at next (node_modules/express/lib/router/index.js:280:10)
      at Layer.handle_error (node_modules/express/lib/router/layer.js:67:12)
      at trim_prefix (node_modules/express/lib/router/index.js:326:13)
      at node_modules/express/lib/router/index.js:286:9
      at router.process_params (node_modules/express/lib/router/index.js:346:12)
      at next (node_modules/express/lib/router/index.js:280:10)
      at node_modules/express/lib/router/index.js:646:15
      at next (node_modules/express/lib/router/index.js:265:14)
      at node_modules/express/lib/router/index.js:646:15
      at next (node_modules/express/lib/router/index.js:265:14)
      at next (node_modules/express/lib/router/route.js:141:14)
      at Layer.handle_error (node_modules/express/lib/router/layer.js:67:12)
      at next (node_modules/express/lib/router/route.js:147:13)
      at next (src/middleware/auth.js:49:12)
      at handler (src/utils/apiRouter.js:14:22)
      at Layer.handle [as handle_request] (node_modules/express/lib/router/layer.js:95:5)
      at next (node_modules/express/lib/router/route.js:149:13)
      at Route.dispatch (node_modules/express/lib/router/route.js:119:3)
      at Layer.handle [as handle_request] (node_modules/express/lib/router/layer.js:95:5)
      at node_modules/express/lib/router/index.js:284:15
      at router.process_params (node_modules/express/lib/router/index.js:346:12)
      at next (node_modules/express/lib/router/index.js:280:10)
      at next (src/middleware/auth.js:32:12)
      at handler (src/utils/apiRouter.js:14:22)
      at Layer.handle [as handle_request] (node_modules/express/lib/router/layer.js:95:5)
      at trim_prefix (node_modules/express/lib/router/index.js:328:13)
      at node_modules/express/lib/router/index.js:286:9
      at router.process_params (node_modules/express/lib/router/index.js:346:12)
      at next (node_modules/express/lib/router/index.js:280:10)
      at router.handle (node_modules/express/lib/router/index.js:175:3)
      at router (node_modules/express/lib/router/index.js:47:12)
      at Layer.handle [as handle_request] (node_modules/express/lib/router/layer.js:95:5)
      at trim_prefix (node_modules/express/lib/router/index.js:328:13)
      at node_modules/express/lib/router/index.js:286:9
      at router.process_params (node_modules/express/lib/router/index.js:346:12)
      at next (node_modules/express/lib/router/index.js:280:10)
      at router.handle (node_modules/express/lib/router/index.js:175:3)
      at router (node_modules/express/lib/router/index.js:47:12)
      at Layer.handle [as handle_request] (node_modules/express/lib/router/layer.js:95:5)
      at trim_prefix (node_modules/express/lib/router/index.js:328:13)
      at node_modules/express/lib/router/index.js:286:9
      at router.process_params (node_modules/express/lib/router/index.js:346:12)
      at next (node_modules/express/lib/router/index.js:280:10)
      at next (src/middleware/performanceMonitor.js:19:3)
      at Layer.handle [as handle_request] (node_modules/express/lib/router/layer.js:95:5)
      at trim_prefix (node_modules/express/lib/router/index.js:328:13)
      at node_modules/express/lib/router/index.js:286:9
      at router.process_params (node_modules/express/lib/router/index.js:346:12)
      at next (node_modules/express/lib/router/index.js:280:10)
      at next (src/middleware/requestLogger.js:16:3)
      at Layer.handle [as handle_request] (node_modules/express/lib/router/layer.js:95:5)
      at trim_prefix (node_modules/express/lib/router/index.js:328:13)
      at node_modules/express/lib/router/index.js:286:9
      at router.process_params (node_modules/express/lib/router/index.js:346:12)
      at next (node_modules/express/lib/router/index.js:280:10)
      at next (src/app.js:108:5)
      at Layer.handle [as handle_request] (node_modules/express/lib/router/layer.js:95:5)
      at trim_prefix (node_modules/express/lib/router/index.js:328:13)
      at node_modules/express/lib/router/index.js:286:9
      at router.process_params (node_modules/express/lib/router/index.js:346:12)
      at next (node_modules/express/lib/router/index.js:280:10)
      at logger (node_modules/morgan/index.js:144:5)
      at Layer.handle [as handle_request] (node_modules/express/lib/router/layer.js:95:5)
      at trim_prefix (node_modules/express/lib/router/index.js:328:13)
      at node_modules/express/lib/router/index.js:286:9
      at router.process_params (node_modules/express/lib/router/index.js:346:12)
      at next (node_modules/express/lib/router/index.js:280:10)
      at urlencodedParser (node_modules/body-parser/lib/types/urlencoded.js:91:7)
      at Layer.handle [as handle_request] (node_modules/express/lib/router/layer.js:95:5)
      at trim_prefix (node_modules/express/lib/router/index.js:328:13)
      at node_modules/express/lib/router/index.js:286:9
      at router.process_params (node_modules/express/lib/router/index.js:346:12)
      at next (node_modules/express/lib/router/index.js:280:10)
      at jsonParser (node_modules/body-parser/lib/types/json.js:113:7)
      at Layer.handle [as handle_request] (node_modules/express/lib/router/layer.js:95:5)
      at trim_prefix (node_modules/express/lib/router/index.js:328:13)
      at node_modules/express/lib/router/index.js:286:9
      at router.process_params (node_modules/express/lib/router/index.js:346:12)
      at next (node_modules/express/lib/router/index.js:280:10)
      at cors (node_modules/cors/lib/index.js:188:7)
      at node_modules/cors/lib/index.js:224:17
      at originCallback (node_modules/cors/lib/index.js:214:15)
      at node_modules/cors/lib/index.js:219:13
      at optionsCallback (node_modules/cors/lib/index.js:199:9)
      at corsMiddleware (node_modules/cors/lib/index.js:204:7)
      at Layer.handle [as handle_request] (node_modules/express/lib/router/layer.js:95:5)
      at trim_prefix (node_modules/express/lib/router/index.js:328:13)

  console.error
    [ERROR] 401 POST /api/v1/marketplace/requests requestId=32619c47-e572-4435-a49b-f407dc5a9e1f: Missing or invalid authorization token ApiError: Missing or invalid authorization token
        at authenticate (C:\projects\Data Governence\src\middleware\auth.js:19:9)
        at handler (C:\projects\Data Governence\src\utils\apiRouter.js:14:22)
        at Layer.handle [as handle_request] (C:\projects\Data Governence\node_modules\express\lib\router\layer.js:95:5)
        at next (C:\projects\Data Governence\node_modules\express\lib\router\route.js:149:13)
        at Route.dispatch (C:\projects\Data Governence\node_modules\express\lib\router\route.js:119:3)
        at Layer.handle [as handle_request] (C:\projects\Data Governence\node_modules\express\lib\router\layer.js:95:5)
        at C:\projects\Data Governence\node_modules\express\lib\router\index.js:284:15
        at router.process_params (C:\projects\Data Governence\node_modules\express\lib\router\index.js:346:12)
        at next (C:\projects\Data Governence\node_modules\express\lib\router\index.js:280:10)
        at router.handle (C:\projects\Data Governence\node_modules\express\lib\router\index.js:175:3)
        at router (C:\projects\Data Governence\node_modules\express\lib\router\index.js:47:12)
        at Layer.handle [as handle_request] (C:\projects\Data Governence\node_modules\express\lib\router\layer.js:95:5)
        at trim_prefix (C:\projects\Data Governence\node_modules\express\lib\router\index.js:328:13)
        at C:\projects\Data Governence\node_modules\express\lib\router\index.js:286:9
        ... collapsed 7 duplicate lines matching above lines ...
        at router.process_params (C:\projects\Data Governence\node_modules\express\lib\router\index.js:346:12)
        at next (C:\projects\Data Governence\node_modules\express\lib\router\index.js:280:10)
        at next (C:\projects\Data Governence\src\middleware\performanceMonitor.js:19:3)
        at Layer.handle [as handle_request] (C:\projects\Data Governence\node_modules\express\lib\router\layer.js:95:5)
        at trim_prefix (C:\projects\Data Governence\node_modules\express\lib\router\index.js:328:13)
        at C:\projects\Data Governence\node_modules\express\lib\router\index.js:286:9
        at router.process_params (C:\projects\Data Governence\node_modules\express\lib\router\index.js:346:12)
        at next (C:\projects\Data Governence\node_modules\express\lib\router\index.js:280:10)
        at next (C:\projects\Data Governence\src\middleware\requestLogger.js:16:3)
        at Layer.handle [as handle_request] (C:\projects\Data Governence\node_modules\express\lib\router\layer.js:95:5)
        at trim_prefix (C:\projects\Data Governence\node_modules\express\lib\router\index.js:328:13)
        at C:\projects\Data Governence\node_modules\express\lib\router\index.js:286:9
        at router.process_params (C:\projects\Data Governence\node_modules\express\lib\router\index.js:346:12)
        at next (C:\projects\Data Governence\node_modules\express\lib\router\index.js:280:10)
        at next (C:\projects\Data Governence\src\app.js:108:5)
        at Layer.handle [as handle_request] (C:\projects\Data Governence\node_modules\express\lib\router\layer.js:95:5)
        at trim_prefix (C:\projects\Data Governence\node_modules\express\lib\router\index.js:328:13)
        at C:\projects\Data Governence\node_modules\express\lib\router\index.js:286:9
        at router.process_params (C:\projects\Data Governence\node_modules\express\lib\router\index.js:346:12)
        at next (C:\projects\Data Governence\node_modules\express\lib\router\index.js:280:10)
        at logger (C:\projects\Data Governence\node_modules\morgan\index.js:144:5)
        at Layer.handle [as handle_request] (C:\projects\Data Governence\node_modules\express\lib\router\layer.js:95:5)
        at trim_prefix (C:\projects\Data Governence\node_modules\express\lib\router\index.js:328:13)
        at C:\projects\Data Governence\node_modules\express\lib\router\index.js:286:9
        at router.process_params (C:\projects\Data Governence\node_modules\express\lib\router\index.js:346:12)
        at next (C:\projects\Data Governence\node_modules\express\lib\router\index.js:280:10)
        at urlencodedParser (C:\projects\Data Governence\node_modules\body-parser\lib\types\urlencoded.js:82:7)
        at Layer.handle [as handle_request] (C:\projects\Data Governence\node_modules\express\lib\router\layer.js:95:5)
        at trim_prefix (C:\projects\Data Governence\node_modules\express\lib\router\index.js:328:13)
        at C:\projects\Data Governence\node_modules\express\lib\router\index.js:286:9
        at router.process_params (C:\projects\Data Governence\node_modules\express\lib\router\index.js:346:12)
        at next (C:\projects\Data Governence\node_modules\express\lib\router\index.js:280:10)
        at C:\projects\Data Governence\node_modules\body-parser\lib\read.js:137:5
        at AsyncResource.runInAsyncScope (node:async_hooks:214:14)
        at invokeCallback (C:\projects\Data Governence\node_modules\raw-body\index.js:238:16)
        at done (C:\projects\Data Governence\node_modules\raw-body\index.js:227:7)
        at IncomingMessage.onEnd (C:\projects\Data Governence\node_modules\raw-body\index.js:287:7)
        at IncomingMessage.emit (node:events:508:28)
        at endReadableNT (node:internal/streams/readable:1701:12)
        at processTicksAndRejections (node:internal/process/task_queues:90:21) {
      status: 401,
      statusCode: 401,
      code: 'UNAUTHORIZED',
      details: undefined
    }

    [0m [90m 47 |[39m   [36mconst[39m safeDetails [33m=[39m isServerError [33m&&[39m [33m![39misDevelopment [33m?[39m [36mnull[39m [33m:[39m err[33m.[39mdetails [33m||[39m [36mnull[39m[33m;[39m
     [90m 48 |[39m
    [31m[1m>[22m[39m[90m 49 |[39m   console[33m.[39merror(
     [90m    |[39m           [31m[1m^[22m[39m
     [90m 50 |[39m     [32m`[ERROR] ${status} ${req.method} ${req.originalUrl} requestId=${requestId || 'n/a'}: ${originalMessage}`[39m[33m,[39m
     [90m 51 |[39m     err
     [90m 52 |[39m   )[33m;[39m[0m

      at error (src/middleware/errorHandler.js:49:11)
      at Layer.handle_error (node_modules/express/lib/router/layer.js:71:5)
      at trim_prefix (node_modules/express/lib/router/index.js:326:13)
      at node_modules/express/lib/router/index.js:286:9
      at router.process_params (node_modules/express/lib/router/index.js:346:12)
      at next (node_modules/express/lib/router/index.js:280:10)
      at Layer.handle_error (node_modules/express/lib/router/layer.js:67:12)
      at trim_prefix (node_modules/express/lib/router/index.js:326:13)
      at node_modules/express/lib/router/index.js:286:9
      at router.process_params (node_modules/express/lib/router/index.js:346:12)
      at next (node_modules/express/lib/router/index.js:280:10)
      at Layer.handle_error (node_modules/express/lib/router/layer.js:67:12)
      at trim_prefix (node_modules/express/lib/router/index.js:326:13)
      at node_modules/express/lib/router/index.js:286:9
      at router.process_params (node_modules/express/lib/router/index.js:346:12)
      at next (node_modules/express/lib/router/index.js:280:10)
      at node_modules/express/lib/router/index.js:646:15
      at next (node_modules/express/lib/router/index.js:265:14)
      at node_modules/express/lib/router/index.js:646:15
      at next (node_modules/express/lib/router/index.js:265:14)
      at next (node_modules/express/lib/router/route.js:141:14)
      at Layer.handle_error (node_modules/express/lib/router/layer.js:67:12)
      at next (node_modules/express/lib/router/route.js:147:13)
      at next (src/middleware/auth.js:18:14)
      at handler (src/utils/apiRouter.js:14:22)
      at Layer.handle [as handle_request] (node_modules/express/lib/router/layer.js:95:5)
      at next (node_modules/express/lib/router/route.js:149:13)
      at Route.dispatch (node_modules/express/lib/router/route.js:119:3)
      at Layer.handle [as handle_request] (node_modules/express/lib/router/layer.js:95:5)
      at node_modules/express/lib/router/index.js:284:15
      at router.process_params (node_modules/express/lib/router/index.js:346:12)
      at next (node_modules/express/lib/router/index.js:280:10)
      at router.handle (node_modules/express/lib/router/index.js:175:3)
      at router (node_modules/express/lib/router/index.js:47:12)
      at Layer.handle [as handle_request] (node_modules/express/lib/router/layer.js:95:5)
      at trim_prefix (node_modules/express/lib/router/index.js:328:13)
      at node_modules/express/lib/router/index.js:286:9
      at router.process_params (node_modules/express/lib/router/index.js:346:12)
      at next (node_modules/express/lib/router/index.js:280:10)
      at router.handle (node_modules/express/lib/router/index.js:175:3)
      at router (node_modules/express/lib/router/index.js:47:12)
      at Layer.handle [as handle_request] (node_modules/express/lib/router/layer.js:95:5)
      at trim_prefix (node_modules/express/lib/router/index.js:328:13)
      at node_modules/express/lib/router/index.js:286:9
      at router.process_params (node_modules/express/lib/router/index.js:346:12)
      at next (node_modules/express/lib/router/index.js:280:10)
      at next (src/middleware/performanceMonitor.js:19:3)
      at Layer.handle [as handle_request] (node_modules/express/lib/router/layer.js:95:5)
      at trim_prefix (node_modules/express/lib/router/index.js:328:13)
      at node_modules/express/lib/router/index.js:286:9
      at router.process_params (node_modules/express/lib/router/index.js:346:12)
      at next (node_modules/express/lib/router/index.js:280:10)
      at next (src/middleware/requestLogger.js:16:3)
      at Layer.handle [as handle_request] (node_modules/express/lib/router/layer.js:95:5)
      at trim_prefix (node_modules/express/lib/router/index.js:328:13)
      at node_modules/express/lib/router/index.js:286:9
      at router.process_params (node_modules/express/lib/router/index.js:346:12)
      at next (node_modules/express/lib/router/index.js:280:10)
      at next (src/app.js:108:5)
      at Layer.handle [as handle_request] (node_modules/express/lib/router/layer.js:95:5)
      at trim_prefix (node_modules/express/lib/router/index.js:328:13)
      at node_modules/express/lib/router/index.js:286:9
      at router.process_params (node_modules/express/lib/router/index.js:346:12)
      at next (node_modules/express/lib/router/index.js:280:10)
      at logger (node_modules/morgan/index.js:144:5)
      at Layer.handle [as handle_request] (node_modules/express/lib/router/layer.js:95:5)
      at trim_prefix (node_modules/express/lib/router/index.js:328:13)
      at node_modules/express/lib/router/index.js:286:9
      at router.process_params (node_modules/express/lib/router/index.js:346:12)
      at next (node_modules/express/lib/router/index.js:280:10)
      at urlencodedParser (node_modules/body-parser/lib/types/urlencoded.js:82:7)
      at Layer.handle [as handle_request] (node_modules/express/lib/router/layer.js:95:5)
      at trim_prefix (node_modules/express/lib/router/index.js:328:13)
      at node_modules/express/lib/router/index.js:286:9
      at router.process_params (node_modules/express/lib/router/index.js:346:12)
      at next (node_modules/express/lib/router/index.js:280:10)
      at node_modules/body-parser/lib/read.js:137:5
      at invokeCallback (node_modules/raw-body/index.js:238:16)
      at done (node_modules/raw-body/index.js:227:7)
      at IncomingMessage.onEnd (node_modules/raw-body/index.js:287:7)

::ffff:127.0.0.1 - - [13/May/2026:12:10:42 +0000] "GET /api/v1/integrations/settings HTTP/1.1" 403 397 "-" "-"
  console.log
    [2026-05-13T12:10:42.560Z] GET /api/v1/integrations/settings - 403 (11ms)

      at ServerResponse.log (src/middleware/requestLogger.js:11:13)

::ffff:127.0.0.1 - - [13/May/2026:12:10:42 +0000] "GET /api/v1/integrations/settings HTTP/1.1" 200 281 "-" "-"
  console.log
    [2026-05-13T12:10:42.565Z] GET /settings - 200 (0ms)

      at ServerResponse.log (src/middleware/requestLogger.js:11:13)

::ffff:127.0.0.1 - - [13/May/2026:12:10:42 +0000] "POST /api/v1/auth/login HTTP/1.1" 200 746 "-" "-"
  console.log
    [2026-05-13T12:10:42.562Z] POST /login - 200 (5ms)

      at ServerResponse.log (src/middleware/requestLogger.js:11:13)

::ffff:127.0.0.1 - - [13/May/2026:12:10:42 +0000] "POST /api/v1/marketplace/requests HTTP/1.1" 401 441 "-" "-"
  console.log
    [2026-05-13T12:10:42.562Z] POST /api/v1/marketplace/requests - 401 (83ms)

      at ServerResponse.log (src/middleware/requestLogger.js:11:13)

::ffff:127.0.0.1 - - [13/May/2026:12:10:42 +0000] "POST /api/v1/marketplace/requests HTTP/1.1" 201 1024 "-" "-"
  console.log
    [2026-05-13T12:10:42.573Z] POST /requests - 201 (2ms)

      at ServerResponse.log (src/middleware/requestLogger.js:11:13)

  console.log
    [2026-05-13T12:10:42.527Z] GET / - 200 (3ms)

      at ServerResponse.log (src/middleware/requestLogger.js:11:13)

::ffff:127.0.0.1 - - [13/May/2026:12:10:42 +0000] "POST /api/v1/marketplace/requests HTTP/1.1" 201 964 "-" "-"
  console.log
    [2026-05-13T12:10:42.579Z] POST /requests - 201 (1ms)

      at ServerResponse.log (src/middleware/requestLogger.js:11:13)

  console.log
    [2026-05-13T12:10:42.543Z] POST /products - 201 (6ms)

      at ServerResponse.log (src/middleware/requestLogger.js:11:13)

::ffff:127.0.0.1 - - [13/May/2026:12:10:42 +0000] "GET /api/v1/marketplace/requests?scope=mine HTTP/1.1" 200 1015 "-" "-"
::ffff:127.0.0.1 - - [13/May/2026:12:10:42 +0000] "PUT /api/v1/integrations/notifications/email HTTP/1.1" 200 164 "-" "-"
  console.log
    [2026-05-13T12:10:42.586Z] GET /requests - 200 (2ms)

      at ServerResponse.log (src/middleware/requestLogger.js:11:13)

  console.log
    [2026-05-13T12:10:42.586Z] PUT /notifications/email - 200 (1ms)

      at ServerResponse.log (src/middleware/requestLogger.js:11:13)

::ffff:127.0.0.1 - - [13/May/2026:12:10:42 +0000] "GET /api/v1 HTTP/1.1" 200 1563 "-" "-"
  console.log
    [2026-05-13T12:10:42.586Z] GET / - 200 (0ms)

      at ServerResponse.log (src/middleware/requestLogger.js:11:13)

::ffff:127.0.0.1 - - [13/May/2026:12:10:42 +0000] "POST /api/v1/integrations/notifications/send HTTP/1.1" 200 214 "-" "-"
::ffff:127.0.0.1 - - [13/May/2026:12:10:42 +0000] "POST /api/v1/products HTTP/1.1" 201 619 "-" "-"
  console.log
    [2026-05-13T12:10:42.590Z] POST /notifications/send - 200 (0ms)

      at ServerResponse.log (src/middleware/requestLogger.js:11:13)

::ffff:127.0.0.1 - - [13/May/2026:12:10:42 +0000] "POST /api/v1/marketplace/requests HTTP/1.1" 201 964 "-" "-"
  console.log
    [2026-05-13T12:10:42.590Z] POST / - 201 (14ms)

      at ServerResponse.log (src/middleware/requestLogger.js:11:13)

  console.log
    [2026-05-13T12:10:42.591Z] POST /requests - 201 (0ms)

      at ServerResponse.log (src/middleware/requestLogger.js:11:13)

::ffff:127.0.0.1 - - [13/May/2026:12:10:42 +0000] "GET /health HTTP/1.1" 200 94 "-" "-"
  console.error
    [ERROR] 401 GET /api/v1/docs/library requestId=68a839f9-7c5a-495b-8241-a0d89e3b6c99: Missing or invalid authorization token ApiError: Missing or invalid authorization token
        at authenticate (C:\projects\Data Governence\src\middleware\auth.js:19:9)
        at handler (C:\projects\Data Governence\src\utils\apiRouter.js:14:22)
        at Layer.handle [as handle_request] (C:\projects\Data Governence\node_modules\express\lib\router\layer.js:95:5)
        at trim_prefix (C:\projects\Data Governence\node_modules\express\lib\router\index.js:328:13)
        at C:\projects\Data Governence\node_modules\express\lib\router\index.js:286:9
        at router.process_params (C:\projects\Data Governence\node_modules\express\lib\router\index.js:346:12)
        at next (C:\projects\Data Governence\node_modules\express\lib\router\index.js:280:10)
        at router.handle (C:\projects\Data Governence\node_modules\express\lib\router\index.js:175:3)
        at router (C:\projects\Data Governence\node_modules\express\lib\router\index.js:47:12)
        ... collapsed 7 duplicate lines matching above lines ...
        at Layer.handle [as handle_request] (C:\projects\Data Governence\node_modules\express\lib\router\layer.js:95:5)
        at trim_prefix (C:\projects\Data Governence\node_modules\express\lib\router\index.js:328:13)
        at C:\projects\Data Governence\node_modules\express\lib\router\index.js:286:9
        at router.process_params (C:\projects\Data Governence\node_modules\express\lib\router\index.js:346:12)
        at next (C:\projects\Data Governence\node_modules\express\lib\router\index.js:280:10)
        at next (C:\projects\Data Governence\src\middleware\performanceMonitor.js:19:3)
        at Layer.handle [as handle_request] (C:\projects\Data Governence\node_modules\express\lib\router\layer.js:95:5)
        at trim_prefix (C:\projects\Data Governence\node_modules\express\lib\router\index.js:328:13)
        at C:\projects\Data Governence\node_modules\express\lib\router\index.js:286:9
        at router.process_params (C:\projects\Data Governence\node_modules\express\lib\router\index.js:346:12)
        at next (C:\projects\Data Governence\node_modules\express\lib\router\index.js:280:10)
        at next (C:\projects\Data Governence\src\middleware\requestLogger.js:16:3)
        at Layer.handle [as handle_request] (C:\projects\Data Governence\node_modules\express\lib\router\layer.js:95:5)
        at trim_prefix (C:\projects\Data Governence\node_modules\express\lib\router\index.js:328:13)
        at C:\projects\Data Governence\node_modules\express\lib\router\index.js:286:9
        at router.process_params (C:\projects\Data Governence\node_modules\express\lib\router\index.js:346:12)
        at next (C:\projects\Data Governence\node_modules\express\lib\router\index.js:280:10)
        at next (C:\projects\Data Governence\src\app.js:108:5)
        at Layer.handle [as handle_request] (C:\projects\Data Governence\node_modules\express\lib\router\layer.js:95:5)
        at trim_prefix (C:\projects\Data Governence\node_modules\express\lib\router\index.js:328:13)
        at C:\projects\Data Governence\node_modules\express\lib\router\index.js:286:9
        at router.process_params (C:\projects\Data Governence\node_modules\express\lib\router\index.js:346:12)
        at next (C:\projects\Data Governence\node_modules\express\lib\router\index.js:280:10)
        at logger (C:\projects\Data Governence\node_modules\morgan\index.js:144:5)
        at Layer.handle [as handle_request] (C:\projects\Data Governence\node_modules\express\lib\router\layer.js:95:5)
        at trim_prefix (C:\projects\Data Governence\node_modules\express\lib\router\index.js:328:13)
        at C:\projects\Data Governence\node_modules\express\lib\router\index.js:286:9
        at router.process_params (C:\projects\Data Governence\node_modules\express\lib\router\index.js:346:12)
        at next (C:\projects\Data Governence\node_modules\express\lib\router\index.js:280:10)
        at urlencodedParser (C:\projects\Data Governence\node_modules\body-parser\lib\types\urlencoded.js:91:7)
        at Layer.handle [as handle_request] (C:\projects\Data Governence\node_modules\express\lib\router\layer.js:95:5)
        at trim_prefix (C:\projects\Data Governence\node_modules\express\lib\router\index.js:328:13)
        at C:\projects\Data Governence\node_modules\express\lib\router\index.js:286:9
        at router.process_params (C:\projects\Data Governence\node_modules\express\lib\router\index.js:346:12)
        at next (C:\projects\Data Governence\node_modules\express\lib\router\index.js:280:10)
        at jsonParser (C:\projects\Data Governence\node_modules\body-parser\lib\types\json.js:113:7)
        at Layer.handle [as handle_request] (C:\projects\Data Governence\node_modules\express\lib\router\layer.js:95:5)
        at trim_prefix (C:\projects\Data Governence\node_modules\express\lib\router\index.js:328:13)
        at C:\projects\Data Governence\node_modules\express\lib\router\index.js:286:9
        at router.process_params (C:\projects\Data Governence\node_modules\express\lib\router\index.js:346:12)
        at next (C:\projects\Data Governence\node_modules\express\lib\router\index.js:280:10)
        at cors (C:\projects\Data Governence\node_modules\cors\lib\index.js:188:7)
        at C:\projects\Data Governence\node_modules\cors\lib\index.js:224:17
        at originCallback (C:\projects\Data Governence\node_modules\cors\lib\index.js:214:15)
        at C:\projects\Data Governence\node_modules\cors\lib\index.js:219:13
        at optionsCallback (C:\projects\Data Governence\node_modules\cors\lib\index.js:199:9)
        at corsMiddleware (C:\projects\Data Governence\node_modules\cors\lib\index.js:204:7)
        at Layer.handle [as handle_request] (C:\projects\Data Governence\node_modules\express\lib\router\layer.js:95:5)
        at trim_prefix (C:\projects\Data Governence\node_modules\express\lib\router\index.js:328:13)
        at C:\projects\Data Governence\node_modules\express\lib\router\index.js:286:9
        at router.process_params (C:\projects\Data Governence\node_modules\express\lib\router\index.js:346:12)
        at next (C:\projects\Data Governence\node_modules\express\lib\router\index.js:280:10)
        at internalNext (C:\projects\Data Governence\node_modules\helmet\index.mjs:533:6)
        at xXssProtectionMiddleware (C:\projects\Data Governence\node_modules\helmet\index.mjs:311:3)
        at internalNext (C:\projects\Data Governence\node_modules\helmet\index.mjs:531:6)
        at xPoweredByMiddleware (C:\projects\Data Governence\node_modules\helmet\index.mjs:304:3)
        at internalNext (C:\projects\Data Governence\node_modules\helmet\index.mjs:531:6)
        at xPermittedCrossDomainPoliciesMiddleware (C:\projects\Data Governence\node_modules\helmet\index.mjs:297:3)
        at internalNext (C:\projects\Data Governence\node_modules\helmet\index.mjs:531:6)
        at xFrameOptionsMiddleware (C:\projects\Data Governence\node_modules\helmet\index.mjs:281:3)
        at internalNext (C:\projects\Data Governence\node_modules\helmet\index.mjs:531:6)
        at xDownloadOptionsMiddleware (C:\projects\Data Governence\node_modules\helmet\index.mjs:261:3)
        at internalNext (C:\projects\Data Governence\node_modules\helmet\index.mjs:531:6)
        at xDnsPrefetchControlMiddleware (C:\projects\Data Governence\node_modules\helmet\index.mjs:254:3)
        at internalNext (C:\projects\Data Governence\node_modules\helmet\index.mjs:531:6)
        at xContentTypeOptionsMiddleware (C:\projects\Data Governence\node_modules\helmet\index.mjs:246:3)
        at internalNext (C:\projects\Data Governence\node_modules\helmet\index.mjs:531:6)
        at strictTransportSecurityMiddleware (C:\projects\Data Governence\node_modules\helmet\index.mjs:239:3)
        at internalNext (C:\projects\Data Governence\node_modules\helmet\index.mjs:531:6)
        at referrerPolicyMiddleware (C:\projects\Data Governence\node_modules\helmet\index.mjs:207:3)
        at internalNext (C:\projects\Data Governence\node_modules\helmet\index.mjs:531:6)
        at originAgentClusterMiddleware (C:\projects\Data Governence\node_modules\helmet\index.mjs:182:3)
        at internalNext (C:\projects\Data Governence\node_modules\helmet\index.mjs:531:6)
        at crossOriginResourcePolicyMiddleware (C:\projects\Data Governence\node_modules\helmet\index.mjs:175:3)
        at internalNext (C:\projects\Data Governence\node_modules\helmet\index.mjs:531:6)
        at crossOriginOpenerPolicyMiddleware (C:\projects\Data Governence\node_modules\helmet\index.mjs:159:3)
        at internalNext (C:\projects\Data Governence\node_modules\helmet\index.mjs:531:6)
        at contentSecurityPolicyMiddleware (C:\projects\Data Governence\node_modules\helmet\index.mjs:124:4)
        at internalNext (C:\projects\Data Governence\node_modules\helmet\index.mjs:531:6)
        at helmetMiddleware (C:\projects\Data Governence\node_modules\helmet\index.mjs:535:6)
        at Layer.handle [as handle_request] (C:\projects\Data Governence\node_modules\express\lib\router\layer.js:95:5)
        at trim_prefix (C:\projects\Data Governence\node_modules\express\lib\router\index.js:328:13)
        at C:\projects\Data Governence\node_modules\express\lib\router\index.js:286:9
        at router.process_params (C:\projects\Data Governence\node_modules\express\lib\router\index.js:346:12) {
      status: 401,
      statusCode: 401,
      code: 'UNAUTHORIZED',
      details: undefined
    }

    [0m [90m 47 |[39m   [36mconst[39m safeDetails [33m=[39m isServerError [33m&&[39m [33m![39misDevelopment [33m?[39m [36mnull[39m [33m:[39m err[33m.[39mdetails [33m||[39m [36mnull[39m[33m;[39m
     [90m 48 |[39m
    [31m[1m>[22m[39m[90m 49 |[39m   console[33m.[39merror(
     [90m    |[39m           [31m[1m^[22m[39m
     [90m 50 |[39m     [32m`[ERROR] ${status} ${req.method} ${req.originalUrl} requestId=${requestId || 'n/a'}: ${originalMessage}`[39m[33m,[39m
     [90m 51 |[39m     err
     [90m 52 |[39m   )[33m;[39m[0m

      at error (src/middleware/errorHandler.js:49:11)
      at Layer.handle_error (node_modules/express/lib/router/layer.js:71:5)
      at trim_prefix (node_modules/express/lib/router/index.js:326:13)
      at node_modules/express/lib/router/index.js:286:9
      at router.process_params (node_modules/express/lib/router/index.js:346:12)
      at next (node_modules/express/lib/router/index.js:280:10)
      at Layer.handle_error (node_modules/express/lib/router/layer.js:67:12)
      at trim_prefix (node_modules/express/lib/router/index.js:326:13)
      at node_modules/express/lib/router/index.js:286:9
      at router.process_params (node_modules/express/lib/router/index.js:346:12)
      at next (node_modules/express/lib/router/index.js:280:10)
      at Layer.handle_error (node_modules/express/lib/router/layer.js:67:12)
      at trim_prefix (node_modules/express/lib/router/index.js:326:13)
      at node_modules/express/lib/router/index.js:286:9
      at router.process_params (node_modules/express/lib/router/index.js:346:12)
      at next (node_modules/express/lib/router/index.js:280:10)
      at node_modules/express/lib/router/index.js:646:15
      at next (node_modules/express/lib/router/index.js:265:14)
      at node_modules/express/lib/router/index.js:646:15
      at next (node_modules/express/lib/router/index.js:265:14)
      at next (src/middleware/auth.js:18:14)
      at handler (src/utils/apiRouter.js:14:22)
      at Layer.handle [as handle_request] (node_modules/express/lib/router/layer.js:95:5)
      at trim_prefix (node_modules/express/lib/router/index.js:328:13)
      at node_modules/express/lib/router/index.js:286:9
      at router.process_params (node_modules/express/lib/router/index.js:346:12)
      at next (node_modules/express/lib/router/index.js:280:10)
      at router.handle (node_modules/express/lib/router/index.js:175:3)
      at router (node_modules/express/lib/router/index.js:47:12)
      at Layer.handle [as handle_request] (node_modules/express/lib/router/layer.js:95:5)
      at trim_prefix (node_modules/express/lib/router/index.js:328:13)
      at node_modules/express/lib/router/index.js:286:9
      at router.process_params (node_modules/express/lib/router/index.js:346:12)
      at next (node_modules/express/lib/router/index.js:280:10)
      at router.handle (node_modules/express/lib/router/index.js:175:3)
      at router (node_modules/express/lib/router/index.js:47:12)
      at Layer.handle [as handle_request] (node_modules/express/lib/router/layer.js:95:5)
      at trim_prefix (node_modules/express/lib/router/index.js:328:13)
      at node_modules/express/lib/router/index.js:286:9
      at router.process_params (node_modules/express/lib/router/index.js:346:12)
      at next (node_modules/express/lib/router/index.js:280:10)
      at next (src/middleware/performanceMonitor.js:19:3)
      at Layer.handle [as handle_request] (node_modules/express/lib/router/layer.js:95:5)
      at trim_prefix (node_modules/express/lib/router/index.js:328:13)
      at node_modules/express/lib/router/index.js:286:9
      at router.process_params (node_modules/express/lib/router/index.js:346:12)
      at next (node_modules/express/lib/router/index.js:280:10)
      at next (src/middleware/requestLogger.js:16:3)
      at Layer.handle [as handle_request] (node_modules/express/lib/router/layer.js:95:5)
      at trim_prefix (node_modules/express/lib/router/index.js:328:13)
      at node_modules/express/lib/router/index.js:286:9
      at router.process_params (node_modules/express/lib/router/index.js:346:12)
      at next (node_modules/express/lib/router/index.js:280:10)
      at next (src/app.js:108:5)
      at Layer.handle [as handle_request] (node_modules/express/lib/router/layer.js:95:5)
      at trim_prefix (node_modules/express/lib/router/index.js:328:13)
      at node_modules/express/lib/router/index.js:286:9
      at router.process_params (node_modules/express/lib/router/index.js:346:12)
      at next (node_modules/express/lib/router/index.js:280:10)
      at logger (node_modules/morgan/index.js:144:5)
      at Layer.handle [as handle_request] (node_modules/express/lib/router/layer.js:95:5)
      at trim_prefix (node_modules/express/lib/router/index.js:328:13)
      at node_modules/express/lib/router/index.js:286:9
      at router.process_params (node_modules/express/lib/router/index.js:346:12)
      at next (node_modules/express/lib/router/index.js:280:10)
      at urlencodedParser (node_modules/body-parser/lib/types/urlencoded.js:91:7)
      at Layer.handle [as handle_request] (node_modules/express/lib/router/layer.js:95:5)
      at trim_prefix (node_modules/express/lib/router/index.js:328:13)
      at node_modules/express/lib/router/index.js:286:9
      at router.process_params (node_modules/express/lib/router/index.js:346:12)
      at next (node_modules/express/lib/router/index.js:280:10)
      at jsonParser (node_modules/body-parser/lib/types/json.js:113:7)
      at Layer.handle [as handle_request] (node_modules/express/lib/router/layer.js:95:5)
      at trim_prefix (node_modules/express/lib/router/index.js:328:13)
      at node_modules/express/lib/router/index.js:286:9
      at router.process_params (node_modules/express/lib/router/index.js:346:12)
      at next (node_modules/express/lib/router/index.js:280:10)
      at cors (node_modules/cors/lib/index.js:188:7)
      at node_modules/cors/lib/index.js:224:17
      at originCallback (node_modules/cors/lib/index.js:214:15)
      at node_modules/cors/lib/index.js:219:13
      at optionsCallback (node_modules/cors/lib/index.js:199:9)
      at corsMiddleware (node_modules/cors/lib/index.js:204:7)
      at Layer.handle [as handle_request] (node_modules/express/lib/router/layer.js:95:5)
      at trim_prefix (node_modules/express/lib/router/index.js:328:13)
      at node_modules/express/lib/router/index.js:286:9
      at router.process_params (node_modules/express/lib/router/index.js:346:12)
      at next (node_modules/express/lib/router/index.js:280:10)
      at internalNext (node_modules/helmet/index.mjs:533:6)
      at xXssProtectionMiddleware (node_modules/helmet/index.mjs:311:3)
      at internalNext (node_modules/helmet/index.mjs:531:6)
      at xPoweredByMiddleware (node_modules/helmet/index.mjs:304:3)
      at internalNext (node_modules/helmet/index.mjs:531:6)
      at xPermittedCrossDomainPoliciesMiddleware (node_modules/helmet/index.mjs:297:3)
      at internalNext (node_modules/helmet/index.mjs:531:6)
      at xFrameOptionsMiddleware (node_modules/helmet/index.mjs:281:3)
      at internalNext (node_modules/helmet/index.mjs:531:6)

::ffff:127.0.0.1 - - [13/May/2026:12:10:42 +0000] "POST /api/v1/data-products/products HTTP/1.1" 201 766 "-" "-"
  console.log
    [2026-05-13T12:10:42.593Z] GET / - 200 (1ms)

      at ServerResponse.log (src/middleware/requestLogger.js:11:13)

  console.log
    [2026-05-13T12:10:42.594Z] POST /products - 201 (1ms)

      at ServerResponse.log (src/middleware/requestLogger.js:11:13)

::ffff:127.0.0.1 - - [13/May/2026:12:10:42 +0000] "POST /api/v1/integrations/webhooks HTTP/1.1" 201 320 "-" "-"
  console.log
    [2026-05-13T12:10:42.597Z] POST /webhooks - 201 (2ms)

      at ServerResponse.log (src/middleware/requestLogger.js:11:13)

::ffff:127.0.0.1 - - [13/May/2026:12:10:42 +0000] "GET /api/v1/docs/library HTTP/1.1" 401 432 "-" "-"
::ffff:127.0.0.1 - - [13/May/2026:12:10:42 +0000] "GET /health/performance HTTP/1.1" 200 266 "-" "-"
  console.log
    [2026-05-13T12:10:42.598Z] GET /api/v1/docs/library - 401 (76ms)

      at ServerResponse.log (src/middleware/requestLogger.js:11:13)

  console.log
    [2026-05-13T12:10:42.600Z] GET /performance - 200 (1ms)

      at ServerResponse.log (src/middleware/requestLogger.js:11:13)

::ffff:127.0.0.1 - - [13/May/2026:12:10:42 +0000] "GET /api/v1/marketplace/requests?scope=all HTTP/1.1" 403 466 "-" "-"
::ffff:127.0.0.1 - - [13/May/2026:12:10:42 +0000] "POST /api/v1/data-products/products/71b84c3d-9e2c-4d25-8018-3837c923c682/contracts HTTP/1.1" 201 1862 "-" "-"
  console.log
    [2026-05-13T12:10:42.605Z] GET /requests - 403 (2ms)

      at ServerResponse.log (src/middleware/requestLogger.js:11:13)

  console.log
    [2026-05-13T12:10:42.604Z] POST /products/71b84c3d-9e2c-4d25-8018-3837c923c682/contracts - 201 (3ms)

      at ServerResponse.log (src/middleware/requestLogger.js:11:13)

::ffff:127.0.0.1 - - [13/May/2026:12:10:42 +0000] "GET /api/v1/integrations/webhooks HTTP/1.1" 200 304 "-" "-"
::ffff:127.0.0.1 - - [13/May/2026:12:10:42 +0000] "POST /api/v1/products HTTP/1.1" 409 451 "-" "-"
  console.log
    [2026-05-13T12:10:42.607Z] GET /webhooks - 200 (1ms)

      at ServerResponse.log (src/middleware/requestLogger.js:11:13)

  console.log
    [2026-05-13T12:10:42.607Z] POST / - 409 (10ms)

      at ServerResponse.log (src/middleware/requestLogger.js:11:13)

  console.error
    [ERROR] 401 GET /api/v1/auth/me requestId=3cdc4d3b-068f-4bd1-b2a9-2b061019071b: Missing or invalid authorization token ApiError: Missing or invalid authorization token
        at authenticate (C:\projects\Data Governence\src\middleware\auth.js:19:9)
        at handler (C:\projects\Data Governence\src\utils\apiRouter.js:14:22)
        at Layer.handle [as handle_request] (C:\projects\Data Governence\node_modules\express\lib\router\layer.js:95:5)
        at next (C:\projects\Data Governence\node_modules\express\lib\router\route.js:149:13)
        at Route.dispatch (C:\projects\Data Governence\node_modules\express\lib\router\route.js:119:3)
        at Layer.handle [as handle_request] (C:\projects\Data Governence\node_modules\express\lib\router\layer.js:95:5)
        at C:\projects\Data Governence\node_modules\express\lib\router\index.js:284:15
        at router.process_params (C:\projects\Data Governence\node_modules\express\lib\router\index.js:346:12)
        at next (C:\projects\Data Governence\node_modules\express\lib\router\index.js:280:10)
        at router.handle (C:\projects\Data Governence\node_modules\express\lib\router\index.js:175:3)
        at router (C:\projects\Data Governence\node_modules\express\lib\router\index.js:47:12)
        at Layer.handle [as handle_request] (C:\projects\Data Governence\node_modules\express\lib\router\layer.js:95:5)
        at trim_prefix (C:\projects\Data Governence\node_modules\express\lib\router\index.js:328:13)
        at C:\projects\Data Governence\node_modules\express\lib\router\index.js:286:9
        ... collapsed 7 duplicate lines matching above lines ...
        at router.process_params (C:\projects\Data Governence\node_modules\express\lib\router\index.js:346:12)
        at next (C:\projects\Data Governence\node_modules\express\lib\router\index.js:280:10)
        at next (C:\projects\Data Governence\src\middleware\performanceMonitor.js:19:3)
        at Layer.handle [as handle_request] (C:\projects\Data Governence\node_modules\express\lib\router\layer.js:95:5)
        at trim_prefix (C:\projects\Data Governence\node_modules\express\lib\router\index.js:328:13)
        at C:\projects\Data Governence\node_modules\express\lib\router\index.js:286:9
        at router.process_params (C:\projects\Data Governence\node_modules\express\lib\router\index.js:346:12)
        at next (C:\projects\Data Governence\node_modules\express\lib\router\index.js:280:10)
        at next (C:\projects\Data Governence\src\middleware\requestLogger.js:16:3)
        at Layer.handle [as handle_request] (C:\projects\Data Governence\node_modules\express\lib\router\layer.js:95:5)
        at trim_prefix (C:\projects\Data Governence\node_modules\express\lib\router\index.js:328:13)
        at C:\projects\Data Governence\node_modules\express\lib\router\index.js:286:9
        at router.process_params (C:\projects\Data Governence\node_modules\express\lib\router\index.js:346:12)
        at next (C:\projects\Data Governence\node_modules\express\lib\router\index.js:280:10)
        at next (C:\projects\Data Governence\src\app.js:108:5)
        at Layer.handle [as handle_request] (C:\projects\Data Governence\node_modules\express\lib\router\layer.js:95:5)
        at trim_prefix (C:\projects\Data Governence\node_modules\express\lib\router\index.js:328:13)
        at C:\projects\Data Governence\node_modules\express\lib\router\index.js:286:9
        at router.process_params (C:\projects\Data Governence\node_modules\express\lib\router\index.js:346:12)
        at next (C:\projects\Data Governence\node_modules\express\lib\router\index.js:280:10)
        at logger (C:\projects\Data Governence\node_modules\morgan\index.js:144:5)
        at Layer.handle [as handle_request] (C:\projects\Data Governence\node_modules\express\lib\router\layer.js:95:5)
        at trim_prefix (C:\projects\Data Governence\node_modules\express\lib\router\index.js:328:13)
        at C:\projects\Data Governence\node_modules\express\lib\router\index.js:286:9
        at router.process_params (C:\projects\Data Governence\node_modules\express\lib\router\index.js:346:12)
        at next (C:\projects\Data Governence\node_modules\express\lib\router\index.js:280:10)
        at urlencodedParser (C:\projects\Data Governence\node_modules\body-parser\lib\types\urlencoded.js:91:7)
        at Layer.handle [as handle_request] (C:\projects\Data Governence\node_modules\express\lib\router\layer.js:95:5)
        at trim_prefix (C:\projects\Data Governence\node_modules\express\lib\router\index.js:328:13)
        at C:\projects\Data Governence\node_modules\express\lib\router\index.js:286:9
        at router.process_params (C:\projects\Data Governence\node_modules\express\lib\router\index.js:346:12)
        at next (C:\projects\Data Governence\node_modules\express\lib\router\index.js:280:10)
        at jsonParser (C:\projects\Data Governence\node_modules\body-parser\lib\types\json.js:113:7)
        at Layer.handle [as handle_request] (C:\projects\Data Governence\node_modules\express\lib\router\layer.js:95:5)
        at trim_prefix (C:\projects\Data Governence\node_modules\express\lib\router\index.js:328:13)
        at C:\projects\Data Governence\node_modules\express\lib\router\index.js:286:9
        at router.process_params (C:\projects\Data Governence\node_modules\express\lib\router\index.js:346:12)
        at next (C:\projects\Data Governence\node_modules\express\lib\router\index.js:280:10)
        at cors (C:\projects\Data Governence\node_modules\cors\lib\index.js:188:7)
        at C:\projects\Data Governence\node_modules\cors\lib\index.js:224:17
        at originCallback (C:\projects\Data Governence\node_modules\cors\lib\index.js:214:15)
        at C:\projects\Data Governence\node_modules\cors\lib\index.js:219:13
        at optionsCallback (C:\projects\Data Governence\node_modules\cors\lib\index.js:199:9)
        at corsMiddleware (C:\projects\Data Governence\node_modules\cors\lib\index.js:204:7)
        at Layer.handle [as handle_request] (C:\projects\Data Governence\node_modules\express\lib\router\layer.js:95:5)
        at trim_prefix (C:\projects\Data Governence\node_modules\express\lib\router\index.js:328:13)
        at C:\projects\Data Governence\node_modules\express\lib\router\index.js:286:9
        at router.process_params (C:\projects\Data Governence\node_modules\express\lib\router\index.js:346:12)
        at next (C:\projects\Data Governence\node_modules\express\lib\router\index.js:280:10)
        at internalNext (C:\projects\Data Governence\node_modules\helmet\index.mjs:533:6)
        at xXssProtectionMiddleware (C:\projects\Data Governence\node_modules\helmet\index.mjs:311:3)
        at internalNext (C:\projects\Data Governence\node_modules\helmet\index.mjs:531:6)
        at xPoweredByMiddleware (C:\projects\Data Governence\node_modules\helmet\index.mjs:304:3)
        at internalNext (C:\projects\Data Governence\node_modules\helmet\index.mjs:531:6)
        at xPermittedCrossDomainPoliciesMiddleware (C:\projects\Data Governence\node_modules\helmet\index.mjs:297:3)
        at internalNext (C:\projects\Data Governence\node_modules\helmet\index.mjs:531:6)
        at xFrameOptionsMiddleware (C:\projects\Data Governence\node_modules\helmet\index.mjs:281:3)
        at internalNext (C:\projects\Data Governence\node_modules\helmet\index.mjs:531:6)
        at xDownloadOptionsMiddleware (C:\projects\Data Governence\node_modules\helmet\index.mjs:261:3)
        at internalNext (C:\projects\Data Governence\node_modules\helmet\index.mjs:531:6)
        at xDnsPrefetchControlMiddleware (C:\projects\Data Governence\node_modules\helmet\index.mjs:254:3)
        at internalNext (C:\projects\Data Governence\node_modules\helmet\index.mjs:531:6)
        at xContentTypeOptionsMiddleware (C:\projects\Data Governence\node_modules\helmet\index.mjs:246:3)
        at internalNext (C:\projects\Data Governence\node_modules\helmet\index.mjs:531:6)
        at strictTransportSecurityMiddleware (C:\projects\Data Governence\node_modules\helmet\index.mjs:239:3)
        at internalNext (C:\projects\Data Governence\node_modules\helmet\index.mjs:531:6)
        at referrerPolicyMiddleware (C:\projects\Data Governence\node_modules\helmet\index.mjs:207:3)
        at internalNext (C:\projects\Data Governence\node_modules\helmet\index.mjs:531:6)
        at originAgentClusterMiddleware (C:\projects\Data Governence\node_modules\helmet\index.mjs:182:3)
        at internalNext (C:\projects\Data Governence\node_modules\helmet\index.mjs:531:6)
        at crossOriginResourcePolicyMiddleware (C:\projects\Data Governence\node_modules\helmet\index.mjs:175:3)
        at internalNext (C:\projects\Data Governence\node_modules\helmet\index.mjs:531:6)
        at crossOriginOpenerPolicyMiddleware (C:\projects\Data Governence\node_modules\helmet\index.mjs:159:3)
        at internalNext (C:\projects\Data Governence\node_modules\helmet\index.mjs:531:6)
        at contentSecurityPolicyMiddleware (C:\projects\Data Governence\node_modules\helmet\index.mjs:124:4)
        at internalNext (C:\projects\Data Governence\node_modules\helmet\index.mjs:531:6)
        at helmetMiddleware (C:\projects\Data Governence\node_modules\helmet\index.mjs:535:6)
        at Layer.handle [as handle_request] (C:\projects\Data Governence\node_modules\express\lib\router\layer.js:95:5)
        at trim_prefix (C:\projects\Data Governence\node_modules\express\lib\router\index.js:328:13) {
      status: 401,
      statusCode: 401,
      code: 'UNAUTHORIZED',
      details: undefined
    }

    [0m [90m 47 |[39m   [36mconst[39m safeDetails [33m=[39m isServerError [33m&&[39m [33m![39misDevelopment [33m?[39m [36mnull[39m [33m:[39m err[33m.[39mdetails [33m||[39m [36mnull[39m[33m;[39m
     [90m 48 |[39m
    [31m[1m>[22m[39m[90m 49 |[39m   console[33m.[39merror(
     [90m    |[39m           [31m[1m^[22m[39m
     [90m 50 |[39m     [32m`[ERROR] ${status} ${req.method} ${req.originalUrl} requestId=${requestId || 'n/a'}: ${originalMessage}`[39m[33m,[39m
     [90m 51 |[39m     err
     [90m 52 |[39m   )[33m;[39m[0m

      at error (src/middleware/errorHandler.js:49:11)
      at Layer.handle_error (node_modules/express/lib/router/layer.js:71:5)
      at trim_prefix (node_modules/express/lib/router/index.js:326:13)
      at node_modules/express/lib/router/index.js:286:9
      at router.process_params (node_modules/express/lib/router/index.js:346:12)
      at next (node_modules/express/lib/router/index.js:280:10)
      at Layer.handle_error (node_modules/express/lib/router/layer.js:67:12)
      at trim_prefix (node_modules/express/lib/router/index.js:326:13)
      at node_modules/express/lib/router/index.js:286:9
      at router.process_params (node_modules/express/lib/router/index.js:346:12)
      at next (node_modules/express/lib/router/index.js:280:10)
      at Layer.handle_error (node_modules/express/lib/router/layer.js:67:12)
      at trim_prefix (node_modules/express/lib/router/index.js:326:13)
      at node_modules/express/lib/router/index.js:286:9
      at router.process_params (node_modules/express/lib/router/index.js:346:12)
      at next (node_modules/express/lib/router/index.js:280:10)
      at node_modules/express/lib/router/index.js:646:15
      at next (node_modules/express/lib/router/index.js:265:14)
      at node_modules/express/lib/router/index.js:646:15
      at next (node_modules/express/lib/router/index.js:265:14)
      at next (node_modules/express/lib/router/route.js:141:14)
      at Layer.handle_error (node_modules/express/lib/router/layer.js:67:12)
      at next (node_modules/express/lib/router/route.js:147:13)
      at next (src/middleware/auth.js:18:14)
      at handler (src/utils/apiRouter.js:14:22)
      at Layer.handle [as handle_request] (node_modules/express/lib/router/layer.js:95:5)
      at next (node_modules/express/lib/router/route.js:149:13)
      at Route.dispatch (node_modules/express/lib/router/route.js:119:3)
      at Layer.handle [as handle_request] (node_modules/express/lib/router/layer.js:95:5)
      at node_modules/express/lib/router/index.js:284:15
      at router.process_params (node_modules/express/lib/router/index.js:346:12)
      at next (node_modules/express/lib/router/index.js:280:10)
      at router.handle (node_modules/express/lib/router/index.js:175:3)
      at router (node_modules/express/lib/router/index.js:47:12)
      at Layer.handle [as handle_request] (node_modules/express/lib/router/layer.js:95:5)
      at trim_prefix (node_modules/express/lib/router/index.js:328:13)
      at node_modules/express/lib/router/index.js:286:9
      at router.process_params (node_modules/express/lib/router/index.js:346:12)
      at next (node_modules/express/lib/router/index.js:280:10)
      at router.handle (node_modules/express/lib/router/index.js:175:3)
      at router (node_modules/express/lib/router/index.js:47:12)
      at Layer.handle [as handle_request] (node_modules/express/lib/router/layer.js:95:5)
      at trim_prefix (node_modules/express/lib/router/index.js:328:13)
      at node_modules/express/lib/router/index.js:286:9
      at router.process_params (node_modules/express/lib/router/index.js:346:12)
      at next (node_modules/express/lib/router/index.js:280:10)
      at next (src/middleware/performanceMonitor.js:19:3)
      at Layer.handle [as handle_request] (node_modules/express/lib/router/layer.js:95:5)
      at trim_prefix (node_modules/express/lib/router/index.js:328:13)
      at node_modules/express/lib/router/index.js:286:9
      at router.process_params (node_modules/express/lib/router/index.js:346:12)
      at next (node_modules/express/lib/router/index.js:280:10)
      at next (src/middleware/requestLogger.js:16:3)
      at Layer.handle [as handle_request] (node_modules/express/lib/router/layer.js:95:5)
      at trim_prefix (node_modules/express/lib/router/index.js:328:13)
      at node_modules/express/lib/router/index.js:286:9
      at router.process_params (node_modules/express/lib/router/index.js:346:12)
      at next (node_modules/express/lib/router/index.js:280:10)
      at next (src/app.js:108:5)
      at Layer.handle [as handle_request] (node_modules/express/lib/router/layer.js:95:5)
      at trim_prefix (node_modules/express/lib/router/index.js:328:13)
      at node_modules/express/lib/router/index.js:286:9
      at router.process_params (node_modules/express/lib/router/index.js:346:12)
      at next (node_modules/express/lib/router/index.js:280:10)
      at logger (node_modules/morgan/index.js:144:5)
      at Layer.handle [as handle_request] (node_modules/express/lib/router/layer.js:95:5)
      at trim_prefix (node_modules/express/lib/router/index.js:328:13)
      at node_modules/express/lib/router/index.js:286:9
      at router.process_params (node_modules/express/lib/router/index.js:346:12)
      at next (node_modules/express/lib/router/index.js:280:10)
      at urlencodedParser (node_modules/body-parser/lib/types/urlencoded.js:91:7)
      at Layer.handle [as handle_request] (node_modules/express/lib/router/layer.js:95:5)
      at trim_prefix (node_modules/express/lib/router/index.js:328:13)
      at node_modules/express/lib/router/index.js:286:9
      at router.process_params (node_modules/express/lib/router/index.js:346:12)
      at next (node_modules/express/lib/router/index.js:280:10)
      at jsonParser (node_modules/body-parser/lib/types/json.js:113:7)
      at Layer.handle [as handle_request] (node_modules/express/lib/router/layer.js:95:5)
      at trim_prefix (node_modules/express/lib/router/index.js:328:13)
      at node_modules/express/lib/router/index.js:286:9
      at router.process_params (node_modules/express/lib/router/index.js:346:12)
      at next (node_modules/express/lib/router/index.js:280:10)
      at cors (node_modules/cors/lib/index.js:188:7)
      at node_modules/cors/lib/index.js:224:17
      at originCallback (node_modules/cors/lib/index.js:214:15)
      at node_modules/cors/lib/index.js:219:13
      at optionsCallback (node_modules/cors/lib/index.js:199:9)
      at corsMiddleware (node_modules/cors/lib/index.js:204:7)
      at Layer.handle [as handle_request] (node_modules/express/lib/router/layer.js:95:5)
      at trim_prefix (node_modules/express/lib/router/index.js:328:13)
      at node_modules/express/lib/router/index.js:286:9
      at router.process_params (node_modules/express/lib/router/index.js:346:12)
      at next (node_modules/express/lib/router/index.js:280:10)
      at internalNext (node_modules/helmet/index.mjs:533:6)
      at xXssProtectionMiddleware (node_modules/helmet/index.mjs:311:3)
      at internalNext (node_modules/helmet/index.mjs:531:6)
      at xPoweredByMiddleware (node_modules/helmet/index.mjs:304:3)

::ffff:127.0.0.1 - - [13/May/2026:12:10:42 +0000] "POST /api/v1/marketplace/requests HTTP/1.1" 201 964 "-" "-"
  console.log
    [2026-05-13T12:10:42.612Z] POST /requests - 201 (1ms)

      at ServerResponse.log (src/middleware/requestLogger.js:11:13)

::ffff:127.0.0.1 - - [13/May/2026:12:10:42 +0000] "GET /api/v1/auth/me HTTP/1.1" 401 427 "-" "-"
  console.log
    [2026-05-13T12:10:42.612Z] GET /api/v1/auth/me - 401 (43ms)

      at ServerResponse.log (src/middleware/requestLogger.js:11:13)

::ffff:127.0.0.1 - - [13/May/2026:12:10:42 +0000] "POST /api/v1/data-products/products HTTP/1.1" 201 766 "-" "-"
::ffff:127.0.0.1 - - [13/May/2026:12:10:42 +0000] "DELETE /api/v1/integrations/webhooks/de46c03f-5f88-4e0d-9816-673a3a11e7aa HTTP/1.1" 200 48 "-" "-"
  console.log
    [2026-05-13T12:10:42.613Z] DELETE /webhooks/de46c03f-5f88-4e0d-9816-673a3a11e7aa - 200 (1ms)

      at ServerResponse.log (src/middleware/requestLogger.js:11:13)

  console.log
    [2026-05-13T12:10:42.612Z] POST /products - 201 (1ms)

      at ServerResponse.log (src/middleware/requestLogger.js:11:13)

::ffff:127.0.0.1 - - [13/May/2026:12:10:42 +0000] "GET /api/v1/products/phase1-product-1778674242557 HTTP/1.1" 200 619 "-" "-"
  console.log
    [2026-05-13T12:10:42.616Z] GET /phase1-product-1778674242557 - 200 (4ms)

      at ServerResponse.log (src/middleware/requestLogger.js:11:13)

::ffff:127.0.0.1 - - [13/May/2026:12:10:42 +0000] "POST /api/v1/marketplace/requests/79517b04-c8af-4285-a399-35575001ffc0/review HTTP/1.1" 200 1213 "-" "-"
::ffff:127.0.0.1 - - [13/May/2026:12:10:42 +0000] "GET /api/v1/docs/library HTTP/1.1" 200 1027 "-" "-"
  console.log
    [2026-05-13T12:10:42.620Z] POST /requests/79517b04-c8af-4285-a399-35575001ffc0/review - 200 (3ms)

      at ServerResponse.log (src/middleware/requestLogger.js:11:13)

  console.log
    [2026-05-13T12:10:42.620Z] GET /library - 200 (3ms)

      at ServerResponse.log (src/middleware/requestLogger.js:11:13)

::ffff:127.0.0.1 - - [13/May/2026:12:10:42 +0000] "POST /api/v1/integrations/links/sales.orders HTTP/1.1" 201 198 "-" "-"
  console.log
    [2026-05-13T12:10:42.621Z] POST /links/sales.orders - 201 (1ms)

      at ServerResponse.log (src/middleware/requestLogger.js:11:13)

::ffff:127.0.0.1 - - [13/May/2026:12:10:42 +0000] "POST /api/v1/data-products/products/32c38c5e-d417-4686-96ec-e87952822eaf/contracts HTTP/1.1" 403 484 "-" "-"
  console.log
    [2026-05-13T12:10:42.621Z] POST /products/32c38c5e-d417-4686-96ec-e87952822eaf/contracts - 403 (1ms)

      at ServerResponse.log (src/middleware/requestLogger.js:11:13)

  console.error
    Token verification failed: jwt malformed

    [0m [90m 62 |[39m     [36mreturn[39m jwt[33m.[39mverify(token[33m,[39m [33mJWT_SECRET[39m[33m,[39m { algorithms[33m:[39m [[32m'HS256'[39m] })[33m;[39m
     [90m 63 |[39m   } [36mcatch[39m (err) {
    [31m[1m>[22m[39m[90m 64 |[39m     console[33m.[39merror([32m'Token verification failed:'[39m[33m,[39m err[33m.[39mmessage)[33m;[39m
     [90m    |[39m             [31m[1m^[22m[39m
     [90m 65 |[39m     [36mreturn[39m [36mnull[39m[33m;[39m
     [90m 66 |[39m   }
     [90m 67 |[39m }[0m

      at error (src/utils/tokenManager.js:64:13)
      at verifyToken (src/middleware/auth.js:23:21)
      at handler (src/utils/apiRouter.js:14:22)
      at Layer.handle [as handle_request] (node_modules/express/lib/router/layer.js:95:5)
      at next (node_modules/express/lib/router/route.js:149:13)
      at Route.dispatch (node_modules/express/lib/router/route.js:119:3)
      at Layer.handle [as handle_request] (node_modules/express/lib/router/layer.js:95:5)
      at node_modules/express/lib/router/index.js:284:15
      at router.process_params (node_modules/express/lib/router/index.js:346:12)
      at next (node_modules/express/lib/router/index.js:280:10)
      at router.handle (node_modules/express/lib/router/index.js:175:3)
      at router (node_modules/express/lib/router/index.js:47:12)
      at Layer.handle [as handle_request] (node_modules/express/lib/router/layer.js:95:5)
      at trim_prefix (node_modules/express/lib/router/index.js:328:13)
      at node_modules/express/lib/router/index.js:286:9
      at router.process_params (node_modules/express/lib/router/index.js:346:12)
      at next (node_modules/express/lib/router/index.js:280:10)
      at router.handle (node_modules/express/lib/router/index.js:175:3)
      at router (node_modules/express/lib/router/index.js:47:12)
      at Layer.handle [as handle_request] (node_modules/express/lib/router/layer.js:95:5)
      at trim_prefix (node_modules/express/lib/router/index.js:328:13)
      at node_modules/express/lib/router/index.js:286:9
      at router.process_params (node_modules/express/lib/router/index.js:346:12)
      at next (node_modules/express/lib/router/index.js:280:10)
      at next (src/middleware/performanceMonitor.js:19:3)
      at Layer.handle [as handle_request] (node_modules/express/lib/router/layer.js:95:5)
      at trim_prefix (node_modules/express/lib/router/index.js:328:13)
      at node_modules/express/lib/router/index.js:286:9
      at router.process_params (node_modules/express/lib/router/index.js:346:12)
      at next (node_modules/express/lib/router/index.js:280:10)
      at next (src/middleware/requestLogger.js:16:3)
      at Layer.handle [as handle_request] (node_modules/express/lib/router/layer.js:95:5)
      at trim_prefix (node_modules/express/lib/router/index.js:328:13)
      at node_modules/express/lib/router/index.js:286:9
      at router.process_params (node_modules/express/lib/router/index.js:346:12)
      at next (node_modules/express/lib/router/index.js:280:10)
      at next (src/app.js:108:5)
      at Layer.handle [as handle_request] (node_modules/express/lib/router/layer.js:95:5)
      at trim_prefix (node_modules/express/lib/router/index.js:328:13)
      at node_modules/express/lib/router/index.js:286:9
      at router.process_params (node_modules/express/lib/router/index.js:346:12)
      at next (node_modules/express/lib/router/index.js:280:10)
      at logger (node_modules/morgan/index.js:144:5)
      at Layer.handle [as handle_request] (node_modules/express/lib/router/layer.js:95:5)
      at trim_prefix (node_modules/express/lib/router/index.js:328:13)
      at node_modules/express/lib/router/index.js:286:9
      at router.process_params (node_modules/express/lib/router/index.js:346:12)
      at next (node_modules/express/lib/router/index.js:280:10)
      at urlencodedParser (node_modules/body-parser/lib/types/urlencoded.js:91:7)
      at Layer.handle [as handle_request] (node_modules/express/lib/router/layer.js:95:5)
      at trim_prefix (node_modules/express/lib/router/index.js:328:13)
      at node_modules/express/lib/router/index.js:286:9
      at router.process_params (node_modules/express/lib/router/index.js:346:12)
      at next (node_modules/express/lib/router/index.js:280:10)
      at jsonParser (node_modules/body-parser/lib/types/json.js:113:7)
      at Layer.handle [as handle_request] (node_modules/express/lib/router/layer.js:95:5)
      at trim_prefix (node_modules/express/lib/router/index.js:328:13)
      at node_modules/express/lib/router/index.js:286:9
      at router.process_params (node_modules/express/lib/router/index.js:346:12)
      at next (node_modules/express/lib/router/index.js:280:10)
      at cors (node_modules/cors/lib/index.js:188:7)
      at node_modules/cors/lib/index.js:224:17
      at originCallback (node_modules/cors/lib/index.js:214:15)
      at node_modules/cors/lib/index.js:219:13
      at optionsCallback (node_modules/cors/lib/index.js:199:9)
      at corsMiddleware (node_modules/cors/lib/index.js:204:7)
      at Layer.handle [as handle_request] (node_modules/express/lib/router/layer.js:95:5)
      at trim_prefix (node_modules/express/lib/router/index.js:328:13)
      at node_modules/express/lib/router/index.js:286:9
      at router.process_params (node_modules/express/lib/router/index.js:346:12)
      at next (node_modules/express/lib/router/index.js:280:10)
      at internalNext (node_modules/helmet/index.mjs:533:6)
      at xXssProtectionMiddleware (node_modules/helmet/index.mjs:311:3)
      at internalNext (node_modules/helmet/index.mjs:531:6)
      at xPoweredByMiddleware (node_modules/helmet/index.mjs:304:3)
      at internalNext (node_modules/helmet/index.mjs:531:6)
      at xPermittedCrossDomainPoliciesMiddleware (node_modules/helmet/index.mjs:297:3)
      at internalNext (node_modules/helmet/index.mjs:531:6)
      at xFrameOptionsMiddleware (node_modules/helmet/index.mjs:281:3)
      at internalNext (node_modules/helmet/index.mjs:531:6)
      at xDownloadOptionsMiddleware (node_modules/helmet/index.mjs:261:3)
      at internalNext (node_modules/helmet/index.mjs:531:6)
      at xDnsPrefetchControlMiddleware (node_modules/helmet/index.mjs:254:3)
      at internalNext (node_modules/helmet/index.mjs:531:6)
      at xContentTypeOptionsMiddleware (node_modules/helmet/index.mjs:246:3)
      at internalNext (node_modules/helmet/index.mjs:531:6)
      at strictTransportSecurityMiddleware (node_modules/helmet/index.mjs:239:3)
      at internalNext (node_modules/helmet/index.mjs:531:6)
      at referrerPolicyMiddleware (node_modules/helmet/index.mjs:207:3)
      at internalNext (node_modules/helmet/index.mjs:531:6)
      at originAgentClusterMiddleware (node_modules/helmet/index.mjs:182:3)
      at internalNext (node_modules/helmet/index.mjs:531:6)
      at crossOriginResourcePolicyMiddleware (node_modules/helmet/index.mjs:175:3)
      at internalNext (node_modules/helmet/index.mjs:531:6)
      at crossOriginOpenerPolicyMiddleware (node_modules/helmet/index.mjs:159:3)
      at internalNext (node_modules/helmet/index.mjs:531:6)
      at contentSecurityPolicyMiddleware (node_modules/helmet/index.mjs:124:4)

::ffff:127.0.0.1 - - [13/May/2026:12:10:42 +0000] "POST /api/v1/marketplace/requests/79517b04-c8af-4285-a399-35575001ffc0/review HTTP/1.1" 200 1656 "-" "-"
  console.log
    [2026-05-13T12:10:42.626Z] POST /requests/79517b04-c8af-4285-a399-35575001ffc0/review - 200 (1ms)

      at ServerResponse.log (src/middleware/requestLogger.js:11:13)

::ffff:127.0.0.1 - - [13/May/2026:12:10:42 +0000] "GET /api/v1/integrations/links/sales.orders HTTP/1.1" 200 236 "-" "-"
  console.log
    [2026-05-13T12:10:42.627Z] GET /links/sales.orders - 200 (1ms)

      at ServerResponse.log (src/middleware/requestLogger.js:11:13)

::ffff:127.0.0.1 - - [13/May/2026:12:10:42 +0000] "PUT /api/v1/products/phase1-product-1778674242557 HTTP/1.1" 200 623 "-" "-"
  console.log
    [2026-05-13T12:10:42.628Z] PUT /phase1-product-1778674242557 - 200 (7ms)

      at ServerResponse.log (src/middleware/requestLogger.js:11:13)

::ffff:127.0.0.1 - - [13/May/2026:12:10:42 +0000] "GET /api/v1/docs/library/help-center HTTP/1.1" 200 2320 "-" "-"
  console.log
    [2026-05-13T12:10:42.630Z] GET /library/help-center - 200 (3ms)

      at ServerResponse.log (src/middleware/requestLogger.js:11:13)

::ffff:127.0.0.1 - - [13/May/2026:12:10:42 +0000] "POST /api/v1/data-products/products HTTP/1.1" 201 766 "-" "-"
  console.error
    [ERROR] 401 GET /api/v1/auth/me requestId=67fb053d-2947-462b-b8b0-4a6f9b9cdc5a: Invalid or expired token ApiError: Invalid or expired token
        at authenticate (C:\projects\Data Governence\src\middleware\auth.js:26:19)
        at handler (C:\projects\Data Governence\src\utils\apiRouter.js:14:22)
        at Layer.handle [as handle_request] (C:\projects\Data Governence\node_modules\express\lib\router\layer.js:95:5)
        at next (C:\projects\Data Governence\node_modules\express\lib\router\route.js:149:13)
        at Route.dispatch (C:\projects\Data Governence\node_modules\express\lib\router\route.js:119:3)
        at Layer.handle [as handle_request] (C:\projects\Data Governence\node_modules\express\lib\router\layer.js:95:5)
        at C:\projects\Data Governence\node_modules\express\lib\router\index.js:284:15
        at router.process_params (C:\projects\Data Governence\node_modules\express\lib\router\index.js:346:12)
        at next (C:\projects\Data Governence\node_modules\express\lib\router\index.js:280:10)
        at router.handle (C:\projects\Data Governence\node_modules\express\lib\router\index.js:175:3)
        at router (C:\projects\Data Governence\node_modules\express\lib\router\index.js:47:12)
        at Layer.handle [as handle_request] (C:\projects\Data Governence\node_modules\express\lib\router\layer.js:95:5)
        at trim_prefix (C:\projects\Data Governence\node_modules\express\lib\router\index.js:328:13)
        at C:\projects\Data Governence\node_modules\express\lib\router\index.js:286:9
        ... collapsed 7 duplicate lines matching above lines ...
        at router.process_params (C:\projects\Data Governence\node_modules\express\lib\router\index.js:346:12)
        at next (C:\projects\Data Governence\node_modules\express\lib\router\index.js:280:10)
        at next (C:\projects\Data Governence\src\middleware\performanceMonitor.js:19:3)
        at Layer.handle [as handle_request] (C:\projects\Data Governence\node_modules\express\lib\router\layer.js:95:5)
        at trim_prefix (C:\projects\Data Governence\node_modules\express\lib\router\index.js:328:13)
        at C:\projects\Data Governence\node_modules\express\lib\router\index.js:286:9
        at router.process_params (C:\projects\Data Governence\node_modules\express\lib\router\index.js:346:12)
        at next (C:\projects\Data Governence\node_modules\express\lib\router\index.js:280:10)
        at next (C:\projects\Data Governence\src\middleware\requestLogger.js:16:3)
        at Layer.handle [as handle_request] (C:\projects\Data Governence\node_modules\express\lib\router\layer.js:95:5)
        at trim_prefix (C:\projects\Data Governence\node_modules\express\lib\router\index.js:328:13)
        at C:\projects\Data Governence\node_modules\express\lib\router\index.js:286:9
        at router.process_params (C:\projects\Data Governence\node_modules\express\lib\router\index.js:346:12)
        at next (C:\projects\Data Governence\node_modules\express\lib\router\index.js:280:10)
        at next (C:\projects\Data Governence\src\app.js:108:5)
        at Layer.handle [as handle_request] (C:\projects\Data Governence\node_modules\express\lib\router\layer.js:95:5)
        at trim_prefix (C:\projects\Data Governence\node_modules\express\lib\router\index.js:328:13)
        at C:\projects\Data Governence\node_modules\express\lib\router\index.js:286:9
        at router.process_params (C:\projects\Data Governence\node_modules\express\lib\router\index.js:346:12)
        at next (C:\projects\Data Governence\node_modules\express\lib\router\index.js:280:10)
        at logger (C:\projects\Data Governence\node_modules\morgan\index.js:144:5)
        at Layer.handle [as handle_request] (C:\projects\Data Governence\node_modules\express\lib\router\layer.js:95:5)
        at trim_prefix (C:\projects\Data Governence\node_modules\express\lib\router\index.js:328:13)
        at C:\projects\Data Governence\node_modules\express\lib\router\index.js:286:9
        at router.process_params (C:\projects\Data Governence\node_modules\express\lib\router\index.js:346:12)
        at next (C:\projects\Data Governence\node_modules\express\lib\router\index.js:280:10)
        at urlencodedParser (C:\projects\Data Governence\node_modules\body-parser\lib\types\urlencoded.js:91:7)
        at Layer.handle [as handle_request] (C:\projects\Data Governence\node_modules\express\lib\router\layer.js:95:5)
        at trim_prefix (C:\projects\Data Governence\node_modules\express\lib\router\index.js:328:13)
        at C:\projects\Data Governence\node_modules\express\lib\router\index.js:286:9
        at router.process_params (C:\projects\Data Governence\node_modules\express\lib\router\index.js:346:12)
        at next (C:\projects\Data Governence\node_modules\express\lib\router\index.js:280:10)
        at jsonParser (C:\projects\Data Governence\node_modules\body-parser\lib\types\json.js:113:7)
        at Layer.handle [as handle_request] (C:\projects\Data Governence\node_modules\express\lib\router\layer.js:95:5)
        at trim_prefix (C:\projects\Data Governence\node_modules\express\lib\router\index.js:328:13)
        at C:\projects\Data Governence\node_modules\express\lib\router\index.js:286:9
        at router.process_params (C:\projects\Data Governence\node_modules\express\lib\router\index.js:346:12)
        at next (C:\projects\Data Governence\node_modules\express\lib\router\index.js:280:10)
        at cors (C:\projects\Data Governence\node_modules\cors\lib\index.js:188:7)
        at C:\projects\Data Governence\node_modules\cors\lib\index.js:224:17
        at originCallback (C:\projects\Data Governence\node_modules\cors\lib\index.js:214:15)
        at C:\projects\Data Governence\node_modules\cors\lib\index.js:219:13
        at optionsCallback (C:\projects\Data Governence\node_modules\cors\lib\index.js:199:9)
        at corsMiddleware (C:\projects\Data Governence\node_modules\cors\lib\index.js:204:7)
        at Layer.handle [as handle_request] (C:\projects\Data Governence\node_modules\express\lib\router\layer.js:95:5)
        at trim_prefix (C:\projects\Data Governence\node_modules\express\lib\router\index.js:328:13)
        at C:\projects\Data Governence\node_modules\express\lib\router\index.js:286:9
        at router.process_params (C:\projects\Data Governence\node_modules\express\lib\router\index.js:346:12)
        at next (C:\projects\Data Governence\node_modules\express\lib\router\index.js:280:10)
        at internalNext (C:\projects\Data Governence\node_modules\helmet\index.mjs:533:6)
        at xXssProtectionMiddleware (C:\projects\Data Governence\node_modules\helmet\index.mjs:311:3)
        at internalNext (C:\projects\Data Governence\node_modules\helmet\index.mjs:531:6)
        at xPoweredByMiddleware (C:\projects\Data Governence\node_modules\helmet\index.mjs:304:3)
        at internalNext (C:\projects\Data Governence\node_modules\helmet\index.mjs:531:6)
        at xPermittedCrossDomainPoliciesMiddleware (C:\projects\Data Governence\node_modules\helmet\index.mjs:297:3)
        at internalNext (C:\projects\Data Governence\node_modules\helmet\index.mjs:531:6)
        at xFrameOptionsMiddleware (C:\projects\Data Governence\node_modules\helmet\index.mjs:281:3)
        at internalNext (C:\projects\Data Governence\node_modules\helmet\index.mjs:531:6)
        at xDownloadOptionsMiddleware (C:\projects\Data Governence\node_modules\helmet\index.mjs:261:3)
        at internalNext (C:\projects\Data Governence\node_modules\helmet\index.mjs:531:6)
        at xDnsPrefetchControlMiddleware (C:\projects\Data Governence\node_modules\helmet\index.mjs:254:3)
        at internalNext (C:\projects\Data Governence\node_modules\helmet\index.mjs:531:6)
        at xContentTypeOptionsMiddleware (C:\projects\Data Governence\node_modules\helmet\index.mjs:246:3)
        at internalNext (C:\projects\Data Governence\node_modules\helmet\index.mjs:531:6)
        at strictTransportSecurityMiddleware (C:\projects\Data Governence\node_modules\helmet\index.mjs:239:3)
        at internalNext (C:\projects\Data Governence\node_modules\helmet\index.mjs:531:6)
        at referrerPolicyMiddleware (C:\projects\Data Governence\node_modules\helmet\index.mjs:207:3)
        at internalNext (C:\projects\Data Governence\node_modules\helmet\index.mjs:531:6)
        at originAgentClusterMiddleware (C:\projects\Data Governence\node_modules\helmet\index.mjs:182:3)
        at internalNext (C:\projects\Data Governence\node_modules\helmet\index.mjs:531:6)
        at crossOriginResourcePolicyMiddleware (C:\projects\Data Governence\node_modules\helmet\index.mjs:175:3)
        at internalNext (C:\projects\Data Governence\node_modules\helmet\index.mjs:531:6)
        at crossOriginOpenerPolicyMiddleware (C:\projects\Data Governence\node_modules\helmet\index.mjs:159:3)
        at internalNext (C:\projects\Data Governence\node_modules\helmet\index.mjs:531:6)
        at contentSecurityPolicyMiddleware (C:\projects\Data Governence\node_modules\helmet\index.mjs:124:4)
        at internalNext (C:\projects\Data Governence\node_modules\helmet\index.mjs:531:6)
        at helmetMiddleware (C:\projects\Data Governence\node_modules\helmet\index.mjs:535:6)
        at Layer.handle [as handle_request] (C:\projects\Data Governence\node_modules\express\lib\router\layer.js:95:5)
        at trim_prefix (C:\projects\Data Governence\node_modules\express\lib\router\index.js:328:13) {
      status: 401,
      statusCode: 401,
      code: 'UNAUTHORIZED',
      details: undefined
    }

    [0m [90m 47 |[39m   [36mconst[39m safeDetails [33m=[39m isServerError [33m&&[39m [33m![39misDevelopment [33m?[39m [36mnull[39m [33m:[39m err[33m.[39mdetails [33m||[39m [36mnull[39m[33m;[39m
     [90m 48 |[39m
    [31m[1m>[22m[39m[90m 49 |[39m   console[33m.[39merror(
     [90m    |[39m           [31m[1m^[22m[39m
     [90m 50 |[39m     [32m`[ERROR] ${status} ${req.method} ${req.originalUrl} requestId=${requestId || 'n/a'}: ${originalMessage}`[39m[33m,[39m
     [90m 51 |[39m     err
     [90m 52 |[39m   )[33m;[39m[0m

      at error (src/middleware/errorHandler.js:49:11)
      at Layer.handle_error (node_modules/express/lib/router/layer.js:71:5)
      at trim_prefix (node_modules/express/lib/router/index.js:326:13)
      at node_modules/express/lib/router/index.js:286:9
      at router.process_params (node_modules/express/lib/router/index.js:346:12)
      at next (node_modules/express/lib/router/index.js:280:10)
      at Layer.handle_error (node_modules/express/lib/router/layer.js:67:12)
      at trim_prefix (node_modules/express/lib/router/index.js:326:13)
      at node_modules/express/lib/router/index.js:286:9
      at router.process_params (node_modules/express/lib/router/index.js:346:12)
      at next (node_modules/express/lib/router/index.js:280:10)
      at Layer.handle_error (node_modules/express/lib/router/layer.js:67:12)
      at trim_prefix (node_modules/express/lib/router/index.js:326:13)
      at node_modules/express/lib/router/index.js:286:9
      at router.process_params (node_modules/express/lib/router/index.js:346:12)
      at next (node_modules/express/lib/router/index.js:280:10)
      at node_modules/express/lib/router/index.js:646:15
      at next (node_modules/express/lib/router/index.js:265:14)
      at node_modules/express/lib/router/index.js:646:15
      at next (node_modules/express/lib/router/index.js:265:14)
      at next (node_modules/express/lib/router/route.js:141:14)
      at Layer.handle_error (node_modules/express/lib/router/layer.js:67:12)
      at next (node_modules/express/lib/router/route.js:147:13)
      at next (src/middleware/auth.js:26:14)
      at handler (src/utils/apiRouter.js:14:22)
      at Layer.handle [as handle_request] (node_modules/express/lib/router/layer.js:95:5)
      at next (node_modules/express/lib/router/route.js:149:13)
      at Route.dispatch (node_modules/express/lib/router/route.js:119:3)
      at Layer.handle [as handle_request] (node_modules/express/lib/router/layer.js:95:5)
      at node_modules/express/lib/router/index.js:284:15
      at router.process_params (node_modules/express/lib/router/index.js:346:12)
      at next (node_modules/express/lib/router/index.js:280:10)
      at router.handle (node_modules/express/lib/router/index.js:175:3)
      at router (node_modules/express/lib/router/index.js:47:12)
      at Layer.handle [as handle_request] (node_modules/express/lib/router/layer.js:95:5)
      at trim_prefix (node_modules/express/lib/router/index.js:328:13)
      at node_modules/express/lib/router/index.js:286:9
      at router.process_params (node_modules/express/lib/router/index.js:346:12)
      at next (node_modules/express/lib/router/index.js:280:10)
      at router.handle (node_modules/express/lib/router/index.js:175:3)
      at router (node_modules/express/lib/router/index.js:47:12)
      at Layer.handle [as handle_request] (node_modules/express/lib/router/layer.js:95:5)
      at trim_prefix (node_modules/express/lib/router/index.js:328:13)
      at node_modules/express/lib/router/index.js:286:9
      at router.process_params (node_modules/express/lib/router/index.js:346:12)
      at next (node_modules/express/lib/router/index.js:280:10)
      at next (src/middleware/performanceMonitor.js:19:3)
      at Layer.handle [as handle_request] (node_modules/express/lib/router/layer.js:95:5)
      at trim_prefix (node_modules/express/lib/router/index.js:328:13)
      at node_modules/express/lib/router/index.js:286:9
      at router.process_params (node_modules/express/lib/router/index.js:346:12)
      at next (node_modules/express/lib/router/index.js:280:10)
      at next (src/middleware/requestLogger.js:16:3)
      at Layer.handle [as handle_request] (node_modules/express/lib/router/layer.js:95:5)
      at trim_prefix (node_modules/express/lib/router/index.js:328:13)
      at node_modules/express/lib/router/index.js:286:9
      at router.process_params (node_modules/express/lib/router/index.js:346:12)
      at next (node_modules/express/lib/router/index.js:280:10)
      at next (src/app.js:108:5)
      at Layer.handle [as handle_request] (node_modules/express/lib/router/layer.js:95:5)
      at trim_prefix (node_modules/express/lib/router/index.js:328:13)
      at node_modules/express/lib/router/index.js:286:9
      at router.process_params (node_modules/express/lib/router/index.js:346:12)
      at next (node_modules/express/lib/router/index.js:280:10)
      at logger (node_modules/morgan/index.js:144:5)
      at Layer.handle [as handle_request] (node_modules/express/lib/router/layer.js:95:5)
      at trim_prefix (node_modules/express/lib/router/index.js:328:13)
      at node_modules/express/lib/router/index.js:286:9
      at router.process_params (node_modules/express/lib/router/index.js:346:12)
      at next (node_modules/express/lib/router/index.js:280:10)
      at urlencodedParser (node_modules/body-parser/lib/types/urlencoded.js:91:7)
      at Layer.handle [as handle_request] (node_modules/express/lib/router/layer.js:95:5)
      at trim_prefix (node_modules/express/lib/router/index.js:328:13)
      at node_modules/express/lib/router/index.js:286:9
      at router.process_params (node_modules/express/lib/router/index.js:346:12)
      at next (node_modules/express/lib/router/index.js:280:10)
      at jsonParser (node_modules/body-parser/lib/types/json.js:113:7)
      at Layer.handle [as handle_request] (node_modules/express/lib/router/layer.js:95:5)
      at trim_prefix (node_modules/express/lib/router/index.js:328:13)
      at node_modules/express/lib/router/index.js:286:9
      at router.process_params (node_modules/express/lib/router/index.js:346:12)
      at next (node_modules/express/lib/router/index.js:280:10)
      at cors (node_modules/cors/lib/index.js:188:7)
      at node_modules/cors/lib/index.js:224:17
      at originCallback (node_modules/cors/lib/index.js:214:15)
      at node_modules/cors/lib/index.js:219:13
      at optionsCallback (node_modules/cors/lib/index.js:199:9)
      at corsMiddleware (node_modules/cors/lib/index.js:204:7)
      at Layer.handle [as handle_request] (node_modules/express/lib/router/layer.js:95:5)
      at trim_prefix (node_modules/express/lib/router/index.js:328:13)
      at node_modules/express/lib/router/index.js:286:9
      at router.process_params (node_modules/express/lib/router/index.js:346:12)
      at next (node_modules/express/lib/router/index.js:280:10)
      at internalNext (node_modules/helmet/index.mjs:533:6)
      at xXssProtectionMiddleware (node_modules/helmet/index.mjs:311:3)
      at internalNext (node_modules/helmet/index.mjs:531:6)
      at xPoweredByMiddleware (node_modules/helmet/index.mjs:304:3)

  console.error
    [ERROR] 404 GET /invalid-route requestId=33171d42-c819-4404-a739-0a3d5b4ec281: Route GET /invalid-route not found ApiError: Route GET /invalid-route not found
        at C:\projects\Data Governence\src\app.js:191:10
        at Layer.handle [as handle_request] (C:\projects\Data Governence\node_modules\express\lib\router\layer.js:95:5)
        at trim_prefix (C:\projects\Data Governence\node_modules\express\lib\router\index.js:328:13)
        at C:\projects\Data Governence\node_modules\express\lib\router\index.js:286:9
        at router.process_params (C:\projects\Data Governence\node_modules\express\lib\router\index.js:346:12)
        at next (C:\projects\Data Governence\node_modules\express\lib\router\index.js:280:10)
        at SendStream.error (C:\projects\Data Governence\node_modules\serve-static\index.js:121:7)
        at SendStream.emit (node:events:508:28)
        at SendStream.error (C:\projects\Data Governence\node_modules\send\index.js:270:17)
        at SendStream.onStatError (C:\projects\Data Governence\node_modules\send\index.js:417:12)
        at next (C:\projects\Data Governence\node_modules\send\index.js:730:16)
        at onstat (C:\projects\Data Governence\node_modules\send\index.js:719:14)
        at FSReqCallback.oncomplete (node:fs:195:21) {
      status: 404,
      statusCode: 404,
      code: 'NOT_FOUND',
      details: undefined
    }

    [0m [90m 47 |[39m   [36mconst[39m safeDetails [33m=[39m isServerError [33m&&[39m [33m![39misDevelopment [33m?[39m [36mnull[39m [33m:[39m err[33m.[39mdetails [33m||[39m [36mnull[39m[33m;[39m
     [90m 48 |[39m
    [31m[1m>[22m[39m[90m 49 |[39m   console[33m.[39merror(
     [90m    |[39m           [31m[1m^[22m[39m
     [90m 50 |[39m     [32m`[ERROR] ${status} ${req.method} ${req.originalUrl} requestId=${requestId || 'n/a'}: ${originalMessage}`[39m[33m,[39m
     [90m 51 |[39m     err
     [90m 52 |[39m   )[33m;[39m[0m

      at error (src/middleware/errorHandler.js:49:11)
      at Layer.handle_error (node_modules/express/lib/router/layer.js:71:5)
      at trim_prefix (node_modules/express/lib/router/index.js:326:13)
      at node_modules/express/lib/router/index.js:286:9
      at router.process_params (node_modules/express/lib/router/index.js:346:12)
      at next (node_modules/express/lib/router/index.js:280:10)
      at next (src/app.js:191:5)
      at Layer.handle [as handle_request] (node_modules/express/lib/router/layer.js:95:5)
      at trim_prefix (node_modules/express/lib/router/index.js:328:13)
      at node_modules/express/lib/router/index.js:286:9
      at router.process_params (node_modules/express/lib/router/index.js:346:12)
      at next (node_modules/express/lib/router/index.js:280:10)
      at SendStream.error (node_modules/serve-static/index.js:121:7)
      at SendStream.error (node_modules/send/index.js:270:17)
      at SendStream.onStatError (node_modules/send/index.js:417:12)
      at next (node_modules/send/index.js:730:16)
      at onstat (node_modules/send/index.js:719:14)

::ffff:127.0.0.1 - - [13/May/2026:12:10:42 +0000] "GET /invalid-route HTTP/1.1" 404 412 "-" "-"
  console.log
    [2026-05-13T12:10:42.631Z] GET /invalid-route - 404 (25ms)

      at ServerResponse.log (src/middleware/requestLogger.js:11:13)

  console.log
    [2026-05-13T12:10:42.630Z] POST /products - 201 (1ms)

      at ServerResponse.log (src/middleware/requestLogger.js:11:13)

::ffff:127.0.0.1 - - [13/May/2026:12:10:42 +0000] "DELETE /api/v1/integrations/links/sales.orders/fba74951-8465-4d90-a7da-d8516f8d340c HTTP/1.1" 200 54 "-" "-"
  console.log
    [2026-05-13T12:10:42.632Z] DELETE /links/sales.orders/fba74951-8465-4d90-a7da-d8516f8d340c - 200 (1ms)

      at ServerResponse.log (src/middleware/requestLogger.js:11:13)

::ffff:127.0.0.1 - - [13/May/2026:12:10:42 +0000] "POST /api/v1/marketplace/requests HTTP/1.1" 201 964 "-" "-"
  console.log
    [2026-05-13T12:10:42.634Z] POST /requests - 201 (2ms)

      at ServerResponse.log (src/middleware/requestLogger.js:11:13)

::ffff:127.0.0.1 - - [13/May/2026:12:10:42 +0000] "POST /api/v1/marketplace/requests/0a46b11c-de1d-43ba-955c-98fff63a10e3/review HTTP/1.1" 200 1362 "-" "-"
::ffff:127.0.0.1 - - [13/May/2026:12:10:42 +0000] "GET /api/v1/auth/me HTTP/1.1" 401 399 "-" "-"
  console.log
    [2026-05-13T12:10:42.632Z] GET /api/v1/auth/me - 401 (16ms)

      at ServerResponse.log (src/middleware/requestLogger.js:11:13)

::ffff:127.0.0.1 - - [13/May/2026:12:10:42 +0000] "GET /api/v1/docs/library/not-real HTTP/1.1" 404 395 "-" "-"
  console.log
    [2026-05-13T12:10:42.636Z] GET /library/not-real - 404 (1ms)

      at ServerResponse.log (src/middleware/requestLogger.js:11:13)

::ffff:127.0.0.1 - - [13/May/2026:12:10:42 +0000] "POST /api/v1/data-products/products/049fc9a8-74c7-4582-94e9-e8d04c13f9ac/state HTTP/1.1" 200 1011 "-" "-"
  console.log
    [2026-05-13T12:10:42.637Z] POST /products/049fc9a8-74c7-4582-94e9-e8d04c13f9ac/state - 200 (2ms)

      at ServerResponse.log (src/middleware/requestLogger.js:11:13)

  console.log
    [2026-05-13T12:10:42.638Z] POST /requests/0a46b11c-de1d-43ba-955c-98fff63a10e3/review - 200 (1ms)

      at ServerResponse.log (src/middleware/requestLogger.js:11:13)

::ffff:127.0.0.1 - - [13/May/2026:12:10:42 +0000] "POST /api/v1/integrations/cicd/impact-analysis HTTP/1.1" 200 232 "-" "-"
  console.log
    [2026-05-13T12:10:42.638Z] POST /cicd/impact-analysis - 200 (1ms)

      at ServerResponse.log (src/middleware/requestLogger.js:11:13)

::ffff:127.0.0.1 - - [13/May/2026:12:10:42 +0000] "GET /api/v1/auth/me HTTP/1.1" 200 136 "-" "-"
  console.log
    [2026-05-13T12:10:42.639Z] GET /me - 200 (1ms)

      at ServerResponse.log (src/middleware/requestLogger.js:11:13)

::ffff:127.0.0.1 - - [13/May/2026:12:10:42 +0000] "POST /api/v1/marketplace/requests/0a46b11c-de1d-43ba-955c-98fff63a10e3/fulfill HTTP/1.1" 200 1843 "-" "-"
  console.log
    [2026-05-13T12:10:42.642Z] POST /requests/0a46b11c-de1d-43ba-955c-98fff63a10e3/fulfill - 200 (1ms)

      at ServerResponse.log (src/middleware/requestLogger.js:11:13)

::ffff:127.0.0.1 - - [13/May/2026:12:10:42 +0000] "POST /api/v1/data-products/products/049fc9a8-74c7-4582-94e9-e8d04c13f9ac/state HTTP/1.1" 200 1258 "-" "-"
  console.log
    [2026-05-13T12:10:42.642Z] POST /products/049fc9a8-74c7-4582-94e9-e8d04c13f9ac/state - 200 (1ms)

      at ServerResponse.log (src/middleware/requestLogger.js:11:13)

::ffff:127.0.0.1 - - [13/May/2026:12:10:42 +0000] "GET /api/v1/products?domain=Finance HTTP/1.1" 200 396 "-" "-"
  console.log
    [2026-05-13T12:10:42.643Z] GET / - 200 (8ms)

      at ServerResponse.log (src/middleware/requestLogger.js:11:13)

PASS tests/unit/app.test.js
  Health Endpoint
    ΓêÜ GET /health should return 200 with status ok (82 ms)
    ΓêÜ GET /api/v1 should return API overview (5 ms)
    ΓêÜ GET /health/performance should return request metrics (13 ms)
    ΓêÜ GET /invalid-route should return 404 (30 ms)

PASS tests/unit/docs-api.test.js
  Docs API
    ΓêÜ DOCS-001: rejects unauthenticated library access (107 ms)
    ΓêÜ DOCS-002: lists user docs for authenticated users (14 ms)
    ΓêÜ DOCS-003: fetches markdown content by key (9 ms)
    ΓêÜ DOCS-004: returns 404 for unknown key (5 ms)

::ffff:127.0.0.1 - - [13/May/2026:12:10:42 +0000] "POST /api/v1/integrations/cicd/compliance-check HTTP/1.1" 200 125 "-" "-"
::ffff:127.0.0.1 - - [13/May/2026:12:10:42 +0000] "POST /api/v1/marketplace/requests HTTP/1.1" 201 964 "-" "-"
  console.log
    [2026-05-13T12:10:42.647Z] POST /cicd/compliance-check - 200 (0ms)

      at ServerResponse.log (src/middleware/requestLogger.js:11:13)

  console.log
    [2026-05-13T12:10:42.648Z] POST /requests - 201 (1ms)

      at ServerResponse.log (src/middleware/requestLogger.js:11:13)

::ffff:127.0.0.1 - - [13/May/2026:12:10:42 +0000] "POST /api/v1/data-products/products HTTP/1.1" 201 766 "-" "-"
  console.log
    [2026-05-13T12:10:42.649Z] POST /products - 201 (1ms)

      at ServerResponse.log (src/middleware/requestLogger.js:11:13)

::ffff:127.0.0.1 - - [13/May/2026:12:10:42 +0000] "POST /api/v1/integrations/cicd/post-deploy-docs HTTP/1.1" 200 135 "-" "-"
  console.log
    [2026-05-13T12:10:42.651Z] POST /cicd/post-deploy-docs - 200 (1ms)

      at ServerResponse.log (src/middleware/requestLogger.js:11:13)

::ffff:127.0.0.1 - - [13/May/2026:12:10:42 +0000] "GET /api/v1/products?status=published HTTP/1.1" 200 1350 "-" "-"
  console.error
    [ERROR] 401 POST /api/v1/auth/logout requestId=fbc45edd-31e0-42da-9a06-dfb47269b05d: Missing or invalid authorization token ApiError: Missing or invalid authorization token
        at authenticate (C:\projects\Data Governence\src\middleware\auth.js:19:9)
        at handler (C:\projects\Data Governence\src\utils\apiRouter.js:14:22)
        at Layer.handle [as handle_request] (C:\projects\Data Governence\node_modules\express\lib\router\layer.js:95:5)
        at next (C:\projects\Data Governence\node_modules\express\lib\router\route.js:149:13)
        at Route.dispatch (C:\projects\Data Governence\node_modules\express\lib\router\route.js:119:3)
        at Layer.handle [as handle_request] (C:\projects\Data Governence\node_modules\express\lib\router\layer.js:95:5)
        at C:\projects\Data Governence\node_modules\express\lib\router\index.js:284:15
        at router.process_params (C:\projects\Data Governence\node_modules\express\lib\router\index.js:346:12)
        at next (C:\projects\Data Governence\node_modules\express\lib\router\index.js:280:10)
        at router.handle (C:\projects\Data Governence\node_modules\express\lib\router\index.js:175:3)
        at router (C:\projects\Data Governence\node_modules\express\lib\router\index.js:47:12)
        at Layer.handle [as handle_request] (C:\projects\Data Governence\node_modules\express\lib\router\layer.js:95:5)
        at trim_prefix (C:\projects\Data Governence\node_modules\express\lib\router\index.js:328:13)
        at C:\projects\Data Governence\node_modules\express\lib\router\index.js:286:9
        ... collapsed 7 duplicate lines matching above lines ...
        at router.process_params (C:\projects\Data Governence\node_modules\express\lib\router\index.js:346:12)
        at next (C:\projects\Data Governence\node_modules\express\lib\router\index.js:280:10)
        at next (C:\projects\Data Governence\src\middleware\performanceMonitor.js:19:3)
        at Layer.handle [as handle_request] (C:\projects\Data Governence\node_modules\express\lib\router\layer.js:95:5)
        at trim_prefix (C:\projects\Data Governence\node_modules\express\lib\router\index.js:328:13)
        at C:\projects\Data Governence\node_modules\express\lib\router\index.js:286:9
        at router.process_params (C:\projects\Data Governence\node_modules\express\lib\router\index.js:346:12)
        at next (C:\projects\Data Governence\node_modules\express\lib\router\index.js:280:10)
        at next (C:\projects\Data Governence\src\middleware\requestLogger.js:16:3)
        at Layer.handle [as handle_request] (C:\projects\Data Governence\node_modules\express\lib\router\layer.js:95:5)
        at trim_prefix (C:\projects\Data Governence\node_modules\express\lib\router\index.js:328:13)
        at C:\projects\Data Governence\node_modules\express\lib\router\index.js:286:9
        at router.process_params (C:\projects\Data Governence\node_modules\express\lib\router\index.js:346:12)
        at next (C:\projects\Data Governence\node_modules\express\lib\router\index.js:280:10)
        at next (C:\projects\Data Governence\src\app.js:108:5)
        at Layer.handle [as handle_request] (C:\projects\Data Governence\node_modules\express\lib\router\layer.js:95:5)
        at trim_prefix (C:\projects\Data Governence\node_modules\express\lib\router\index.js:328:13)
        at C:\projects\Data Governence\node_modules\express\lib\router\index.js:286:9
        at router.process_params (C:\projects\Data Governence\node_modules\express\lib\router\index.js:346:12)
        at next (C:\projects\Data Governence\node_modules\express\lib\router\index.js:280:10)
        at logger (C:\projects\Data Governence\node_modules\morgan\index.js:144:5)
        at Layer.handle [as handle_request] (C:\projects\Data Governence\node_modules\express\lib\router\layer.js:95:5)
        at trim_prefix (C:\projects\Data Governence\node_modules\express\lib\router\index.js:328:13)
        at C:\projects\Data Governence\node_modules\express\lib\router\index.js:286:9
        at router.process_params (C:\projects\Data Governence\node_modules\express\lib\router\index.js:346:12)
        at next (C:\projects\Data Governence\node_modules\express\lib\router\index.js:280:10)
        at urlencodedParser (C:\projects\Data Governence\node_modules\body-parser\lib\types\urlencoded.js:100:7)
        at Layer.handle [as handle_request] (C:\projects\Data Governence\node_modules\express\lib\router\layer.js:95:5)
        at trim_prefix (C:\projects\Data Governence\node_modules\express\lib\router\index.js:328:13)
        at C:\projects\Data Governence\node_modules\express\lib\router\index.js:286:9
        at router.process_params (C:\projects\Data Governence\node_modules\express\lib\router\index.js:346:12)
        at next (C:\projects\Data Governence\node_modules\express\lib\router\index.js:280:10)
        at jsonParser (C:\projects\Data Governence\node_modules\body-parser\lib\types\json.js:122:7)
        at Layer.handle [as handle_request] (C:\projects\Data Governence\node_modules\express\lib\router\layer.js:95:5)
        at trim_prefix (C:\projects\Data Governence\node_modules\express\lib\router\index.js:328:13)
        at C:\projects\Data Governence\node_modules\express\lib\router\index.js:286:9
        at router.process_params (C:\projects\Data Governence\node_modules\express\lib\router\index.js:346:12)
        at next (C:\projects\Data Governence\node_modules\express\lib\router\index.js:280:10)
        at cors (C:\projects\Data Governence\node_modules\cors\lib\index.js:188:7)
        at C:\projects\Data Governence\node_modules\cors\lib\index.js:224:17
        at originCallback (C:\projects\Data Governence\node_modules\cors\lib\index.js:214:15)
        at C:\projects\Data Governence\node_modules\cors\lib\index.js:219:13
        at optionsCallback (C:\projects\Data Governence\node_modules\cors\lib\index.js:199:9)
        at corsMiddleware (C:\projects\Data Governence\node_modules\cors\lib\index.js:204:7)
        at Layer.handle [as handle_request] (C:\projects\Data Governence\node_modules\express\lib\router\layer.js:95:5)
        at trim_prefix (C:\projects\Data Governence\node_modules\express\lib\router\index.js:328:13)
        at C:\projects\Data Governence\node_modules\express\lib\router\index.js:286:9
        at router.process_params (C:\projects\Data Governence\node_modules\express\lib\router\index.js:346:12)
        at next (C:\projects\Data Governence\node_modules\express\lib\router\index.js:280:10)
        at internalNext (C:\projects\Data Governence\node_modules\helmet\index.mjs:533:6)
        at xXssProtectionMiddleware (C:\projects\Data Governence\node_modules\helmet\index.mjs:311:3)
        at internalNext (C:\projects\Data Governence\node_modules\helmet\index.mjs:531:6)
        at xPoweredByMiddleware (C:\projects\Data Governence\node_modules\helmet\index.mjs:304:3)
        at internalNext (C:\projects\Data Governence\node_modules\helmet\index.mjs:531:6)
        at xPermittedCrossDomainPoliciesMiddleware (C:\projects\Data Governence\node_modules\helmet\index.mjs:297:3)
        at internalNext (C:\projects\Data Governence\node_modules\helmet\index.mjs:531:6)
        at xFrameOptionsMiddleware (C:\projects\Data Governence\node_modules\helmet\index.mjs:281:3)
        at internalNext (C:\projects\Data Governence\node_modules\helmet\index.mjs:531:6)
        at xDownloadOptionsMiddleware (C:\projects\Data Governence\node_modules\helmet\index.mjs:261:3)
        at internalNext (C:\projects\Data Governence\node_modules\helmet\index.mjs:531:6)
        at xDnsPrefetchControlMiddleware (C:\projects\Data Governence\node_modules\helmet\index.mjs:254:3)
        at internalNext (C:\projects\Data Governence\node_modules\helmet\index.mjs:531:6)
        at xContentTypeOptionsMiddleware (C:\projects\Data Governence\node_modules\helmet\index.mjs:246:3)
        at internalNext (C:\projects\Data Governence\node_modules\helmet\index.mjs:531:6)
        at strictTransportSecurityMiddleware (C:\projects\Data Governence\node_modules\helmet\index.mjs:239:3)
        at internalNext (C:\projects\Data Governence\node_modules\helmet\index.mjs:531:6)
        at referrerPolicyMiddleware (C:\projects\Data Governence\node_modules\helmet\index.mjs:207:3)
        at internalNext (C:\projects\Data Governence\node_modules\helmet\index.mjs:531:6)
        at originAgentClusterMiddleware (C:\projects\Data Governence\node_modules\helmet\index.mjs:182:3)
        at internalNext (C:\projects\Data Governence\node_modules\helmet\index.mjs:531:6)
        at crossOriginResourcePolicyMiddleware (C:\projects\Data Governence\node_modules\helmet\index.mjs:175:3)
        at internalNext (C:\projects\Data Governence\node_modules\helmet\index.mjs:531:6)
        at crossOriginOpenerPolicyMiddleware (C:\projects\Data Governence\node_modules\helmet\index.mjs:159:3)
        at internalNext (C:\projects\Data Governence\node_modules\helmet\index.mjs:531:6)
        at contentSecurityPolicyMiddleware (C:\projects\Data Governence\node_modules\helmet\index.mjs:124:4)
        at internalNext (C:\projects\Data Governence\node_modules\helmet\index.mjs:531:6)
        at helmetMiddleware (C:\projects\Data Governence\node_modules\helmet\index.mjs:535:6)
        at Layer.handle [as handle_request] (C:\projects\Data Governence\node_modules\express\lib\router\layer.js:95:5)
        at trim_prefix (C:\projects\Data Governence\node_modules\express\lib\router\index.js:328:13) {
      status: 401,
      statusCode: 401,
      code: 'UNAUTHORIZED',
      details: undefined
    }

    [0m [90m 47 |[39m   [36mconst[39m safeDetails [33m=[39m isServerError [33m&&[39m [33m![39misDevelopment [33m?[39m [36mnull[39m [33m:[39m err[33m.[39mdetails [33m||[39m [36mnull[39m[33m;[39m
     [90m 48 |[39m
    [31m[1m>[22m[39m[90m 49 |[39m   console[33m.[39merror(
     [90m    |[39m           [31m[1m^[22m[39m
     [90m 50 |[39m     [32m`[ERROR] ${status} ${req.method} ${req.originalUrl} requestId=${requestId || 'n/a'}: ${originalMessage}`[39m[33m,[39m
     [90m 51 |[39m     err
     [90m 52 |[39m   )[33m;[39m[0m

      at error (src/middleware/errorHandler.js:49:11)
      at Layer.handle_error (node_modules/express/lib/router/layer.js:71:5)
      at trim_prefix (node_modules/express/lib/router/index.js:326:13)
      at node_modules/express/lib/router/index.js:286:9
      at router.process_params (node_modules/express/lib/router/index.js:346:12)
      at next (node_modules/express/lib/router/index.js:280:10)
      at Layer.handle_error (node_modules/express/lib/router/layer.js:67:12)
      at trim_prefix (node_modules/express/lib/router/index.js:326:13)
      at node_modules/express/lib/router/index.js:286:9
      at router.process_params (node_modules/express/lib/router/index.js:346:12)
      at next (node_modules/express/lib/router/index.js:280:10)
      at Layer.handle_error (node_modules/express/lib/router/layer.js:67:12)
      at trim_prefix (node_modules/express/lib/router/index.js:326:13)
      at node_modules/express/lib/router/index.js:286:9
      at router.process_params (node_modules/express/lib/router/index.js:346:12)
      at next (node_modules/express/lib/router/index.js:280:10)
      at node_modules/express/lib/router/index.js:646:15
      at Immediate.next (node_modules/express/lib/router/index.js:265:14)
      at Immediate._onImmediate (node_modules/express/lib/router/index.js:646:15)

  console.log
    [2026-05-13T12:10:42.651Z] GET / - 200 (4ms)

      at ServerResponse.log (src/middleware/requestLogger.js:11:13)

::ffff:127.0.0.1 - - [13/May/2026:12:10:42 +0000] "POST /api/v1/auth/logout HTTP/1.1" 401 432 "-" "-"
  console.log
    [2026-05-13T12:10:42.652Z] POST /api/v1/auth/logout - 401 (5ms)

      at ServerResponse.log (src/middleware/requestLogger.js:11:13)

::ffff:127.0.0.1 - - [13/May/2026:12:10:42 +0000] "GET /api/v1/marketplace/requests/export/history HTTP/1.1" 200 992 "-" "-"
  console.log
    [2026-05-13T12:10:42.654Z] GET /requests/export/history - 200 (1ms)

      at ServerResponse.log (src/middleware/requestLogger.js:11:13)

::ffff:127.0.0.1 - - [13/May/2026:12:10:42 +0000] "POST /api/v1/data-products/products/4af1d8df-37ed-42df-8476-8c7a84ded519/violations HTTP/1.1" 201 1450 "-" "-"
  console.log
    [2026-05-13T12:10:42.655Z] POST /products/4af1d8df-37ed-42df-8476-8c7a84ded519/violations - 201 (1ms)

      at ServerResponse.log (src/middleware/requestLogger.js:11:13)

PASS tests/unit/integrations-api.test.js
  Phase 9 - Integrations API QA
    ΓêÜ INTAPI-001: Rejects unauthenticated settings access (111 ms)
    ΓêÜ INTAPI-002: Rejects non-admin settings access (21 ms)
    ΓêÜ INTAPI-003: Returns settings for admin (5 ms)
    ΓêÜ INTAPI-004: Updates notifications and simulates dispatch (25 ms)
    ΓêÜ INTAPI-005: Manages webhook lifecycle endpoints (22 ms)
    ΓêÜ INTAPI-006: Manages object links endpoints (20 ms)
    ΓêÜ INTAPI-007: Runs CI/CD QA endpoints (19 ms)

::ffff:127.0.0.1 - - [13/May/2026:12:10:42 +0000] "POST /api/v1/auth/logout HTTP/1.1" 200 56 "-" "-"
::ffff:127.0.0.1 - - [13/May/2026:12:10:42 +0000] "GET /api/v1/products/certified HTTP/1.1" 200 4554 "-" "-"
  console.log
    [2026-05-13T12:10:42.659Z] GET /certified - 200 (3ms)

      at ServerResponse.log (src/middleware/requestLogger.js:11:13)

  console.log
    [2026-05-13T12:10:42.659Z] POST /logout - 200 (1ms)

      at ServerResponse.log (src/middleware/requestLogger.js:11:13)

PASS tests/unit/marketplace-api.test.js
  Phase 7 - Marketplace Access Workflow API
    ΓêÜ MKT-001: Rejects unauthenticated request creation (129 ms)
    ΓêÜ MKT-002: Creates request with submitted lifecycle state (7 ms)
    ΓêÜ MKT-003: Requester can list own requests (13 ms)
    ΓêÜ MKT-004: Non-admin cannot list all requests (19 ms)
    ΓêÜ MKT-005: Approver can transition request to approved (21 ms)
    ΓêÜ MKT-006: Admin can fulfill approved request (15 ms)
    ΓêÜ MKT-007: Admin can export request history (13 ms)

::ffff:127.0.0.1 - - [13/May/2026:12:10:42 +0000] "POST /api/v1/data-products/products HTTP/1.1" 201 766 "-" "-"
  console.log
    [2026-05-13T12:10:42.661Z] POST /products - 201 (0ms)

      at ServerResponse.log (src/middleware/requestLogger.js:11:13)

::ffff:127.0.0.1 - - [13/May/2026:12:10:42 +0000] "POST /api/v1/auth/callback HTTP/1.1" 200 113 "-" "-"
::ffff:127.0.0.1 - - [13/May/2026:12:10:42 +0000] "POST /api/v1/products HTTP/1.1" 400 383 "-" "-"
  console.log
    [2026-05-13T12:10:42.664Z] POST /callback - 200 (1ms)

      at ServerResponse.log (src/middleware/requestLogger.js:11:13)

  console.log
    [2026-05-13T12:10:42.664Z] POST / - 400 (1ms)

      at ServerResponse.log (src/middleware/requestLogger.js:11:13)

::ffff:127.0.0.1 - - [13/May/2026:12:10:42 +0000] "GET /api/v1/data-products/contracts/export/compliance HTTP/1.1" 200 365 "-" "-"
  console.log
    [2026-05-13T12:10:42.666Z] GET /contracts/export/compliance - 200 (1ms)

      at ServerResponse.log (src/middleware/requestLogger.js:11:13)

::ffff:127.0.0.1 - - [13/May/2026:12:10:42 +0000] "POST /api/v1/auth/refresh HTTP/1.1" 400 399 "-" "-"
::ffff:127.0.0.1 - - [13/May/2026:12:10:42 +0000] "GET /api/v1/products/non-existent-product HTTP/1.1" 404 457 "-" "-"
  console.log
    [2026-05-13T12:10:42.669Z] POST /refresh - 400 (1ms)

      at ServerResponse.log (src/middleware/requestLogger.js:11:13)

  console.log
    [2026-05-13T12:10:42.669Z] GET /non-existent-product - 404 (2ms)

      at ServerResponse.log (src/middleware/requestLogger.js:11:13)

::ffff:127.0.0.1 - - [13/May/2026:12:10:42 +0000] "GET /api/v1/data-products/contracts/export/compliance HTTP/1.1" 403 477 "-" "-"
  console.log
    [2026-05-13T12:10:42.670Z] GET /contracts/export/compliance - 403 (0ms)

      at ServerResponse.log (src/middleware/requestLogger.js:11:13)

::ffff:127.0.0.1 - - [13/May/2026:12:10:42 +0000] "POST /api/v1/auth/refresh HTTP/1.1" 200 776 "-" "-"
  console.log
    [2026-05-13T12:10:42.675Z] POST /refresh - 200 (1ms)

      at ServerResponse.log (src/middleware/requestLogger.js:11:13)

::ffff:127.0.0.1 - - [13/May/2026:12:10:42 +0000] "PUT /api/v1/products/non-existent-product HTTP/1.1" 404 457 "-" "-"
  console.log
    [2026-05-13T12:10:42.676Z] PUT /non-existent-product - 404 (3ms)

      at ServerResponse.log (src/middleware/requestLogger.js:11:13)

PASS tests/unit/data-products-api.test.js
  Phase 7 - Data Product Contracts API
    ΓêÜ DPC-001: Creates a data product in draft state (105 ms)
    ΓêÜ DPC-002: Owner adds contract version with SLA fields (20 ms)
    ΓêÜ DPC-003: Non-owner/steward cannot add contract version (17 ms)
    ΓêÜ DPC-004: Steward transitions draft -> review -> published (19 ms)
    ΓêÜ DPC-005: Records violation and reflects open violation count (13 ms)
    ΓêÜ DPC-006: Admin can export contract compliance (11 ms)
    ΓêÜ DPC-007: Non-admin export is forbidden (3 ms)

PASS tests/unit/products-api.test.js
  Products API
    ΓêÜ PROD-001: rejects unauthenticated access (128 ms)
    ΓêÜ PROD-002: lists products for authenticated user (34 ms)
    ΓêÜ PROD-003: creates, retrieves, updates, and filters a product (103 ms)
    ΓêÜ PROD-004: returns expected errors for invalid operations (17 ms)

  console.error
    Token verification failed: jwt malformed

    [0m [90m 62 |[39m     [36mreturn[39m jwt[33m.[39mverify(token[33m,[39m [33mJWT_SECRET[39m[33m,[39m { algorithms[33m:[39m [[32m'HS256'[39m] })[33m;[39m
     [90m 63 |[39m   } [36mcatch[39m (err) {
    [31m[1m>[22m[39m[90m 64 |[39m     console[33m.[39merror([32m'Token verification failed:'[39m[33m,[39m err[33m.[39mmessage)[33m;[39m
     [90m    |[39m             [31m[1m^[22m[39m
     [90m 65 |[39m     [36mreturn[39m [36mnull[39m[33m;[39m
     [90m 66 |[39m   }
     [90m 67 |[39m }[0m

      at error (src/utils/tokenManager.js:64:13)
      at src/api/auth.js:109:21
      at handler (src/utils/apiRouter.js:14:22)
      at Layer.handle [as handle_request] (node_modules/express/lib/router/layer.js:95:5)
      at next (node_modules/express/lib/router/route.js:149:13)
      at Route.dispatch (node_modules/express/lib/router/route.js:119:3)
      at Layer.handle [as handle_request] (node_modules/express/lib/router/layer.js:95:5)
      at node_modules/express/lib/router/index.js:284:15
      at router.process_params (node_modules/express/lib/router/index.js:346:12)
      at next (node_modules/express/lib/router/index.js:280:10)
      at router.handle (node_modules/express/lib/router/index.js:175:3)
      at router (node_modules/express/lib/router/index.js:47:12)
      at Layer.handle [as handle_request] (node_modules/express/lib/router/layer.js:95:5)
      at trim_prefix (node_modules/express/lib/router/index.js:328:13)
      at node_modules/express/lib/router/index.js:286:9
      at router.process_params (node_modules/express/lib/router/index.js:346:12)
      at next (node_modules/express/lib/router/index.js:280:10)
      at router.handle (node_modules/express/lib/router/index.js:175:3)
      at router (node_modules/express/lib/router/index.js:47:12)
      at Layer.handle [as handle_request] (node_modules/express/lib/router/layer.js:95:5)
      at trim_prefix (node_modules/express/lib/router/index.js:328:13)
      at node_modules/express/lib/router/index.js:286:9
      at router.process_params (node_modules/express/lib/router/index.js:346:12)
      at next (node_modules/express/lib/router/index.js:280:10)
      at next (src/middleware/performanceMonitor.js:19:3)
      at Layer.handle [as handle_request] (node_modules/express/lib/router/layer.js:95:5)
      at trim_prefix (node_modules/express/lib/router/index.js:328:13)
      at node_modules/express/lib/router/index.js:286:9
      at router.process_params (node_modules/express/lib/router/index.js:346:12)
      at next (node_modules/express/lib/router/index.js:280:10)
      at next (src/middleware/requestLogger.js:16:3)
      at Layer.handle [as handle_request] (node_modules/express/lib/router/layer.js:95:5)
      at trim_prefix (node_modules/express/lib/router/index.js:328:13)
      at node_modules/express/lib/router/index.js:286:9
      at router.process_params (node_modules/express/lib/router/index.js:346:12)
      at next (node_modules/express/lib/router/index.js:280:10)
      at next (src/app.js:108:5)
      at Layer.handle [as handle_request] (node_modules/express/lib/router/layer.js:95:5)
      at trim_prefix (node_modules/express/lib/router/index.js:328:13)
      at node_modules/express/lib/router/index.js:286:9
      at router.process_params (node_modules/express/lib/router/index.js:346:12)
      at next (node_modules/express/lib/router/index.js:280:10)
      at logger (node_modules/morgan/index.js:144:5)
      at Layer.handle [as handle_request] (node_modules/express/lib/router/layer.js:95:5)
      at trim_prefix (node_modules/express/lib/router/index.js:328:13)
      at node_modules/express/lib/router/index.js:286:9
      at router.process_params (node_modules/express/lib/router/index.js:346:12)
      at next (node_modules/express/lib/router/index.js:280:10)
      at urlencodedParser (node_modules/body-parser/lib/types/urlencoded.js:82:7)
      at Layer.handle [as handle_request] (node_modules/express/lib/router/layer.js:95:5)
      at trim_prefix (node_modules/express/lib/router/index.js:328:13)
      at node_modules/express/lib/router/index.js:286:9
      at router.process_params (node_modules/express/lib/router/index.js:346:12)
      at next (node_modules/express/lib/router/index.js:280:10)
      at node_modules/body-parser/lib/read.js:137:5
      at invokeCallback (node_modules/raw-body/index.js:238:16)
      at done (node_modules/raw-body/index.js:227:7)
      at IncomingMessage.onEnd (node_modules/raw-body/index.js:287:7)

::ffff:127.0.0.1 - - [13/May/2026:12:10:42 +0000] "POST /api/v1/auth/refresh HTTP/1.1" 401 399 "-" "-"
  console.log
    [2026-05-13T12:10:42.683Z] POST /refresh - 401 (4ms)

      at ServerResponse.log (src/middleware/requestLogger.js:11:13)

PASS tests/unit/auth.test.js
  Authentication Routes
    POST /api/v1/auth/login
      ΓêÜ should return redirect URL when no email provided (103 ms)
      ΓêÜ should create user and return token when email provided (15 ms)
    GET /api/v1/auth/me
      ΓêÜ should return 401 when no token provided (48 ms)
      ΓêÜ should return 401 when invalid token provided (19 ms)
      ΓêÜ should return user when valid token provided (10 ms)
    POST /api/v1/auth/logout
      ΓêÜ should return 401 when no token provided (11 ms)
      ΓêÜ should return success when valid token provided (7 ms)
    POST /api/v1/auth/callback
      ΓêÜ should accept callback with code and state (4 ms)
    POST /api/v1/auth/refresh
      ΓêÜ should return 400 when refresh token not provided (5 ms)
      ΓêÜ should refresh access token and rotate refresh token (6 ms)
      ΓêÜ should reject invalid refresh token (8 ms)

::ffff:127.0.0.1 - - [13/May/2026:12:10:43 +0000] "POST /api/v1/ingestion/validate HTTP/1.1" 200 98 "-" "-"
  console.log
    [2026-05-13T12:10:43.589Z] POST /validate - 200 (1275ms)

      at ServerResponse.log (src/middleware/requestLogger.js:11:13)

  console.error
    Error reading directory ./does-not-exist: ENOENT: no such file or directory, scandir 'C:\projects\Data Governence\does-not-exist'

    [0m [90m 104 |[39m       }
     [90m 105 |[39m     } [36mcatch[39m (err) {
    [31m[1m>[22m[39m[90m 106 |[39m       console[33m.[39merror([32m`Error reading directory ${currentPath}:`[39m[33m,[39m err[33m.[39mmessage)[33m;[39m
     [90m     |[39m               [31m[1m^[22m[39m
     [90m 107 |[39m     }
     [90m 108 |[39m   }
     [90m 109 |[39m[0m

      at walkDir (src/services/markdownService.js:106:15)
      at getMarkdownFiles (src/services/markdownService.js:110:3)
      at loadAllMarkdown (src/services/markdownService.js:123:21)
      at src/api/ingestion.js:302:21
      at handler (src/utils/apiRouter.js:14:22)
      at Layer.handle [as handle_request] (node_modules/express/lib/router/layer.js:95:5)
      at next (node_modules/express/lib/router/route.js:149:13)
      at next (src/middleware/auth.js:52:10)
      at handler (src/utils/apiRouter.js:14:22)
      at Layer.handle [as handle_request] (node_modules/express/lib/router/layer.js:95:5)
      at next (node_modules/express/lib/router/route.js:149:13)
      at next (src/middleware/auth.js:32:12)
      at handler (src/utils/apiRouter.js:14:22)
      at Layer.handle [as handle_request] (node_modules/express/lib/router/layer.js:95:5)
      at next (node_modules/express/lib/router/route.js:149:13)
      at Route.dispatch (node_modules/express/lib/router/route.js:119:3)
      at Layer.handle [as handle_request] (node_modules/express/lib/router/layer.js:95:5)
      at node_modules/express/lib/router/index.js:284:15
      at router.process_params (node_modules/express/lib/router/index.js:346:12)
      at next (node_modules/express/lib/router/index.js:280:10)
      at router.handle (node_modules/express/lib/router/index.js:175:3)
      at router (node_modules/express/lib/router/index.js:47:12)
      at Layer.handle [as handle_request] (node_modules/express/lib/router/layer.js:95:5)
      at trim_prefix (node_modules/express/lib/router/index.js:328:13)
      at node_modules/express/lib/router/index.js:286:9
      at router.process_params (node_modules/express/lib/router/index.js:346:12)
      at next (node_modules/express/lib/router/index.js:280:10)
      at router.handle (node_modules/express/lib/router/index.js:175:3)
      at router (node_modules/express/lib/router/index.js:47:12)
      at Layer.handle [as handle_request] (node_modules/express/lib/router/layer.js:95:5)
      at trim_prefix (node_modules/express/lib/router/index.js:328:13)
      at node_modules/express/lib/router/index.js:286:9
      at router.process_params (node_modules/express/lib/router/index.js:346:12)
      at next (node_modules/express/lib/router/index.js:280:10)
      at next (src/middleware/performanceMonitor.js:19:3)
      at Layer.handle [as handle_request] (node_modules/express/lib/router/layer.js:95:5)
      at trim_prefix (node_modules/express/lib/router/index.js:328:13)
      at node_modules/express/lib/router/index.js:286:9
      at router.process_params (node_modules/express/lib/router/index.js:346:12)
      at next (node_modules/express/lib/router/index.js:280:10)
      at next (src/middleware/requestLogger.js:16:3)
      at Layer.handle [as handle_request] (node_modules/express/lib/router/layer.js:95:5)
      at trim_prefix (node_modules/express/lib/router/index.js:328:13)
      at node_modules/express/lib/router/index.js:286:9
      at router.process_params (node_modules/express/lib/router/index.js:346:12)
      at next (node_modules/express/lib/router/index.js:280:10)
      at next (src/app.js:108:5)
      at Layer.handle [as handle_request] (node_modules/express/lib/router/layer.js:95:5)
      at trim_prefix (node_modules/express/lib/router/index.js:328:13)
      at node_modules/express/lib/router/index.js:286:9
      at router.process_params (node_modules/express/lib/router/index.js:346:12)
      at next (node_modules/express/lib/router/index.js:280:10)
      at logger (node_modules/morgan/index.js:144:5)
      at Layer.handle [as handle_request] (node_modules/express/lib/router/layer.js:95:5)
      at trim_prefix (node_modules/express/lib/router/index.js:328:13)
      at node_modules/express/lib/router/index.js:286:9
      at router.process_params (node_modules/express/lib/router/index.js:346:12)
      at next (node_modules/express/lib/router/index.js:280:10)
      at urlencodedParser (node_modules/body-parser/lib/types/urlencoded.js:82:7)
      at Layer.handle [as handle_request] (node_modules/express/lib/router/layer.js:95:5)
      at trim_prefix (node_modules/express/lib/router/index.js:328:13)
      at node_modules/express/lib/router/index.js:286:9
      at router.process_params (node_modules/express/lib/router/index.js:346:12)
      at next (node_modules/express/lib/router/index.js:280:10)
      at node_modules/body-parser/lib/read.js:137:5
      at invokeCallback (node_modules/raw-body/index.js:238:16)
      at done (node_modules/raw-body/index.js:227:7)
      at IncomingMessage.onEnd (node_modules/raw-body/index.js:287:7)

::ffff:127.0.0.1 - - [13/May/2026:12:10:43 +0000] "POST /api/v1/ingestion/load HTTP/1.1" 400 395 "-" "-"
  console.log
    [2026-05-13T12:10:43.602Z] POST /load - 400 (10ms)

      at ServerResponse.log (src/middleware/requestLogger.js:11:13)

::ffff:127.0.0.1 - - [13/May/2026:12:10:43 +0000] "GET /api/v1/ingestion/status HTTP/1.1" 200 363 "-" "-"
  console.log
    [2026-05-13T12:10:43.642Z] GET /status - 200 (36ms)

      at ServerResponse.log (src/middleware/requestLogger.js:11:13)

::ffff:127.0.0.1 - - [13/May/2026:12:10:43 +0000] "GET /api/v1/ingestion/export-zip?dataPath=./missing-dir-for-test HTTP/1.1" 404 534 "-" "-"
  console.log
    [2026-05-13T12:10:43.647Z] GET /export-zip - 404 (1ms)

      at ServerResponse.log (src/middleware/requestLogger.js:11:13)

::ffff:127.0.0.1 - - [13/May/2026:12:10:43 +0000] "POST /api/v1/ingestion/connect-sql-server HTTP/1.1" 400 435 "-" "-"
  console.log
    [2026-05-13T12:10:43.652Z] POST /connect-sql-server - 400 (3ms)

      at ServerResponse.log (src/middleware/requestLogger.js:11:13)

::ffff:127.0.0.1 - - [13/May/2026:12:10:43 +0000] "POST /api/v1/ingestion/connect-sql-server/discover HTTP/1.1" 400 444 "-" "-"
  console.log
    [2026-05-13T12:10:43.655Z] POST /connect-sql-server/discover - 400 (1ms)

      at ServerResponse.log (src/middleware/requestLogger.js:11:13)

FAIL tests/unit/ingestion-api.test.js
  Ingestion API
    ΓêÜ ING-001: parse endpoint validates required filePath (69 ms)
    ΓêÜ ING-002: parse-content rejects invalid payload (7 ms)
    ΓêÜ ING-003: parse-content accepts valid markdown payload (15 ms)
    ΓêÜ ING-004: validate endpoint returns summary for admin (1282 ms)
    ΓêÜ ING-005: load endpoint returns no data for invalid path (14 ms)
    ├ù ING-006: status endpoint returns ingestion state (40 ms)
    ΓêÜ ING-007: export-zip returns 404 for missing directory (4 ms)
    ΓêÜ ING-008: connect-sql-server validates required connection fields (5 ms)
    ΓêÜ ING-009: connect-sql-server/discover validates required fields (3 ms)

  ΓùÅ Ingestion API ΓÇ║ ING-006: status endpoint returns ingestion state

    expect(received).toHaveProperty(path)

    Expected path: "meilisearchHealthy"
    Received path: []

    Received value: {"elasticsearchHealthy": true, "elasticsearchUrl": "https://localhost:9200", "indexName": "objects", "lastDataPath": "./data/markdown", 
"lastGeneratedPath": null, "lastLoadedAt": null, "lastUpdated": "2026-05-13T12:10:43.641Z", "lastValidatedAt": "2026-05-13T12:10:43.588Z", 
"loadedObjectCount": 0, "status": "ready"}

    [0m [90m 79 |[39m     expect(res[33m.[39mstatus)[33m.[39mtoBe([35m200[39m)[33m;[39m
     [90m 80 |[39m     expect(res[33m.[39mbody[33m.[39mstatus)[33m.[39mtoBe([32m'success'[39m)[33m;[39m
    [31m[1m>[22m[39m[90m 81 |[39m     expect(res[33m.[39mbody[33m.[39mdata)[33m.[39mtoHaveProperty([32m'meilisearchHealthy'[39m)[33m;[39m
     [90m    |[39m                           [31m[1m^[22m[39m
     [90m 82 |[39m     expect(res[33m.[39mbody[33m.[39mdata)[33m.[39mtoHaveProperty([32m'lastUpdated'[39m)[33m;[39m
     [90m 83 |[39m   })[33m;[39m
     [90m 84 |[39m[0m

      at Object.<anonymous> (tests/unit/ingestion-api.test.js:81:27)

------------------------|---------|----------|---------|---------|-------------------
File                    | % Stmts | % Branch | % Funcs | % Lines | Uncovered Line #s 
------------------------|---------|----------|---------|---------|-------------------
All files               |   96.83 |    81.97 |   94.87 |   98.09 |                   
 src                    |   98.21 |      100 |   83.33 |   98.21 |                   
  app.js                |   98.21 |      100 |   83.33 |   98.21 | 186               
 src/middleware         |   96.59 |       77 |     100 |   98.76 |                   
  auth.js               |     100 |      100 |     100 |     100 |                   
  errorHandler.js       |   94.11 |    69.73 |     100 |   97.72 | 25                
  performanceMonitor.js |     100 |      100 |     100 |     100 |                   
  requestLogger.js      |     100 |      100 |     100 |     100 |                   
 src/utils              |    96.1 |    88.57 |      95 |   97.26 |                   
  apiRouter.js          |     100 |      100 |     100 |     100 |                   
  config.js             |   71.42 |    92.85 |       0 |   83.33 | 26                
  entraConfig.js        |     100 |    92.85 |     100 |     100 | 14                
  tokenManager.js       |     100 |       90 |     100 |     100 | 23-24             
  ttlCache.js           |   95.45 |    66.66 |     100 |   95.45 | 21                
------------------------|---------|----------|---------|---------|-------------------
Summary of all failing tests
FAIL tests/unit/ingestion-api.test.js
  ΓùÅ Ingestion API ΓÇ║ ING-006: status endpoint returns ingestion state

    expect(received).toHaveProperty(path)

    Expected path: "meilisearchHealthy"
    Received path: []

    Received value: {"elasticsearchHealthy": true, "elasticsearchUrl": "https://localhost:9200", "indexName": "objects", "lastDataPath": "./data/markdown", 
"lastGeneratedPath": null, "lastLoadedAt": null, "lastUpdated": "2026-05-13T12:10:43.641Z", "lastValidatedAt": "2026-05-13T12:10:43.588Z", 
"loadedObjectCount": 0, "status": "ready"}

    [0m [90m 79 |[39m     expect(res[33m.[39mstatus)[33m.[39mtoBe([35m200[39m)[33m;[39m
     [90m 80 |[39m     expect(res[33m.[39mbody[33m.[39mstatus)[33m.[39mtoBe([32m'success'[39m)[33m;[39m
    [31m[1m>[22m[39m[90m 81 |[39m     expect(res[33m.[39mbody[33m.[39mdata)[33m.[39mtoHaveProperty([32m'meilisearchHealthy'[39m)[33m;[39m
     [90m    |[39m                           [31m[1m^[22m[39m
     [90m 82 |[39m     expect(res[33m.[39mbody[33m.[39mdata)[33m.[39mtoHaveProperty([32m'lastUpdated'[39m)[33m;[39m
     [90m 83 |[39m   })[33m;[39m
     [90m 84 |[39m[0m

      at Object.<anonymous> (tests/unit/ingestion-api.test.js:81:27)


Test Suites: 1 failed, 28 passed, 29 total
Tests:       1 failed, 395 passed, 396 total
Snapshots:   0 total
Time:        5.343 s
Ran all test suites.
